03-01 16:10:37.091 I/UnifiedAd_buz_base_AdConfigNetService( 8353): request , onResponse , costTime=1456 , jsonString={"ret":"0","errmsg":"success","systime":"1772352634","logid":"2026030116103419B2450223CDADC99478","data":{"ad_component_list":[{"component_name":"ai_template_use","component_id":"10012","ad_loading_timeout":60000,"loading_popup_timeout":5000,"loading_popup":{"cancel_after":0,"delay_time":0,"enable_cancel":false,"loading_text_key":"m10n_watch_ad_toast_loading_ad","timeout":5000},"ad_config_list":[{"ad_platform":"sapp","ad_type":"reward","ad_params":{"ad_unit_id":"100009840","ad_placement_id":"ai_template_use_v1"}}]}],"vids":"70740906,71921465,72104321,72306719,72307009,72392757,72496437,72514188,72620020,72639032,72690971,72690977,72866864,73057650,73098828,73208107,73427656,73452500,73589144,73693855,73732004,73827979,73946871,73970676,74215300,74237090,74239919,74297031,74307843,74376093,74381898,74383772,74385087,74385563,74388171,74394239,74404384,74428624,74428809,74466431,74504248,74550954,74636481,74657368,74705668,74712642,74775497,74815144,74828055,74828296,74858367,74974910,74976459,75043394,75049686,75058639,75058730,75073213,75076700,75111896,75146693,75159272,75188927,75233066,75240967,75260339,75279364,75352900,75382356,75387440,75449829,75459790,75471547,75484674,75484866,75493338,75493383,75522152,75524991,75545791,75545996,75556391,75559622,75572098,75574881,75582896,75584617,75586651,75589783,75589975,75591119,75601658,75603715"}}
03-01 16:10:37.100 I/UnifiedAd_buz_base_AdConfigNetService( 8353): request , RET_SUCCESS
03-01 16:10:37.101 I/UnifiedAd_buz_base_AdConfigNetService( 8353): requestConfig onSuccess , responseJsonString={"ret":"0","errmsg":"success","systime":"1772352634","logid":"2026030116103419B2450223CDADC99478","data":{"ad_component_list":[{"component_name":"ai_template_use","component_id":"10012","ad_loading_timeout":60000,"loading_popup_timeout":5000,"loading_popup":{"cancel_after":0,"delay_time":0,"enable_cancel":false,"loading_text_key":"m10n_watch_ad_toast_loading_ad","timeout":5000},"ad_config_list":[{"ad_platform":"sapp","ad_type":"reward","ad_params":{"ad_unit_id":"100009840","ad_placement_id":"ai_template_use_v1"}}]}],"vids":"70740906,71921465,72104321,72306719,72307009,72392757,72496437,72514188,72620020,72639032,72690971,72690977,72866864,73057650,73098828,73208107,73427656,73452500,73589144,73693855,73732004,73827979,73946871,73970676,74215300,74237090,74239919,74297031,74307843,74376093,74381898,74383772,74385087,74385563,74388171,74394239,74404384,74428624,74428809,74466431,74504248,74550954,74636481,74657368,74705668,74712642,74775497,74815144,74828055,74828296,74858367,74974910,74976459,75043394,75049686,75058639,75058730,75073213,75076700,75111896,75146693,75159272,75188927,75233066,75240967,75260339,75279364,75352900,75382356,75387440,75449829,75459790,75471547,75484674,75484866,75493338,75493383,75522152,75524991,75545791,75545996,75556391,75559622,75572098,75574881,75582896,75584617,75586651,75589783,75589975,75591119,75601658,75603715"}}
03-01 16:10:37.134 E/SELinux (  601): avc:  denied  { find } for pid=14877 uid=10500 name=window scontext=u:r:untrusted_app:s0:c244,c257,c512,c768 tcontext=u:object_r:window_service:s0 tclass=service_manager permissive=0
03-01 16:10:37.135 W/cmd     (14877): Can't find service window
03-01 16:10:37.173 I/ResourceManager( 8353): NetResponse body size=217
03-01 16:10:37.173 I/respool.RES_POOL_SDK( 8353): logid:20260301161034DB87A174FE427A2EF4CD
03-01 16:10:37.173 E/respool.RES_POOL_SDK( 8353): ArtistPanelInfoNetwork, request, error_code=-5, error_message=shark block reinstall, request_param={"compress_data":false,"enter_from":"","get_all_resource":false,"pack_optional":{"fav_scene":null,"image_pack_param":null,"large_image_formats":[],"need_collection_id":false,"need_contract":false,"need_favorite_info":false,"need_operation_tag":false,"need_parent_tag":false,"need_tag":true,"need_thumb":false,"need_translate_custom_field":false,"tag_one_level":null},"panel":"system-fonts-cc4b","panel_source":"","strategy_extra":"{\"fonts_lan_params\":{\"my_fonts\":[],\"system_lan\":\"zh-Hans\",\"fonts_text\":\"不需军师用我的方法去实现\"}}","version_type":1}, url=https://editor-api.capcutapi.com/artist/v1/panel/get_panel_info
03-01 16:10:37.173 I/respool.RES_POOL_SDK( 8353): set output to input: ArtistPanelInfoNetwork ---> ArtistPanelInfoCheckUpdate
03-01 16:10:37.173 I/respool.RES_POOL_SDK( 8353): set output to input: ArtistPanelInfoNetwork ---> ArtistPanelInfoSaveCache
03-01 16:10:37.173 I/respool.RES_POOL_SDK( 8353): set output to input: ArtistPanelInfoNetwork ---> ArtistPanelInfoResult
03-01 16:10:37.191 D/PackageManager( 1876): set app  component=ComponentInfo{com.android.vending/com.android.vending.AssetBrowserActivity} enabled state: 1 from null,uid=10145,pid=14549
03-01 16:10:37.193 W/Settings(14549): Setting download_manager_max_bytes_over_mobile has moved from android.provider.Settings.Secure to android.provider.Settings.Global.
03-01 16:10:37.195 I/ResourceManager( 8353): NetResponse body size=217
03-01 16:10:37.195 I/respool.RES_POOL_SDK( 8353): ArtistPanelInfoCheckUpdate::run
03-01 16:10:37.195 I/respool.RES_POOL_SDK( 8353): ArtistPanelInfoSaveCache::run
03-01 16:10:37.195 I/respool.RES_POOL_SDK( 8353): ArtistPanelInfoResult::run
03-01 16:10:37.195 E/ResPoolRepository( 8353): material load: getArtistsPanelInfo failed[panel=system-fonts-cc4b][errorMsg=shark block reinstall][logID=20260301161034DB87A174FE427A2EF4CD]
03-01 16:10:37.196 W/respool.RES_POOL_SDK( 8353): node output is nullptr, node_name=ArtistPanelInfoResult, node_id=Node-@DUDL78N-5XBV-T4BO-PCX7-0JNYL92WZ0IF
03-01 16:10:37.196 I/ResPoolRepository( 8353): material load getArtistsCategoryEffects start [panel=system-fonts-cc4b][cid=-1][key=all][ps=50][cursor=0]
03-01 16:10:37.196 I/respool.RES_POOL_SDK( 8353): ArtistPanelInfoCheckUpdateEnd::run
03-01 16:10:37.196 I/respool.RES_POOL_SDK( 8353): end run task, name=get_panel_info, id=Task-Q0YPFGK-9C6Q-PDH4-IID0-AULW5733ONFS
03-01 16:10:37.196 I/respool.RES_POOL_SDK( 8353): Task::~Task get_panel_info-Task-Q0YPFGK-9C6Q-PDH4-IID0-AULW5733ONFS
03-01 16:10:37.196 I/respool.RES_POOL_SDK( 8353): ArtistPanelInfoResult::~ArtistPanelInfoResult
03-01 16:10:37.197 I/respool.RES_POOL_SDK( 8353): UpperResultCallback::~UpperResultCallback
03-01 16:10:37.197 I/ResourceManager( 8353): ###-###-### get artistsPool
03-01 16:10:37.197 I/respool.RES_POOL_SDK( 8353): ArtistPanelInfoSaveCache::~ArtistPanelInfoSaveCache
03-01 16:10:37.197 I/respool.RES_POOL_SDK( 8353): ArtistPanelInfoCheckUpdate::~ArtistPanelInfoCheckUpdate
03-01 16:10:37.197 I/respool.RES_POOL_SDK( 8353): ArtistPanelInfoNetwork::~ArtistPanelInfoNetwork
03-01 16:10:37.197 I/respool.RES_POOL_SDK( 8353): ArtistNetworkNode::~ArtistNetworkNode
03-01 16:10:37.197 I/respool.RES_POOL_SDK( 8353): ArtistPanelInfoFetchCache::~ArtistPanelInfoFetchCache
03-01 16:10:37.197 I/respool.RES_POOL_SDK( 8353): ArtistPanelInfoCheckUpdateEnd::~ArtistPanelInfoCheckUpdateEnd
03-01 16:10:37.198 E/SELinux (  601): avc:  denied  { find } for pid=14881 uid=10500 name=window scontext=u:r:untrusted_app:s0:c244,c257,c512,c768 tcontext=u:object_r:window_service:s0 tclass=service_manager permissive=0
03-01 16:10:37.200 W/cmd     (14881): Can't find service window
03-01 16:10:37.205 I/respool.RES_POOL_SDK( 8353): [ResPool] ArtistRequest::artistCategoryEffectsRequest panel=system-fonts-cc4b, category_key=all
03-01 16:10:37.205 I/respool.RES_POOL_SDK( 8353): UpperResultCallback::UpperResultCallback
03-01 16:10:37.205 I/respool.RES_POOL_SDK( 8353): ArtistEffectsFetchCache::ArtistEffectsFetchCache
03-01 16:10:37.206 I/respool.RES_POOL_SDK( 8353): ArtistEffectsIntelligent::ArtistEffectsIntelligent
03-01 16:10:37.206 I/respool.RES_POOL_SDK( 8353): ArtistEffectsCheckUpdate::ArtistEffectsCheckUpdate
03-01 16:10:37.206 I/respool.RES_POOL_SDK( 8353): ArtistNetworkNode::ArtistNetworkNode
03-01 16:10:37.206 I/respool.RES_POOL_SDK( 8353): ArtistEffectsNetwork::ArtistEffectsNetwork
03-01 16:10:37.206 I/respool.RES_POOL_SDK( 8353): ArtistEffectsSaveCache::ArtistEffectsSaveCache
03-01 16:10:37.206 I/respool.RES_POOL_SDK( 8353): ArtistEffectsResult::ArtistEffectsResult
03-01 16:10:37.206 I/respool.RES_POOL_SDK( 8353): ArtistEffectsCheckUpdateEnd::ArtistEffectsCheckUpdateEnd
03-01 16:10:37.206 I/respool.RES_POOL_SDK( 8353): TaskContext::~TaskContext
03-01 16:10:37.206 I/respool.RES_POOL_SDK( 8353): logid:20260301161034079E754E9E6F92240139
03-01 16:10:37.206 E/respool.RES_POOL_SDK( 8353): ArtistItemNetwork, request, error_code=-5, error_message=shark block reinstall, request_param={"app_id":3006,"id_list":["7411069719752609029"],"replicate_sdk_version":"162.0.0","scene":""}, url=https://editor-api.capcutapi.com/artist/v1/effect/mget_artist_item
03-01 16:10:37.206 I/respool.RES_POOL_SDK( 8353): set output to input: ArtistItemNetwork ---> ArtistItemSaveCache
03-01 16:10:37.206 I/respool.RES_POOL_SDK( 8353): set output to input: ArtistItemNetwork ---> ArtistItemResult
03-01 16:10:37.207 I/Finsky  (14549): [108521] SettingNotFoundException, fall through to G.downloadBytesOverMobileMaximum
03-01 16:10:37.208 W/Settings(14549): Setting download_manager_recommended_max_bytes_over_mobile has moved from android.provider.Settings.Secure to android.provider.Settings.Global.
03-01 16:10:37.210 I/Finsky  (14549): [108521] registerListener
03-01 16:10:37.214 I/respool.RES_POOL_SDK( 8353): ArtistItemSaveCache::run
03-01 16:10:37.214 I/respool.RES_POOL_SDK( 8353): ArtistItemResult::run
03-01 16:10:37.216 E/ResPoolRepository( 8353): material load: getArtistsEffectByIds failed[ids=[7411069719752609029]][errorMsg=shark block reinstall][logID=20260301161034079E754E9E6F92240139]
03-01 16:10:37.216 W/respool.RES_POOL_SDK( 8353): node output is nullptr, node_name=ArtistItemResult, node_id=Node-PBZBPI8-B0H6-ZKDW-EHIV-0P90VATJI6VP
03-01 16:10:37.217 I/ResPoolRepository( 8353): material load getEffectByIds1 start [csize=1]
03-01 16:10:37.217 I/Finsky  (14549): [108521] DFS: Listener added for ryr@5e518fe
03-01 16:10:37.217 I/ResourceManager( 8353): ###-###-### get artistsPool
03-01 16:10:37.217 I/Finsky  (14549): [108521] registerListener
03-01 16:10:37.217 I/respool.RES_POOL_SDK( 8353): [ResPool] ArtistRequest::artistMgetItemEffect ids_size=1
03-01 16:10:37.217 I/respool.RES_POOL_SDK( 8353): UpperResultCallback::UpperResultCallback
03-01 16:10:37.217 I/respool.RES_POOL_SDK( 8353): MgetItemFetchCache::MgetItemFetchCache
03-01 16:10:37.217 I/respool.RES_POOL_SDK( 8353): ArtistNetworkNode::ArtistNetworkNode
03-01 16:10:37.217 I/respool.RES_POOL_SDK( 8353): MgetItemNetwork::MgetItemNetwork
03-01 16:10:37.217 I/respool.RES_POOL_SDK( 8353): MgetItemSaveCache::MgetItemSaveCache
03-01 16:10:37.217 I/respool.RES_POOL_SDK( 8353): MgetItemResult::MgetItemResult
03-01 16:10:37.221 I/Finsky  (14549): [108545] Initializing pausers from value store.
03-01 16:10:37.225 I/ResourceManager( 8353): NetResponse body size=217
03-01 16:10:37.225 I/respool.RES_POOL_SDK( 8353): logid:2026030116103451093C5174AD1D23512C
03-01 16:10:37.229 E/respool.RES_POOL_SDK( 8353): ArtistPanelInfoNetwork, request, error_code=-5, error_message=shark block reinstall, request_param={"compress_data":false,"enter_from":"","get_all_resource":false,"pack_optional":{"fav_scene":null,"image_pack_param":null,"large_image_formats":[],"need_collection_id":false,"need_contract":false,"need_favorite_info":false,"need_operation_tag":false,"need_parent_tag":false,"need_tag":true,"need_thumb":false,"need_translate_custom_field":false,"tag_one_level":null},"panel":"system-fonts-cc4b","panel_source":"","strategy_extra":"{\"fonts_lan_params\":{\"my_fonts\":[],\"system_lan\":\"zh-Hans\",\"fonts_text\":\"不需军师用我的方法去实现\"}}","version_type":1}, url=https://editor-api.capcutapi.com/artist/v1/panel/get_panel_info
03-01 16:10:37.229 I/respool.RES_POOL_SDK( 8353): set output to input: ArtistPanelInfoNetwork ---> ArtistPanelInfoCheckUpdate
03-01 16:10:37.229 I/respool.RES_POOL_SDK( 8353): set output to input: ArtistPanelInfoNetwork ---> ArtistPanelInfoSaveCache
03-01 16:10:37.229 I/respool.RES_POOL_SDK( 8353): set output to input: ArtistPanelInfoNetwork ---> ArtistPanelInfoResult
03-01 16:10:37.229 I/respool.RES_POOL_SDK( 8353): ArtistPanelInfoCheckUpdate::run
03-01 16:10:37.232 I/respool.RES_POOL_SDK( 8353): ArtistPanelInfoSaveCache::run
03-01 16:10:37.232 I/respool.RES_POOL_SDK( 8353): ArtistPanelInfoResult::run
03-01 16:10:37.232 E/ResPoolRepository( 8353): material load: getArtistsPanelInfo failed[panel=system-fonts-cc4b][errorMsg=shark block reinstall][logID=2026030116103451093C5174AD1D23512C]
03-01 16:10:37.232 W/respool.RES_POOL_SDK( 8353): node output is nullptr, node_name=ArtistPanelInfoResult, node_id=Node-@9BZPKAX-HXTF-Z42R-THTN-E0QSL1SO05XY
03-01 16:10:37.232 I/respool.RES_POOL_SDK( 8353): ArtistPanelInfoCheckUpdateEnd::run
03-01 16:10:37.232 I/ResPoolRepository( 8353): material load getArtistsCategoryEffects start [panel=system-fonts-cc4b][cid=-1][key=all][ps=50][cursor=0]
03-01 16:10:37.232 I/ResourceManager( 8353): ###-###-### get artistsPool
03-01 16:10:37.232 I/respool.RES_POOL_SDK( 8353): [ResPool] ArtistRequest::artistCategoryEffectsRequest panel=system-fonts-cc4b, category_key=all
03-01 16:10:37.232 I/respool.RES_POOL_SDK( 8353): UpperResultCallback::UpperResultCallback
03-01 16:10:37.232 I/respool.RES_POOL_SDK( 8353): ArtistEffectsFetchCache::ArtistEffectsFetchCache
03-01 16:10:37.232 I/respool.RES_POOL_SDK( 8353): ArtistEffectsIntelligent::ArtistEffectsIntelligent
03-01 16:10:37.232 I/respool.RES_POOL_SDK( 8353): ArtistEffectsCheckUpdate::ArtistEffectsCheckUpdate
03-01 16:10:37.232 I/respool.RES_POOL_SDK( 8353): ArtistNetworkNode::ArtistNetworkNode
03-01 16:10:37.232 I/respool.RES_POOL_SDK( 8353): ArtistEffectsNetwork::ArtistEffectsNetwork
03-01 16:10:37.232 I/respool.RES_POOL_SDK( 8353): ArtistEffectsSaveCache::ArtistEffectsSaveCache
03-01 16:10:37.232 I/respool.RES_POOL_SDK( 8353): ArtistEffectsResult::ArtistEffectsResult
03-01 16:10:37.233 I/respool.RES_POOL_SDK( 8353): ArtistEffectsCheckUpdateEnd::ArtistEffectsCheckUpdateEnd
03-01 16:10:37.234 I/MainViewModel( 8353): aiLabTabEnable: settings update, showAiLab = true
03-01 16:10:37.240 W/android.vending(14549): userfaultfd: MOVE ioctl seems unsupported: Connection timed out
03-01 16:10:37.246 I/VEConfigInit( 8353): setupTextBbxAdapterConfig updateValue enable -> true
03-01 16:10:37.246 W/PowerProfile( 8353): screen.on is deprecated! Use screen.on.display0 instead.
03-01 16:10:37.246 W/PowerProfile( 8353): screen.full is deprecated! Use screen.full.display0 instead.
03-01 16:10:37.246 W/ModemPowerProfile( 8353): getAverageBatteryDrainMaH called with unexpected key: 0x0, drain:0,RAT:DEFAULT
03-01 16:10:37.246 W/ModemPowerProfile( 8353): getAverageBatteryDrainMaH called with unexpected key: 0x10000000, drain:IDLE,RAT:DEFAULT
03-01 16:10:37.246 W/ModemPowerProfile( 8353): getAverageBatteryDrainMaH called with unexpected key: 0x20000000, drain:RX,RAT:DEFAULT
03-01 16:10:37.246 W/ModemPowerProfile( 8353): getAverageBatteryDrainMaH called with unexpected key: 0x30000000, drain:TX,level:UNKNOWN(0x0)RAT:DEFAULT
03-01 16:10:37.246 W/ModemPowerProfile( 8353): getAverageBatteryDrainMaH called with unexpected key: 0x31000000, drain:TX,level:UNKNOWN(0x1000000)RAT:DEFAULT
03-01 16:10:37.246 W/ModemPowerProfile( 8353): getAverageBatteryDrainMaH called with unexpected key: 0x32000000, drain:TX,level:UNKNOWN(0x2000000)RAT:DEFAULT
03-01 16:10:37.246 W/ModemPowerProfile( 8353): getAverageBatteryDrainMaH called with unexpected key: 0x33000000, drain:TX,level:UNKNOWN(0x3000000)RAT:DEFAULT
03-01 16:10:37.246 W/ModemPowerProfile( 8353): getAverageBatteryDrainMaH called with unexpected key: 0x34000000, drain:TX,level:UNKNOWN(0x4000000)RAT:DEFAULT
03-01 16:10:37.255 I/BaseMainActivity( 8353): tabPropertyVisible: true
03-01 16:10:37.258 I/BaseMainActivity( 8353): tabPropertyVisible: true
03-01 16:10:37.262 I/BaseMainActivity( 8353): tabPropertyVisible: true
03-01 16:10:37.266 I/Finsky  (14549): [108545] IQ::HLD: Callers (Pausers) in PauseUpdatesCallersValueStore: []
03-01 16:10:37.278 I/BirthdayFillinDialogManager( 8353): updateConfig() @com.lemon.account.BirthdayFillinDialogManager@50b51b5 with: config = BanYoungConfig(blockAge=0, requireAge=false, existBirthday=false, dueTime=0, deleteTime=0, appealState=0, appealUrl=, downloadUserDataUrl=, youngCheck=false, youngBan=false, banTime=0, scene=)
03-01 16:10:37.290 I/Finsky  (14549): [108545] Triggered update for experiment package com.google.android.finsky.stable.
03-01 16:10:37.294 I/SmartPower.com.android.vending:background/10145(13488)( 1876): idle->background(230905ms) R(service create com.android.vending/com.google.frameworks.client.data.android.server.play.BackgroundProcessEndpointService) adj=0.
03-01 16:10:37.294 D/CompatibilityInfo( 1876): mCompatibilityFlags - 4
03-01 16:10:37.294 D/CompatibilityInfo( 1876): applicationDensity - 280
03-01 16:10:37.294 D/CompatibilityInfo( 1876): applicationScale - 1.0
03-01 16:10:37.299 I/android.vending(14549): Background concurrent mark compact GC freed 11MB AllocSpace bytes, 45(1436KB) LOS objects, 49% free, 7503KB/14MB, paused 12.074ms,7.820ms total 218.686ms
03-01 16:10:37.313 D/PackageManager( 1876): set app  component=ComponentInfo{com.android.vending/com.google.android.finsky.wearsupport.WearSupportService} enabled state: 2 from null,uid=10145,pid=14549
03-01 16:10:37.313 I/Finsky  (14549): [108538] Component class com.google.android.finsky.wearsupport.WearSupportService disabled via PackageManager.
03-01 16:10:37.314 D/PackageManager( 1876): set app  component=ComponentInfo{com.android.vending/com.google.android.finsky.wearsupport.WearChangeListenerService} enabled state: 2 from null,uid=10145,pid=14549
03-01 16:10:37.314 I/Finsky  (14549): [108538] Component class com.google.android.finsky.wearsupport.WearChangeListenerService disabled via PackageManager.
03-01 16:10:37.327 D/BoundBrokerSvc(24872): onBind: Intent { act=com.google.android.gms.potokens.service.START dat=chimera-action:/... cmp=com.google.android.gms/.chimera.GmsApiService }
03-01 16:10:37.329 D/BoundBrokerSvc(24872): Loading bound service for intent: Intent { act=com.google.android.gms.potokens.service.START dat=chimera-action:/... cmp=com.google.android.gms/.chimera.GmsApiService }
03-01 16:10:37.385 W/Thread-23( 8353): type=1400 audit(0.0:3144600): avc: denied { search } for name="net" dev="sysfs" ino=28148 scontext=u:r:untrusted_app:s0:c244,c257,c512,c768 tcontext=u:object_r:sysfs_net:s0 tclass=dir permissive=0 app=com.google.android.partnersetup
03-01 16:10:37.397 W/SDM     ( 1241): HWDeviceDRM::GetSupportedBitClkRate: Requested rate not supported: 0
03-01 16:10:37.397 I/SDM     ( 1241): HWDeviceDRM::UpdateMixerAttributes: Mixer WxH 1200x1920-0 for Peripheral
03-01 16:10:37.398 I/SDM     ( 1241): HWCDisplay::SubmitDisplayConfig: Active configuration changed to: 1
03-01 16:10:37.399 I/SDM     ( 1241): HWDeviceDRM::SetDisplaySwitchMode: Mode 1 already set
03-01 16:10:37.404 I/Finsky  (14549): [108583] SM: There are no stale sessions to be pruned
03-01 16:10:37.411 D/nativeloader( 8353): Load /data/app/~~i15S0uSRpGEJ_qSFKnWoOA==/com.lemon.lvoverseas-hUlupbB1jOzE7lN6ajo0ew==/lib/arm64/libpreload.so using class loader ns clns-8 (caller=/data/app/~~i15S0uSRpGEJ_qSFKnWoOA==/com.lemon.lvoverseas-hUlupbB1jOzE7lN6ajo0ew==/base.apk!classes9.dex): ok
03-01 16:10:37.418 I/Finsky  (14549): [2] Connecting InstallListener to SplitInstallService broadcaster...
03-01 16:10:37.419 I/respool.RES_POOL_SDK( 8353): TaskContext::TaskContext
03-01 16:10:37.419 I/respool.RES_POOL_SDK( 8353): enable_each_schedule=1, enable_common_pool=0
03-01 16:10:37.419 I/respool.RES_POOL_SDK( 8353): end run task, name=get_panel_info, id=Task-VAVM9PD-8KB0-Q19U-RM9P-7BU2LAINM646
03-01 16:10:37.419 I/respool.RES_POOL_SDK( 8353): Task::~Task get_panel_info-Task-VAVM9PD-8KB0-Q19U-RM9P-7BU2LAINM646
03-01 16:10:37.419 I/respool.RES_POOL_SDK( 8353): TaskContext::~TaskContext
03-01 16:10:37.419 I/respool.RES_POOL_SDK( 8353): ArtistPanelInfoResult::~ArtistPanelInfoResult
03-01 16:10:37.419 I/respool.RES_POOL_SDK( 8353): UpperResultCallback::~UpperResultCallback
03-01 16:10:37.419 I/respool.RES_POOL_SDK( 8353): ArtistPanelInfoSaveCache::~ArtistPanelInfoSaveCache
03-01 16:10:37.419 I/respool.RES_POOL_SDK( 8353): ArtistPanelInfoCheckUpdate::~ArtistPanelInfoCheckUpdate
03-01 16:10:37.419 I/respool.RES_POOL_SDK( 8353): ArtistPanelInfoNetwork::~ArtistPanelInfoNetwork
03-01 16:10:37.419 I/respool.RES_POOL_SDK( 8353): ArtistNetworkNode::~ArtistNetworkNode
03-01 16:10:37.419 I/respool.RES_POOL_SDK( 8353): ArtistPanelInfoFetchCache::~ArtistPanelInfoFetchCache
03-01 16:10:37.420 I/respool.RES_POOL_SDK( 8353): ArtistPanelInfoCheckUpdateEnd::~ArtistPanelInfoCheckUpdateEnd
03-01 16:10:37.430 I/respool.RES_POOL_SDK( 8353): PriorityTaskExecutorImpl::thread_, quit_ Real !
03-01 16:10:37.430 I/[lyra]  ( 8353): [INFO][AsyncAttachmentDBManager.cpp:read:118][LYRA] [AsyncAttachmentDBManager] has not tasks in /data/user/0/com.lemon.lvoverseas/files/newdrafts/ZBKJG0FN-UC3Q-ZCFP-RQIB-GB49I3JCGD7J
03-01 16:10:37.431 I/[lyra]  ( 8353): [INFO][AsyncTaskDataManager.cpp:add_tasks:169][LYRA] [AsyncTaskDataManager] add_tasks [ ]
03-01 16:10:37.431 D/MediaStrategy( 8353): <ManagerBridge.cpp,JNI_OnLoad,1255>-----compiled native library  Apr 10 2025 06:51:27-----
03-01 16:10:37.432 I/respool.RES_POOL_SDK( 8353): TaskContext::TaskContext
03-01 16:10:37.432 I/respool.RES_POOL_SDK( 8353): PriorityTaskExecutorImpl::thread_, quit_ Real !
03-01 16:10:37.432 I/respool.RES_POOL_SDK( 8353): enable_each_schedule=1, enable_common_pool=0
03-01 16:10:37.433 I/respool.RES_POOL_SDK( 8353): TaskContext::TaskContext
03-01 16:10:37.433 I/respool.RES_POOL_SDK( 8353): enable_each_schedule=1, enable_common_pool=0
03-01 16:10:37.433 I/respool.RES_POOL_SDK( 8353): TaskContext::~TaskContext
03-01 16:10:37.434 I/respool.RES_POOL_SDK( 8353): ArtistItemSaveCache::~ArtistItemSaveCache
03-01 16:10:37.434 I/respool.RES_POOL_SDK( 8353): ArtistItemNetwork::~ArtistItemNetwork
03-01 16:10:37.434 I/respool.RES_POOL_SDK( 8353): ArtistNetworkNode::~ArtistNetworkNode
03-01 16:10:37.434 I/respool.RES_POOL_SDK( 8353): ArtistItemFetchCache::~ArtistItemFetchCache
03-01 16:10:37.434 I/respool.RES_POOL_SDK( 8353): ArtistItemResult::~ArtistItemResult
03-01 16:10:37.434 I/respool.RES_POOL_SDK( 8353): UpperResultCallback::~UpperResultCallback
03-01 16:10:37.434 I/respool.RES_POOL_SDK( 8353): PriorityTaskExecutorImpl::thread_, quit_ Real !
03-01 16:10:37.435 I/[lyra]  ( 8353): [INFO][AsyncTaskDataManager.cpp:get_timeout_tasks:756][LYRA] [AsyncTaskDataManager] get_timeout_tasks [ ]
03-01 16:10:37.436 I/[lyra]  ( 8353): [INFO][AsyncTaskManager.cpp:do_poll:264][LYRA] [AsyncTaskManager] do_poll, remote_doing_tasks_cnt is 0
03-01 16:10:37.436 I/[lyra]  ( 8353): [INFO][AsyncTaskTimer.cpp:start_progress_callback:60][LYRA] [AsyncTaskTimer] start progress callback...
03-01 16:10:37.436 I/respool.RES_POOL_SDK( 8353): ArtistEffectsFetchCache::run
03-01 16:10:37.437 I/respool.RES_POOL_SDK( 8353): ArtistEffectsFetchCache panel=system-fonts-cc4b Begin
03-01 16:10:37.437 I/respool.RES_POOL_SDK( 8353): _alloc_conn_cnt=2, pool_empty=0
03-01 16:10:37.437 I/respool.RES_POOL_SDK( 8353): StmtPool::StmtPool
03-01 16:10:37.437 I/respool.RES_POOL_SDK( 8353): Sqlite3Conn::Sqlite3Conn
03-01 16:10:37.437 I/respool.ArtistsEffectItemDao( 8353): RES_POOL_SDK GetEffect cache_policy=263
03-01 16:10:37.437 I/respool.RES_POOL_SDK( 8353): GetEffect effect_type=57: artists_id=7148699779147502082
03-01 16:10:37.437 I/respool.RES_POOL_SDK( 8353): Sqlite3Conn::~Sqlite3Conn conn=0xb400007d4c9ae088, this=0xb400007d4be00ffb
03-01 16:10:37.437 I/respool.RES_POOL_SDK( 8353): StmtPool::~StmtPool
03-01 16:10:37.437 I/respool.RES_POOL_SDK( 8353): Checkpoint successful. Log size: 0, Checkpoint size: 0
03-01 16:10:37.437 I/respool.RES_POOL_SDK( 8353): QueryCategoryEffects CommitTransaction End: rsp.effect_item_list=1
03-01 16:10:37.438 I/respool.RES_POOL_SDK( 8353): ArtistEffectsFetchCache query Cache success: panel=system-fonts-cc4b, category_id=-1, effect_item_list.size=1
03-01 16:10:37.438 I/respool.RES_POOL_SDK( 8353): set output to input: ArtistEffectsFetchCache ---> ArtistEffectsIntelligent
03-01 16:10:37.438 I/respool.RES_POOL_SDK( 8353): ArtistEffectsIntelligent::run
03-01 16:10:37.438 I/respool.RES_POOL_SDK( 8353): set output to input: ArtistEffectsIntelligent ---> ArtistEffectsNetwork
03-01 16:10:37.438 I/respool.RES_POOL_SDK( 8353): ArtistEffectsNetwork::run
03-01 16:10:37.439 I/respool.RES_POOL_SDK( 8353): set output to input: ArtistEffectsNetwork ---> ArtistEffectsCheckUpdate
03-01 16:10:37.439 I/respool.RES_POOL_SDK( 8353): set output to input: ArtistEffectsNetwork ---> ArtistEffectsSaveCache
03-01 16:10:37.439 I/respool.RES_POOL_SDK( 8353): set output to input: ArtistEffectsNetwork ---> ArtistEffectsResult
03-01 16:10:37.439 I/respool.RES_POOL_SDK( 8353): ArtistEffectsCheckUpdate::run
03-01 16:10:37.439 I/respool.RES_POOL_SDK( 8353): ArtistEffectsCheckUpdate check update begin: !!
03-01 16:10:37.439 I/respool.RES_POOL_SDK( 8353): ArtistEffectsCheckUpdate, need call CheckUpdate
03-01 16:10:37.442 I/respool.RES_POOL_SDK( 8353): _alloc_conn_cnt=2, pool_empty=0
03-01 16:10:37.442 I/respool.RES_POOL_SDK( 8353): StmtPool::StmtPool
03-01 16:10:37.442 I/respool.RES_POOL_SDK( 8353): Sqlite3Conn::Sqlite3Conn
03-01 16:10:37.442 E/respool.RES_POOL_SDK( 8353): ArtistsPanelCategoriesDao: QueryPanelVersion failed
03-01 16:10:37.442 I/respool.RES_POOL_SDK( 8353): Sqlite3Conn::~Sqlite3Conn conn=0xb400007d4c9ae088, this=0xb400007d4c2c87ac
03-01 16:10:37.442 I/respool.RES_POOL_SDK( 8353): StmtPool::~StmtPool
03-01 16:10:37.442 I/respool.RES_POOL_SDK( 8353): Checkpoint successful. Log size: 0, Checkpoint size: 0
03-01 16:10:37.449 I/Finsky  (14549): [108545] Already at the latest configurations for experiment package com.google.android.finsky.stable.
03-01 16:10:37.449 I/Finsky  (14549): [108545] Triggered update for experiment package com.google.android.finsky.regular.
03-01 16:10:37.456 I/respool.RES_POOL_SDK( 8353): ArtistEffectsFetchCache::run
03-01 16:10:37.456 I/respool.RES_POOL_SDK( 8353): ArtistEffectsFetchCache panel=system-fonts-cc4b Begin
03-01 16:10:37.456 I/respool.RES_POOL_SDK( 8353): _alloc_conn_cnt=2, pool_empty=0
03-01 16:10:37.456 I/respool.RES_POOL_SDK( 8353): StmtPool::StmtPool
03-01 16:10:37.456 I/respool.RES_POOL_SDK( 8353): Sqlite3Conn::Sqlite3Conn
03-01 16:10:37.456 I/respool.ArtistsEffectItemDao( 8353): RES_POOL_SDK GetEffect cache_policy=263
03-01 16:10:37.456 I/respool.RES_POOL_SDK( 8353): GetEffect effect_type=57: artists_id=7148699779147502082
03-01 16:10:37.456 I/respool.RES_POOL_SDK( 8353): Sqlite3Conn::~Sqlite3Conn conn=0xb400007d4c9ae088, this=0xb400007d4b19effb
03-01 16:10:37.456 I/respool.RES_POOL_SDK( 8353): StmtPool::~StmtPool
03-01 16:10:37.456 I/respool.RES_POOL_SDK( 8353): Checkpoint successful. Log size: 0, Checkpoint size: 0
03-01 16:10:37.456 I/respool.RES_POOL_SDK( 8353): QueryCategoryEffects CommitTransaction End: rsp.effect_item_list=1
03-01 16:10:37.456 I/respool.RES_POOL_SDK( 8353): ArtistEffectsFetchCache query Cache success: panel=system-fonts-cc4b, category_id=-1, effect_item_list.size=1
03-01 16:10:37.456 I/respool.RES_POOL_SDK( 8353): set output to input: ArtistEffectsFetchCache ---> ArtistEffectsIntelligent
03-01 16:10:37.456 I/respool.RES_POOL_SDK( 8353): ArtistEffectsIntelligent::run
03-01 16:10:37.456 I/respool.RES_POOL_SDK( 8353): set output to input: ArtistEffectsIntelligent ---> ArtistEffectsNetwork
03-01 16:10:37.456 I/respool.RES_POOL_SDK( 8353): ArtistEffectsNetwork::run
03-01 16:10:37.456 I/respool.RES_POOL_SDK( 8353): set output to input: ArtistEffectsNetwork ---> ArtistEffectsCheckUpdate
03-01 16:10:37.456 I/respool.RES_POOL_SDK( 8353): set output to input: ArtistEffectsNetwork ---> ArtistEffectsSaveCache
03-01 16:10:37.457 I/respool.RES_POOL_SDK( 8353): set output to input: ArtistEffectsNetwork ---> ArtistEffectsResult
03-01 16:10:37.457 E/respool.RES_POOL_SDK( 8353): ArtistEffectsCheckUpdate query panel version failed: -4201, no panel version found
03-01 16:10:37.457 I/respool.RES_POOL_SDK( 8353): MgetItemFetchCache::run
03-01 16:10:37.457 I/respool.RES_POOL_SDK( 8353): ArtistEffectsCheckUpdate: 
03-01 16:10:37.457 I/respool.RES_POOL_SDK( 8353): _alloc_conn_cnt=2, pool_empty=0
03-01 16:10:37.457 E/respool.RES_POOL_SDK( 8353): ArtistEffectsCheckUpdate query panel version failed: -4201, no panel version found
03-01 16:10:37.457 I/respool.RES_POOL_SDK( 8353): StmtPool::StmtPool
03-01 16:10:37.457 I/respool.RES_POOL_SDK( 8353): ArtistEffectsCheckUpdate check update real
03-01 16:10:37.457 I/respool.RES_POOL_SDK( 8353): Sqlite3Conn::Sqlite3Conn
03-01 16:10:37.457 I/respool.ArtistsEffectItemDao( 8353): RES_POOL_SDK GetEffect cache_policy=263
03-01 16:10:37.457 E/respool.RES_POOL_SDK( 8353): ArtistsEffectCommonDao_GetEffect, effect list end of life
03-01 16:10:37.457 I/respool.RES_POOL_SDK( 8353): Sqlite3Conn::~Sqlite3Conn conn=0xb400007d4c9ae088, this=0x10a0
03-01 16:10:37.457 I/respool.RES_POOL_SDK( 8353): StmtPool::~StmtPool
03-01 16:10:37.457 I/respool.RES_POOL_SDK( 8353): Checkpoint successful. Log size: 0, Checkpoint size: 0
03-01 16:10:37.457 E/respool.RES_POOL_SDK( 8353): MgetItemFetchCache QueryEffects failed. error_code=-1000, error_msg=effect list end of life
03-01 16:10:37.457 I/respool.RES_POOL_SDK( 8353): set output to input: MgetItemFetchCache ---> MgetItemNetwork
03-01 16:10:37.457 I/respool.RES_POOL_SDK( 8353): MgetItemNetwork::run
03-01 16:10:37.464 I/respool.RES_POOL_SDK( 8353): ArtistNetworkNode::ArtistNetworkNode
03-01 16:10:37.464 I/respool.RES_POOL_SDK( 8353): ArtistCommonCheckUpdate::ArtistCommonCheckUpdate
03-01 16:10:37.464 I/respool.RES_POOL_SDK( 8353): TaskContext::TaskContext
03-01 16:10:37.464 I/respool.RES_POOL_SDK( 8353): TaskContext::~TaskContext
03-01 16:10:37.464 I/respool.RES_POOL_SDK( 8353): ArtistEffectsSaveCache::run
03-01 16:10:37.464 I/respool.RES_POOL_SDK( 8353): ArtistEffectsResult::run
03-01 16:10:37.464 I/ResPoolRepository( 8353): material load getArtistsCategoryEffects success [panel=system-fonts-cc4b][cid=-1][key=all][size=1][more=false][offset=50][logID=]
03-01 16:10:37.464 I/ClipflowManager( 8353): [ClipflowManager] zygote afterAsyncTaskRecovered
03-01 16:10:37.464 I/ClipflowManager( 8353): [ClipflowManager] finishInitElement AFTER_ASYNC_TASK_RECOVER
03-01 16:10:37.464 I/ClipflowManager( 8353): [ClipflowManager] restoreClipflowTasksAsync
03-01 16:10:37.464 I/respool.RES_POOL_SDK( 8353): ArtistEffectsResult category_id=-1, effects_size=1
03-01 16:10:37.464 I/respool.RES_POOL_SDK( 8353): ArtistCommonCheckUpdate::run
03-01 16:10:37.464 I/DigitalHumanMainTabUtils( 8353): observe ASyncTaskManagerService init. value:[true]
03-01 16:10:37.464 I/DigitalHumanMainTabUtils( 8353): onDraftListUpdate. size:1, trashDraftList size: [0]. mLaunched:[false], isInit:[true]
03-01 16:10:37.469 I/respool.RES_POOL_SDK( 8353): ArtistEffectsCheckUpdate::run
03-01 16:10:37.469 I/respool.RES_POOL_SDK( 8353): ArtistEffectsCheckUpdate check update begin: !!
03-01 16:10:37.470 I/respool.RES_POOL_SDK( 8353): ArtistEffectsCheckUpdate, need call CheckUpdate
03-01 16:10:37.470 I/respool.RES_POOL_SDK( 8353): _alloc_conn_cnt=2, pool_empty=0
03-01 16:10:37.470 I/respool.RES_POOL_SDK( 8353): StmtPool::StmtPool
03-01 16:10:37.470 I/respool.RES_POOL_SDK( 8353): Sqlite3Conn::Sqlite3Conn
03-01 16:10:37.470 E/respool.RES_POOL_SDK( 8353): ArtistsPanelCategoriesDao: QueryPanelVersion failed
03-01 16:10:37.470 I/respool.RES_POOL_SDK( 8353): Sqlite3Conn::~Sqlite3Conn conn=0xb400007d4c9ae088, this=0xb400007cef570e9c
03-01 16:10:37.470 I/respool.RES_POOL_SDK( 8353): StmtPool::~StmtPool
03-01 16:10:37.470 I/respool.RES_POOL_SDK( 8353): Checkpoint successful. Log size: 0, Checkpoint size: 0
03-01 16:10:37.470 I/HomeOptimize( 8353): IAsyncTaskManagerService init: true
03-01 16:10:37.470 E/respool.RES_POOL_SDK( 8353): ArtistEffectsCheckUpdate query panel version failed: -4201, no panel version found
03-01 16:10:37.470 I/respool.RES_POOL_SDK( 8353): ArtistEffectsCheckUpdate: 
03-01 16:10:37.470 E/respool.RES_POOL_SDK( 8353): ArtistEffectsCheckUpdate query panel version failed: -4201, no panel version found
03-01 16:10:37.470 I/respool.RES_POOL_SDK( 8353): ArtistEffectsCheckUpdate check update real
03-01 16:10:37.470 I/respool.RES_POOL_SDK( 8353): ArtistNetworkNode::ArtistNetworkNode
03-01 16:10:37.470 I/respool.RES_POOL_SDK( 8353): ArtistCommonCheckUpdate::ArtistCommonCheckUpdate
03-01 16:10:37.470 I/respool.RES_POOL_SDK( 8353): TaskContext::TaskContext
03-01 16:10:37.470 I/respool.RES_POOL_SDK( 8353): TaskContext::~TaskContext
03-01 16:10:37.470 I/respool.RES_POOL_SDK( 8353): ArtistEffectsSaveCache::run
03-01 16:10:37.470 I/respool.RES_POOL_SDK( 8353): ArtistEffectsResult::run
03-01 16:10:37.471 I/ResPoolRepository( 8353): material load getArtistsCategoryEffects success [panel=system-fonts-cc4b][cid=-1][key=all][size=1][more=false][offset=50][logID=]
03-01 16:10:37.471 I/respool.RES_POOL_SDK( 8353): ArtistEffectsResult category_id=-1, effects_size=1
03-01 16:10:37.471 I/respool.RES_POOL_SDK( 8353): ArtistCommonCheckUpdate::run
03-01 16:10:37.471 W/ArtistEffectItemConverter( 8353): unsupported artistToNative type: 57
03-01 16:10:37.481 W/ArtistEffectItemConverter( 8353): unsupported artistToNative type: 57
03-01 16:10:37.482 I/[AiCreator]AiCreatorTaskServiceImpl( 8353): #init
03-01 16:10:37.483 I/[AiCreator]AiCreatorTaskServiceImpl( 8353): #recoverHistoryAndExecuteUnfinishedTask  useConfig= true
03-01 16:10:37.485 I/Finsky  (14549): [108545] Already at the latest configurations for experiment package com.google.android.finsky.regular.
03-01 16:10:37.486 I/Finsky  (14549): [108545] Triggered update for experiment package com.google.android.finsky.regular.
03-01 16:10:37.492 I/[lyra]  ( 8353): [INFO][clipflow_server_android.cpp:Java_com_vega_clipflow_ClipflowServer_invokeSync:102][LYRA] [LYRA] jni, invokeSync sid=-200, req=-0x4bffff82b41ee8a0
03-01 16:10:37.494 I/[lyra]  ( 8353): [INFO][clipflow_cache.cpp:operator():61][LYRA] [Clipflow] cache  readAllCaches full_path = /data/user/0/com.lemon.lvoverseas/files/newdrafts/ZBKJG0FN-UC3Q-ZCFP-RQIB-GB49I3JCGD7J/common_attachment/attachment_clipflow_cache.json
03-01 16:10:37.494 I/[lyra]  ( 8353): [INFO][clipflow_server_android.cpp:operator():128][LYRA] invokeSync resp=ClipFlowService, readClipflowCache
03-01 16:10:37.497 I/ClipflowShell( 8353): [TaskRestorer] restoreTask: /data/user/0/com.lemon.lvoverseas/files/newdrafts/ZBKJG0FN-UC3Q-ZCFP-RQIB-GB49I3JCGD7J
03-01 16:10:37.497 I/[AiCreator]AiCreatorTaskServiceImpl( 8353): #recoverHistoryAndExecuteUnfinishedTask  recoveryConfig= AiCreatorTaskRecoveryConfig(autoResume=true, autoExecute=true, autoExecuteExpirationTime=-1, recoverDelayTime=10)
03-01 16:10:37.497 I/ClipflowManager( 8353): [ClipflowManager] restoreNonDraftTasks skip not exist bizRootDir: /data/user/0/com.lemon.lvoverseas/files/non_draft_clipflow_tasks/ai_image_biz_root
03-01 16:10:37.500 I/ClipflowManager( 8353): [ClipflowManager] restoreNonDraftTasks skip not exist bizRootDir: /data/user/0/com.lemon.lvoverseas/files/non_draft_clipflow_tasks/ai_effect_biz_root
03-01 16:10:37.500 I/ClipflowManager( 8353): [ClipflowManager] restoreNonDraftTasks skip not exist bizRootDir: /data/user/0/com.lemon.lvoverseas/files/non_draft_clipflow_tasks/atomic_image_biz_root
03-01 16:10:37.500 I/ClipflowManager( 8353): [ClipflowManager] restoreNonDraftTasks skip not exist bizRootDir: /data/user/0/com.lemon.lvoverseas/files/non_draft_clipflow_tasks/picture_dressing
03-01 16:10:37.500 I/ClipflowManager( 8353): [ClipflowManager] restoreNonDraftTasks skip not exist bizRootDir: /data/user/0/com.lemon.lvoverseas/files/non_draft_clipflow_tasks/prompt_sug_biz_root
03-01 16:10:37.509 I/ClipflowManager( 8353): [ClipflowManager] restoreNonDraftTasks skip not exist bizRootDir: /data/user/0/com.lemon.lvoverseas/files/non_draft_clipflow_tasks/create_digital_twin_biz_root
03-01 16:10:37.509 I/ClipflowManager( 8353): [ClipflowManager] restoreNonDraftTasks skip not exist bizRootDir: /data/user/0/com.lemon.lvoverseas/files/non_draft_clipflow_tasks/video_generate_biz_root
03-01 16:10:37.509 I/ClipflowManager( 8353): [ClipflowManager] restoreNonDraftTasks skip not exist bizRootDir: /data/user/0/com.lemon.lvoverseas/files/non_draft_clipflow_tasks/digital_human
03-01 16:10:37.510 I/LvSmartAdsDatabase( 8353): create LvSmartAdsDatabase
03-01 16:10:37.513 I/ClipflowManager( 8353): [ClipflowManager] restoreNonDraftTasks skip not exist bizRootDir: /data/user/0/com.lemon.lvoverseas/files/non_draft_clipflow_tasks/ai_model
03-01 16:10:37.515 I/ClipflowManager( 8353): [ClipflowManager] restoreNonDraftTasks skip not exist bizRootDir: /data/user/0/com.lemon.lvoverseas/files/non_draft_clipflow_tasks/smart_ads_v2
03-01 16:10:37.516 I/ClipflowManager( 8353): [ClipflowManager] restoreNonDraftTasks skip not exist bizRootDir: /data/user/0/com.lemon.lvoverseas/files/non_draft_clipflow_tasks/ai_trends_generate_biz_root
03-01 16:10:37.523 I/Finsky  (14549): [108545] Already at the latest configurations for experiment package com.google.android.finsky.regular.
03-01 16:10:37.526 D/MediaStrategy( 8353): <vc_log.cpp,event,147>[center][event] on event, id = , key = 3038, value = 33, info = , jsonLog = null
03-01 16:10:37.527 D/MediaStrategy( 8353): <vc_log.cpp,event,147>[center][event] on event, id = , key = 2018, value = 0, info = engine_default, jsonLog = null
03-01 16:10:37.529 I/[lyra]  ( 8353): [INFO][AsyncTaskDataManager.cpp:add_tasks:169][LYRA] [AsyncTaskDataManager] add_tasks [ ]
03-01 16:10:37.529 I/[lyra]  ( 8353): [INFO][AsyncTaskDataManager.cpp:get_timeout_tasks:756][LYRA] [AsyncTaskDataManager] get_timeout_tasks [ ]
03-01 16:10:37.529 I/[lyra]  ( 8353): [INFO][AsyncTaskManager.cpp:do_poll:264][LYRA] [AsyncTaskManager] do_poll, remote_doing_tasks_cnt is 0
03-01 16:10:37.529 I/[lyra]  ( 8353): [INFO][AsyncTaskTimer.cpp:start_progress_callback:56][LYRA] [AsyncTaskTimer] is callbacking...
03-01 16:10:37.529 I/[lyra]  ( 8353): [INFO][clipflow_server_android.cpp:operator():184][LYRA] [LYRA] jni LyraServer_invokeSync, DetachCurrentThread
03-01 16:10:37.529 I/ClipflowNonDraftHelper( 8353): [restoreNonDraftAsyncTasks], expect = 
03-01 16:10:37.529 I/[lyra]  ( 8353): [INFO][clipflow_server_android.cpp:operator():111][LYRA] [LYRA] jni LyraServer_invokeSync, DeleteGlobalRef
03-01 16:10:37.529 I/ClipflowShell( 8353): [TaskRestorer] no task to restore: /data/user/0/com.lemon.lvoverseas/files/newdrafts/ZBKJG0FN-UC3Q-ZCFP-RQIB-GB49I3JCGD7J
03-01 16:10:37.529 E/[lyra]  ( 8353): [INFO][clipflow_server_android.cpp:operator():115][LYRA] callback error  temp_env is null env_status = -2
03-01 16:10:37.563 I/android.vending(14549): Background young concurrent mark compact GC freed 3732KB AllocSpace bytes, 6(172KB) LOS objects, 49% free, 7646KB/14MB, paused 1.603ms,3.463ms total 115.443ms
03-01 16:10:37.567 I/AsyncTaskManagerService( 8353): response task size = -5476376610288230832
03-01 16:10:37.571 I/ClipflowNonDraftHelper( 8353): [restoreNonDraftAsyncTasks], recovered = 
03-01 16:10:37.581 D/MediaStrategy( 8353): <vc_log.cpp,event,147>[center][event] on event, id = , key = 3042, value = 2, info = 0, jsonLog = null
03-01 16:10:37.581 D/MediaStrategy( 8353): <vc_log.cpp,event,147>[center][event] on event, id = , key = 2001, value = -1, info = default, jsonLog = null
03-01 16:10:37.591 I/appendQuery( 8353): effectSdkVersion=20.9.0
03-01 16:10:37.591 I/appendQuery( 8353): effectSdkVersion=20.9.0
03-01 16:10:37.599 I/appendQuery( 8353): effectSdkVersion=20.9.0
03-01 16:10:37.608 D/nativeloader( 8353): Load /data/app/~~i15S0uSRpGEJ_qSFKnWoOA==/com.lemon.lvoverseas-hUlupbB1jOzE7lN6ajo0ew==/lib/arm64/libaudioeffect.so using class loader ns clns-8 (caller=/data/app/~~i15S0uSRpGEJ_qSFKnWoOA==/com.lemon.lvoverseas-hUlupbB1jOzE7lN6ajo0ew==/base.apk!classes9.dex): ok
03-01 16:10:37.624 I/SmartPower.com.android.chrome/10150(5497)( 1876): background->idle(3001ms) R(broadcast start Intent { act=android.intent.action.BATTERY_CHANGED flg=0x60000010 (has extras) }) adj=702.
03-01 16:10:37.629 D/nativeloader( 8353): Load /data/app/~~i15S0uSRpGEJ_qSFKnWoOA==/com.lemon.lvoverseas-hUlupbB1jOzE7lN6ajo0ew==/lib/arm64/libByteVC1_dec.so using class loader ns clns-8 (caller=/data/app/~~i15S0uSRpGEJ_qSFKnWoOA==/com.lemon.lvoverseas-hUlupbB1jOzE7lN6ajo0ew==/base.apk!classes9.dex): ok
03-01 16:10:37.704 W/emon.lvoverseas( 8353): Long monitor contention with owner DefaultDispatcher-worker-9 (14414) at java.lang.Object kotlin.SynchronizedLazyImpl.getValue()(:262173) waiters=0 in java.lang.Object kotlin.SynchronizedLazyImpl.getValue() for 189ms
03-01 16:10:37.707 I/DigitalHumanLogger( 8353): DigitalHumanRenderServiceManager removeUnusedTasksByDrafts. taskList size:[0]
03-01 16:10:37.707 D/nativeloader( 8353): Load /data/app/~~i15S0uSRpGEJ_qSFKnWoOA==/com.lemon.lvoverseas-hUlupbB1jOzE7lN6ajo0ew==/lib/arm64/libbyteVC2dec.so using class loader ns clns-8 (caller=/data/app/~~i15S0uSRpGEJ_qSFKnWoOA==/com.lemon.lvoverseas-hUlupbB1jOzE7lN6ajo0ew==/base.apk!classes9.dex): ok
03-01 16:10:37.723 D/DrmLibTime(  694): got the req here! ret=0
03-01 16:10:37.723 D/Helios:Network-White( 8353): Block request editor-api.capcutapi.com
03-01 16:10:37.723 D/DrmLibTime(  694): command id, time_cmd_id = 770
03-01 16:10:37.723 D/DrmLibTime(  694): time_getutcsec starts!
03-01 16:10:37.723 D/DrmLibTime(  694): QSEE Time Listener: time_getutcsec
03-01 16:10:37.723 D/DrmLibTime(  694): QSEE Time Listener: get_utc_seconds
03-01 16:10:37.723 D/DrmLibTime(  694): QSEE Time Listener: time_get_modem_time
03-01 16:10:37.723 D/DrmLibTime(  694): QSEE Time Listener: Checking if ATS_MODEM is set or not.
03-01 16:10:37.723 D/QC-time-services(  694): Lib:time_genoff_operation: pargs->base = 13
03-01 16:10:37.723 D/QC-time-services(  694): Lib:time_genoff_operation: pargs->operation = 2
03-01 16:10:37.723 D/QC-time-services(  694): Lib:time_genoff_operation: pargs->ts_val = 0
03-01 16:10:37.724 D/QC-time-services(  694): Lib:time_genoff_operation: Send to server  passed!!
03-01 16:10:37.724 D/QC-time-services( 1095): Daemon: Connection accepted:time_genoff
03-01 16:10:37.724 D/QC-time-services( 1095): Daemon:Received base = 13, unit = 1, operation = 2,value = 0
03-01 16:10:37.725 D/QC-time-services( 1095): Daemon:genoff_opr: Base = 13, val = 0, operation = 2
03-01 16:10:37.725 D/QC-time-services( 1095): offset is: 0 for base: 13
03-01 16:10:37.725 E/QC-time-services(  694): Receive Passed == base = 13, unit = 1, operation = 2, result = 0
03-01 16:10:37.725 D/DrmLibTime(  694): QSEE Time Listener: ATS_MODEM is not set. Fallback to Android system time.
03-01 16:10:37.725 D/DrmLibTime(  694): QSEE Time Listener: Retrieved Android system time: 1772352637
03-01 16:10:37.725 D/DrmLibTime(  694): time_getutcsec returns 0, sec = 1772352637; nsec = 0
03-01 16:10:37.725 D/DrmLibTime(  694): time_getutcsec finished! 
03-01 16:10:37.725 D/DrmLibTime(  694): iotcl_continue_command finished! and return 0 
03-01 16:10:37.725 D/DrmLibTime(  694): before calling ioctl to read the next time_cmd
03-01 16:10:37.725 E/QC-time-services( 1095): Daemon: Time-services: Waiting to acceptconnection
03-01 16:10:37.745 D/Helios:Network-White( 8353): Block request editor-api.capcutapi.com
03-01 16:10:37.762 D/Helios:Network-White( 8353): Block request editor-api.capcutapi.com
03-01 16:10:37.773 I/Cc4bSystemFontManager( 8353): unzipPath, path=/data/user/0/com.lemon.lvoverseas/files/resources/effect/artists/7148699779147502082/7c1cf14a954a361d52c20ece1913e638
03-01 16:10:37.774 I/Cc4bSystemFontManager( 8353): unzipPath, path=/data/user/0/com.lemon.lvoverseas/files/resources/effect/artists/7148699779147502082/7c1cf14a954a361d52c20ece1913e638
03-01 16:10:37.774 I/Cc4bSystemFontManager( 8353): remote system font has exist:/data/user/0/com.lemon.lvoverseas/files/resources/effect/artists/7148699779147502082/7c1cf14a954a361d52c20ece1913e638/5en.otf
03-01 16:10:37.777 I/Cc4bSystemFontManager( 8353): remote system font has exist:/data/user/0/com.lemon.lvoverseas/files/resources/effect/artists/7148699779147502082/7c1cf14a954a361d52c20ece1913e638/5en.otf
03-01 16:10:37.779 D/nativeloader( 8353): Load /data/app/~~i15S0uSRpGEJ_qSFKnWoOA==/com.lemon.lvoverseas-hUlupbB1jOzE7lN6ajo0ew==/lib/arm64/libttffmpeg.so using class loader ns clns-8 (caller=/data/app/~~i15S0uSRpGEJ_qSFKnWoOA==/com.lemon.lvoverseas-hUlupbB1jOzE7lN6ajo0ew==/base.apk!classes9.dex): ok
03-01 16:10:37.790 D/Helios:Network-TTNet( 8353): pop event true for 09da1006-5bd0-4aeb-aa01-c287d72a6063
03-01 16:10:37.796 D/Helios:Network-TTNet( 8353): pop event true for 80be1f9a-2aa6-4bdd-8794-241e72f5a880
03-01 16:10:37.800 D/nativeloader( 8353): Load /data/app/~~i15S0uSRpGEJ_qSFKnWoOA==/com.lemon.lvoverseas-hUlupbB1jOzE7lN6ajo0ew==/lib/arm64/libiesapplogger.so using class loader ns clns-8 (caller=/data/app/~~i15S0uSRpGEJ_qSFKnWoOA==/com.lemon.lvoverseas-hUlupbB1jOzE7lN6ajo0ew==/base.apk!classes9.dex): ok
03-01 16:10:37.803 D/nativeloader( 8353): Load /data/app/~~i15S0uSRpGEJ_qSFKnWoOA==/com.lemon.lvoverseas-hUlupbB1jOzE7lN6ajo0ew==/lib/arm64/libbytevc0.so using class loader ns clns-8 (caller=/data/app/~~i15S0uSRpGEJ_qSFKnWoOA==/com.lemon.lvoverseas-hUlupbB1jOzE7lN6ajo0ew==/base.apk!classes9.dex): ok
03-01 16:10:37.803 I/emon.lvoverseas( 8353): Background young concurrent mark compact GC freed 13MB AllocSpace bytes, 44(6228KB) LOS objects, 14% free, 77MB/91MB, paused 4.943ms,6.174ms total 476.983ms
03-01 16:10:37.807 D/nativeloader( 8353): Load /data/app/~~i15S0uSRpGEJ_qSFKnWoOA==/com.lemon.lvoverseas-hUlupbB1jOzE7lN6ajo0ew==/lib/arm64/libttdemux.so using class loader ns clns-8 (caller=/data/app/~~i15S0uSRpGEJ_qSFKnWoOA==/com.lemon.lvoverseas-hUlupbB1jOzE7lN6ajo0ew==/base.apk!classes9.dex): ok
03-01 16:10:37.808 D/Helios:Network-TTNet( 8353): pop event true for e656dd31-5519-43b3-bcd0-ff502c4854af
03-01 16:10:37.840 I/AppsFilter( 1876): interaction: PackageSetting{1d2b2a0 com.lemon.lvoverseas/10500} -> PackageSetting{e60cca0 com.android.remoteprovisioner/10206} BLOCKED
03-01 16:10:37.863 D/nativeloader( 8353): Load /data/app/~~i15S0uSRpGEJ_qSFKnWoOA==/com.lemon.lvoverseas-hUlupbB1jOzE7lN6ajo0ew==/lib/arm64/libbvcparser.so using class loader ns clns-8 (caller=/data/app/~~i15S0uSRpGEJ_qSFKnWoOA==/com.lemon.lvoverseas-hUlupbB1jOzE7lN6ajo0ew==/base.apk!classes9.dex): ok
03-01 16:10:37.872 I/appendQuery( 8353): effectSdkVersion=20.9.0
03-01 16:10:37.891 D/Helios:Network-White( 8353): Block request mssdk-sg.byteoversea.com
03-01 16:10:37.893 D/MilletPolicy( 2305): active uid = 10347 type =8
03-01 16:10:37.901 D/nativeloader( 8353): Load /data/app/~~i15S0uSRpGEJ_qSFKnWoOA==/com.lemon.lvoverseas-hUlupbB1jOzE7lN6ajo0ew==/lib/arm64/libttr.so using class loader ns clns-8 (caller=/data/app/~~i15S0uSRpGEJ_qSFKnWoOA==/com.lemon.lvoverseas-hUlupbB1jOzE7lN6ajo0ew==/base.apk!classes9.dex): ok
03-01 16:10:37.904 D/Helios:Network-TTNet( 8353): pop event true for 32fed1b8-a901-43d0-8a69-031eff392d7f
03-01 16:10:37.914 D/MiuiTcpSocketTracker( 1876): skip mismatch tcpInfo:TcpInfo{lost=0, retransmit=0, sent=51}
03-01 16:10:37.920 I/cn_CronetUrlRequestContext(14549): destroyNativeStreamLocked android.net.connectivity.org.chromium.net.impl.CronetBidirectionalStream@9d9c64f
03-01 16:10:37.925 W/WifiHandlerThre( 1876): type=1400 audit(0.0:3144601): avc: denied { read } for name="u:object_r:vendor_wlan_logs_prop:s0" dev="tmpfs" ino=488 scontext=u:r:system_server:s0 tcontext=u:object_r:vendor_wlan_logs_prop:s0 tclass=file permissive=0
03-01 16:10:37.928 W/libc    ( 1876): Access denied finding property "persist.vendor.cnss_diag.enable"
03-01 16:10:37.938 D/MilletPolicy( 2305): active uid = 10347 type =8
03-01 16:10:37.940 D/nativeloader( 8353): Load /data/app/~~i15S0uSRpGEJ_qSFKnWoOA==/com.lemon.lvoverseas-hUlupbB1jOzE7lN6ajo0ew==/lib/arm64/libfdk-aac.so using class loader ns clns-8 (caller=/data/app/~~i15S0uSRpGEJ_qSFKnWoOA==/com.lemon.lvoverseas-hUlupbB1jOzE7lN6ajo0ew==/base.apk!classes9.dex): ok
03-01 16:10:37.944 D/nativeloader( 8353): Load /data/app/~~i15S0uSRpGEJ_qSFKnWoOA==/com.lemon.lvoverseas-hUlupbB1jOzE7lN6ajo0ew==/lib/arm64/libttmplayer.so using class loader ns clns-8 (caller=/data/app/~~i15S0uSRpGEJ_qSFKnWoOA==/com.lemon.lvoverseas-hUlupbB1jOzE7lN6ajo0ew==/base.apk!classes9.dex): ok
03-01 16:10:37.954 I/EnginePreloader( 8353): checkInit: start
03-01 16:10:37.954 D/lazy_init_mdl( 8353): EnginePreloader : checkInit !
03-01 16:10:37.955 D/EnginePreloader( 8353): p2p lib isapplied: 0, loadertype: 0
03-01 16:10:37.964 D/nativeloader( 8353): Load /data/app/~~i15S0uSRpGEJ_qSFKnWoOA==/com.lemon.lvoverseas-hUlupbB1jOzE7lN6ajo0ew==/lib/arm64/libyuv.so using class loader ns clns-8 (caller=/data/app/~~i15S0uSRpGEJ_qSFKnWoOA==/com.lemon.lvoverseas-hUlupbB1jOzE7lN6ajo0ew==/base.apk!classes9.dex): ok
03-01 16:10:37.967 I/BtGatt.ScanManager( 3143): msg.what = MSG_CHECK_SCAN_STATUS, msg.arg1 = CHECK_BACKGROUND_TIMEOUT
03-01 16:10:37.974 D/nativeloader( 8353): Load /data/app/~~i15S0uSRpGEJ_qSFKnWoOA==/com.lemon.lvoverseas-hUlupbB1jOzE7lN6ajo0ew==/lib/arm64/libbytenn.so using class loader ns clns-8 (caller=/data/app/~~i15S0uSRpGEJ_qSFKnWoOA==/com.lemon.lvoverseas-hUlupbB1jOzE7lN6ajo0ew==/base.apk!classes9.dex): ok
03-01 16:10:37.975 D/nativeloader( 8353): Load /data/app/~~i15S0uSRpGEJ_qSFKnWoOA==/com.lemon.lvoverseas-hUlupbB1jOzE7lN6ajo0ew==/lib/arm64/libttheif_dec.so using class loader ns clns-8 (caller=/data/app/~~i15S0uSRpGEJ_qSFKnWoOA==/com.lemon.lvoverseas-hUlupbB1jOzE7lN6ajo0ew==/base.apk!classes9.dex): ok
03-01 16:10:37.978 D/free_mode( 8353): EnginePreloader setDataFreeMode Enable:false
