03-01 16:10:28.931 I/emon.lvoverseas( 8353): Background young concurrent mark compact GC freed 13MB AllocSpace bytes, 67(2868KB) LOS objects, 34% free, 26MB/40MB, paused 10.678ms,3.592ms total 316.853ms
03-01 16:10:28.933 E/android.system.suspend@1.0-service(  752): Error opening event_count for wakeup18: Permission denied
03-01 16:10:28.933 E/android.system.suspend@1.0-service(  752): Error reading event_count for wakeup18: Bad file descriptor
03-01 16:10:28.933 E/android.system.suspend@1.0-service(  752): Error opening max_time_ms for wakeup18: Permission denied
03-01 16:10:28.933 E/android.system.suspend@1.0-service(  752): Error reading max_time_ms for wakeup18: Bad file descriptor
03-01 16:10:28.933 E/android.system.suspend@1.0-service(  752): Error opening wakeup_count for wakeup18: Permission denied
03-01 16:10:28.933 E/android.system.suspend@1.0-service(  752): Error reading wakeup_count for wakeup18: Bad file descriptor
03-01 16:10:28.929 W/binder:752_3(  752): type=1400 audit(0.0:3144287): avc: denied { read } for name="event_count" dev="sysfs" ino=75667 scontext=u:r:system_suspend:s0 tcontext=u:object_r:vendor_sysfs_battery_supply:s0 tclass=file permissive=0
03-01 16:10:28.929 W/binder:752_3(  752): type=1400 audit(0.0:3144288): avc: denied { read } for name="max_time_ms" dev="sysfs" ino=75672 scontext=u:r:system_suspend:s0 tcontext=u:object_r:vendor_sysfs_battery_supply:s0 tclass=file permissive=0
03-01 16:10:28.929 W/binder:752_3(  752): type=1400 audit(0.0:3144289): avc: denied { read } for name="wakeup_count" dev="sysfs" ino=75668 scontext=u:r:system_suspend:s0 tcontext=u:object_r:vendor_sysfs_battery_supply:s0 tclass=file permissive=0
03-01 16:10:28.929 W/binder:752_3(  752): type=1400 audit(0.0:3144290): avc: denied { read } for name="total_time_ms" dev="sysfs" ino=75671 scontext=u:r:system_suspend:s0 tcontext=u:object_r:vendor_sysfs_battery_supply:s0 tclass=file permissive=0
03-01 16:10:28.933 E/android.system.suspend@1.0-service(  752): Error reading total_time_ms for wakeup18: Bad file descriptor
03-01 16:10:28.933 E/android.system.suspend@1.0-service(  752): Error opening expire_count for wakeup18: Permission denied
03-01 16:10:28.934 E/android.system.suspend@1.0-service(  752): Error reading expire_count for wakeup18: Bad file descriptor
03-01 16:10:28.934 E/android.system.suspend@1.0-service(  752): Error opening active_count for wakeup18: Permission denied
03-01 16:10:28.934 E/android.system.suspend@1.0-service(  752): Error reading active_count for wakeup18: Bad file descriptor
03-01 16:10:28.934 E/android.system.suspend@1.0-service(  752): Error opening last_change_ms for wakeup18: Permission denied
03-01 16:10:28.934 E/android.system.suspend@1.0-service(  752): Error reading last_change_ms for wakeup18: Bad file descriptor
03-01 16:10:28.934 E/android.system.suspend@1.0-service(  752): Error opening prevent_suspend_time_ms for wakeup18: Permission denied
03-01 16:10:28.934 E/android.system.suspend@1.0-service(  752): Error reading prevent_suspend_time_ms for wakeup18: Bad file descriptor
03-01 16:10:28.934 E/android.system.suspend@1.0-service(  752): Error opening name for wakeup18: Permission denied
03-01 16:10:28.934 E/android.system.suspend@1.0-service(  752): Error reading name for wakeup18: Bad file descriptor
03-01 16:10:28.934 E/android.system.suspend@1.0-service(  752): Error opening active_time_ms for wakeup18: Permission denied
03-01 16:10:28.934 E/android.system.suspend@1.0-service(  752): Error reading active_time_ms for wakeup18: Bad file descriptor
03-01 16:10:28.935 E/android.system.suspend@1.0-service(  752): Error opening event_count for wakeup16: Permission denied
03-01 16:10:28.935 E/android.system.suspend@1.0-service(  752): Error reading event_count for wakeup16: Bad file descriptor
03-01 16:10:28.935 E/android.system.suspend@1.0-service(  752): Error opening max_time_ms for wakeup16: Permission denied
03-01 16:10:28.935 E/android.system.suspend@1.0-service(  752): Error reading max_time_ms for wakeup16: Bad file descriptor
03-01 16:10:28.935 E/android.system.suspend@1.0-service(  752): Error opening wakeup_count for wakeup16: Permission denied
03-01 16:10:28.935 E/android.system.suspend@1.0-service(  752): Error reading wakeup_count for wakeup16: Bad file descriptor
03-01 16:10:28.935 E/android.system.suspend@1.0-service(  752): Error opening total_time_ms for wakeup16: Permission denied
03-01 16:10:28.935 E/android.system.suspend@1.0-service(  752): Error reading total_time_ms for wakeup16: Bad file descriptor
03-01 16:10:28.935 E/android.system.suspend@1.0-service(  752): Error opening expire_count for wakeup16: Permission denied
03-01 16:10:28.935 E/android.system.suspend@1.0-service(  752): Error reading expire_count for wakeup16: Bad file descriptor
03-01 16:10:28.935 E/android.system.suspend@1.0-service(  752): Error opening active_count for wakeup16: Permission denied
03-01 16:10:28.935 E/android.system.suspend@1.0-service(  752): Error reading active_count for wakeup16: Bad file descriptor
03-01 16:10:28.935 E/android.system.suspend@1.0-service(  752): Error opening last_change_ms for wakeup16: Permission denied
03-01 16:10:28.935 E/android.system.suspend@1.0-service(  752): Error reading last_change_ms for wakeup16: Bad file descriptor
03-01 16:10:28.935 E/android.system.suspend@1.0-service(  752): Error opening prevent_suspend_time_ms for wakeup16: Permission denied
03-01 16:10:28.935 E/android.system.suspend@1.0-service(  752): Error reading prevent_suspend_time_ms for wakeup16: Bad file descriptor
03-01 16:10:28.935 E/android.system.suspend@1.0-service(  752): Error opening name for wakeup16: Permission denied
03-01 16:10:28.935 E/android.system.suspend@1.0-service(  752): Error reading name for wakeup16: Bad file descriptor
03-01 16:10:28.935 E/android.system.suspend@1.0-service(  752): Error opening active_time_ms for wakeup16: Permission denied
03-01 16:10:28.935 E/android.system.suspend@1.0-service(  752): Error reading active_time_ms for wakeup16: Bad file descriptor
03-01 16:10:28.939 W/emon.lvoverseas( 8353): Deferring native library unloading due to contention
03-01 16:10:28.946 E/android.system.suspend@1.0-service(  752): Error opening event_count for wakeup19: Permission denied
03-01 16:10:28.947 E/android.system.suspend@1.0-service(  752): Error reading event_count for wakeup19: Bad file descriptor
03-01 16:10:28.947 E/android.system.suspend@1.0-service(  752): Error opening max_time_ms for wakeup19: Permission denied
03-01 16:10:28.947 E/android.system.suspend@1.0-service(  752): Error reading max_time_ms for wakeup19: Bad file descriptor
03-01 16:10:28.947 E/android.system.suspend@1.0-service(  752): Error opening wakeup_count for wakeup19: Permission denied
03-01 16:10:28.948 E/android.system.suspend@1.0-service(  752): Error reading wakeup_count for wakeup19: Bad file descriptor
03-01 16:10:28.948 E/android.system.suspend@1.0-service(  752): Error opening total_time_ms for wakeup19: Permission denied
03-01 16:10:28.948 E/android.system.suspend@1.0-service(  752): Error reading total_time_ms for wakeup19: Bad file descriptor
03-01 16:10:28.948 E/android.system.suspend@1.0-service(  752): Error opening expire_count for wakeup19: Permission denied
03-01 16:10:28.949 E/android.system.suspend@1.0-service(  752): Error reading expire_count for wakeup19: Bad file descriptor
03-01 16:10:28.949 E/android.system.suspend@1.0-service(  752): Error opening active_count for wakeup19: Permission denied
03-01 16:10:28.949 E/android.system.suspend@1.0-service(  752): Error reading active_count for wakeup19: Bad file descriptor
03-01 16:10:28.949 E/android.system.suspend@1.0-service(  752): Error opening last_change_ms for wakeup19: Permission denied
03-01 16:10:28.950 E/android.system.suspend@1.0-service(  752): Error reading last_change_ms for wakeup19: Bad file descriptor
03-01 16:10:28.950 E/android.system.suspend@1.0-service(  752): Error opening prevent_suspend_time_ms for wakeup19: Permission denied
03-01 16:10:28.950 E/android.system.suspend@1.0-service(  752): Error reading prevent_suspend_time_ms for wakeup19: Bad file descriptor
03-01 16:10:28.951 E/android.system.suspend@1.0-service(  752): Error opening name for wakeup19: Permission denied
03-01 16:10:28.951 E/android.system.suspend@1.0-service(  752): Error reading name for wakeup19: Bad file descriptor
03-01 16:10:28.951 E/android.system.suspend@1.0-service(  752): Error opening active_time_ms for wakeup19: Permission denied
03-01 16:10:28.952 E/android.system.suspend@1.0-service(  752): Error reading active_time_ms for wakeup19: Bad file descriptor
03-01 16:10:28.955 I/System.out( 8353): method getUserId is called
03-01 16:10:28.962 E/android.system.suspend@1.0-service(  752): Error opening event_count for wakeup8: Permission denied
03-01 16:10:28.963 E/android.system.suspend@1.0-service(  752): Error reading event_count for wakeup8: Bad file descriptor
03-01 16:10:28.964 E/android.system.suspend@1.0-service(  752): Error opening max_time_ms for wakeup8: Permission denied
03-01 16:10:28.964 E/android.system.suspend@1.0-service(  752): Error reading max_time_ms for wakeup8: Bad file descriptor
03-01 16:10:28.965 E/android.system.suspend@1.0-service(  752): Error opening wakeup_count for wakeup8: Permission denied
03-01 16:10:28.966 E/android.system.suspend@1.0-service(  752): Error reading wakeup_count for wakeup8: Bad file descriptor
03-01 16:10:28.966 E/android.system.suspend@1.0-service(  752): Error opening total_time_ms for wakeup8: Permission denied
03-01 16:10:28.967 E/android.system.suspend@1.0-service(  752): Error reading total_time_ms for wakeup8: Bad file descriptor
03-01 16:10:28.973 E/android.system.suspend@1.0-service(  752): Error opening expire_count for wakeup8: Permission denied
03-01 16:10:28.973 E/android.system.suspend@1.0-service(  752): Error reading expire_count for wakeup8: Bad file descriptor
03-01 16:10:28.973 E/android.system.suspend@1.0-service(  752): Error opening active_count for wakeup8: Permission denied
03-01 16:10:28.974 E/android.system.suspend@1.0-service(  752): Error reading active_count for wakeup8: Bad file descriptor
03-01 16:10:28.974 E/android.system.suspend@1.0-service(  752): Error opening last_change_ms for wakeup8: Permission denied
03-01 16:10:28.974 E/android.system.suspend@1.0-service(  752): Error reading last_change_ms for wakeup8: Bad file descriptor
03-01 16:10:28.975 E/android.system.suspend@1.0-service(  752): Error opening prevent_suspend_time_ms for wakeup8: Permission denied
03-01 16:10:28.975 E/android.system.suspend@1.0-service(  752): Error reading prevent_suspend_time_ms for wakeup8: Bad file descriptor
03-01 16:10:28.975 E/android.system.suspend@1.0-service(  752): Error opening name for wakeup8: Permission denied
03-01 16:10:28.976 E/android.system.suspend@1.0-service(  752): Error reading name for wakeup8: Bad file descriptor
03-01 16:10:28.976 E/android.system.suspend@1.0-service(  752): Error opening active_time_ms for wakeup8: Permission denied
03-01 16:10:28.976 E/android.system.suspend@1.0-service(  752): Error reading active_time_ms for wakeup8: Bad file descriptor
03-01 16:10:29.048 W/emon.lvoverseas( 8353): Long monitor contention with owner DefaultDispatcher-worker-22 (14495) at java.lang.Object com.vega.effectplatform.resource.SynchronizedLazyImplEx.getValue()(:262179) waiters=0 in java.lang.Object com.vega.effectplatform.resource.SynchronizedLazyImplEx.getValue() for 455ms
03-01 16:10:29.053 W/Settings( 8353): Setting android_id has moved from android.provider.Settings.System to android.provider.Settings.Secure, returning read-only value.
03-01 16:10:29.077 D/CompatibilityInfo( 1876): mCompatibilityFlags - 4
03-01 16:10:29.077 D/CompatibilityInfo( 1876): applicationDensity - 280
03-01 16:10:29.077 D/CompatibilityInfo( 1876): applicationScale - 1.0
03-01 16:10:29.161 I/lowmemorykiller(  600): Kill 'com.google.process.gapps' (10727), uid 10132, oom_score_adj 955 to free 77712kB rss, 38176kB swap; reason: critical pressure and device is low on memory
03-01 16:10:29.169 I/libprocessgroup( 1876): Successfully killed process cgroup uid 10132 pid 10727 in 5ms
03-01 16:10:29.179 W/BitmapFactory( 8353): bitmap marked for reuse (10368 bytes) can't fit new bitmap (20736 bytes)
03-01 16:10:29.190 I/ActivityManager( 1876): Process com.google.process.gapps (pid 10727) has died: cch+55 CEM 
03-01 16:10:29.191 E/ProcessManager( 1876): error write exception log
03-01 16:10:29.191 D/ActivityManagerServiceImpl( 1876): Cleaning tablet split stack.
03-01 16:10:29.193 I/Zygote  ( 1124): Process 10727 exited due to signal 9 (Killed)
03-01 16:10:29.210 I/Finsky  (14549): [2] Memory trim requested to level 15
03-01 16:10:29.227 I/AiAi    (30410): onTrimMemory() with level 15
03-01 16:10:29.235 I/cr_BindingManager( 5497): onTrimMemory: level=40, size=0
03-01 16:10:29.247 I/AppBase (12383): AppBase.onTrimMemory():285 onTrimMemory(): 15
03-01 16:10:29.247 I/KeyboardDefCache(12383): MemoryFileCache$1.onTrimMemory():124 clearMemory() for trim memory: 15
03-01 16:10:29.274 I/Finsky:background(13488): [2] Memory trim requested to level 60
03-01 16:10:29.277 I/libprocessgroup( 1876): Successfully killed process cgroup uid 10132 pid 10727 in 0ms
03-01 16:10:29.279 I/KeyboardDefCache(12383): MemoryFileCache.clearMemory():408 evictAll()
03-01 16:10:29.279 W/NotificationCenter(12383): NotificationCenter$NotificationQueue.notifyPendingNotificationsOnExecutor():877 Heavy notify work detected on UI thread: [nbc->kvg] takes 31ms
03-01 16:10:29.279 I/GoogleInputMethodService(12383): GoogleInputMethodService.onTrimMemory():2802 onTrimMemory(): 15
03-01 16:10:29.281 W/TooltipLifecycleManager(12383): TooltipLifecycleManager.dismissTooltips():153 Tooltip with id undo_access_point_promotion_banner not found in tooltipManager.
03-01 16:10:29.284 I/HardKeyTracker(12383): HardKeyTracker.unregisterKeySequence():221 Unregister key sequence nys{labelResId=2132020510, callback=ctw@e91b8b9, lastModifier=2, keyCodes=[32], actions=[0]}
03-01 16:10:29.284 I/HardKeyTracker(12383): HardKeyTracker.registerKeySequence():170 Register key sequence nys{labelResId=2132020510, callback=ctw@c84c5f1, lastModifier=2, keyCodes=[32], actions=[0]}
03-01 16:10:29.311 D/FramePredict(13171): FramePredict init: true
03-01 16:10:29.417 I/GoogleTTSServiceImpl( 2962): Cache enabled: true
03-01 16:10:29.525 W/emon.lvoverseas( 8353): Suspending all threads took: 21.380ms
03-01 16:10:29.539 I/KEVA.NATIVE( 8353): byte array do not exist
03-01 16:10:29.554 W/BpBinder(22304): PerfMonitor binderTransact :  time=203ms interface=android.app.IActivityManager code=91
03-01 16:10:29.714 I/system_server( 1876): Background young concurrent mark compact GC freed 22MB AllocSpace bytes, 24(1508KB) LOS objects, 20% free, 94MB/118MB, paused 1.965ms,6.031ms total 374.838ms
03-01 16:10:29.768 W/BitmapFactory( 8353): bitmap marked for reuse (10368 bytes) can't fit new bitmap (20736 bytes)
03-01 16:10:29.777 W/emon.lvoverseas( 8353): Long monitor contention with owner TTNet-Fg-W (14586) at com.ttnet.org.chromium.net.AndroidCertVerifyResult com.ttnet.org.chromium.net.X509Util.verifyServerCertificates(byte[][], java.lang.String, java.lang.String)(:50790556) waiters=3 in com.ttnet.org.chromium.net.AndroidCertVerifyResult com.ttnet.org.chromium.net.X509Util.verifyServerCertificates(byte[][], java.lang.String, java.lang.String) for 612ms
03-01 16:10:29.782 W/BitmapFactory( 8353): bitmap marked for reuse (10368 bytes) can't fit new bitmap (20736 bytes)
03-01 16:10:29.784 W/BitmapFactory( 8353): bitmap marked for reuse (10368 bytes) can't fit new bitmap (20736 bytes)
03-01 16:10:29.784 W/BitmapFactory( 8353): bitmap marked for reuse (10368 bytes) can't fit new bitmap (20736 bytes)
03-01 16:10:29.846 W/BitmapFactory( 8353): bitmap marked for reuse (10368 bytes) can't fit new bitmap (20736 bytes)
03-01 16:10:29.847 W/BitmapFactory( 8353): bitmap marked for reuse (10368 bytes) can't fit new bitmap (20736 bytes)
03-01 16:10:29.849 W/BitmapFactory( 8353): bitmap marked for reuse (10368 bytes) can't fit new bitmap (20736 bytes)
03-01 16:10:29.849 W/BitmapFactory( 8353): bitmap marked for reuse (10368 bytes) can't fit new bitmap (20736 bytes)
03-01 16:10:29.851 I/emon.lvoverseas( 8353): Waiting for a blocking GC ClassLinker
03-01 16:10:29.872 W/BitmapFactory( 8353): bitmap marked for reuse (10368 bytes) can't fit new bitmap (20736 bytes)
03-01 16:10:29.873 I/emon.lvoverseas( 8353): Background concurrent mark compact GC freed 8805KB AllocSpace bytes, 32(1904KB) LOS objects, 35% free, 44MB/68MB, paused 27.421ms,60.422ms total 725.070ms
03-01 16:10:29.874 I/emon.lvoverseas( 8353): WaitForGcToComplete blocked ClassLinker on Background for 23.577ms
03-01 16:10:29.887 W/emon.lvoverseas( 8353): Deferring native library unloading due to contention
03-01 16:10:29.918 I/Finsky  (14549): [108525] Device is eligible for platform Cronet and will attempt to use it.
03-01 16:10:29.919 W/Looper  ( 8353): PerfMonitor longMsg : seq=15 plan=16:10:25.088 late=32ms wall=4798ms h=android.os.Handler c=com.bytedance.crash.config.ConfigManager procState=-1
03-01 16:10:29.940 D/HttpFlagsLoader(14549): Not loading HTTP flags because they are disabled in the manifest
03-01 16:10:29.942 W/BitmapFactory( 8353): bitmap marked for reuse (10368 bytes) can't fit new bitmap (20736 bytes)
03-01 16:10:29.975 W/emon.lvoverseas( 8353): Long monitor contention with owner TTNet-Fg-W (14586) at com.ttnet.org.chromium.net.AndroidCertVerifyResult com.ttnet.org.chromium.net.X509Util.verifyServerCertificates(byte[][], java.lang.String, java.lang.String)(:50790556) waiters=4 in void com.ttnet.org.chromium.net.X509Util.ensureInitialized() for 786ms
03-01 16:10:29.977 D/ConnectivityService( 1876): requestNetwork for uid/pid:10145/14549 activeRequest: null callbackRequest: 52662 [NetworkRequest [ REQUEST id=52663, [ Capabilities: INTERNET&NOT_RESTRICTED&TRUSTED&NOT_VCN_MANAGED Uid: 10145 RequestorUid: 10145 RequestorPkg: com.android.vending UnderlyingNetworks: Null] ]] callback flags: 0 order: 2147483647 isUidTracked: false declaredMethods: AVAIL|LOST|NC|LP
03-01 16:10:29.983 D/UntrustedWifiNetworkFactory( 1876): got request NetworkRequest [ REQUEST id=52663, [ Capabilities: INTERNET&NOT_RESTRICTED&TRUSTED&NOT_VCN_MANAGED Uid: 10145 RequestorUid: 10145 RequestorPkg: com.android.vending UnderlyingNetworks: Null] ]
03-01 16:10:29.983 D/OemPaidWifiNetworkFactory( 1876): got request NetworkRequest [ REQUEST id=52663, [ Capabilities: INTERNET&NOT_RESTRICTED&TRUSTED&NOT_VCN_MANAGED Uid: 10145 RequestorUid: 10145 RequestorPkg: com.android.vending UnderlyingNetworks: Null] ]
03-01 16:10:29.984 D/MultiInternetWifiNetworkFactory( 1876): got request NetworkRequest [ REQUEST id=52663, [ Capabilities: INTERNET&NOT_RESTRICTED&TRUSTED&NOT_VCN_MANAGED Uid: 10145 RequestorUid: 10145 RequestorPkg: com.android.vending UnderlyingNetworks: Null] ]
03-01 16:10:29.984 D/ConnectivityService( 1876): NetReassign [52663 : null → 401] [c 1] [a 1] [i 4]
03-01 16:10:29.993 I/cn_CronetLibraryLoader(14549): Cronet version: 141.0.7340.3, arch: aarch64
03-01 16:10:29.995 W/BitmapFactory( 8353): bitmap marked for reuse (10368 bytes) can't fit new bitmap (20736 bytes)
03-01 16:10:30.002 D/CompatibilityChangeReporter( 1876): Compat change id reported: 319212206; UID 10145; state: ENABLED
03-01 16:10:30.016 E/flipped ( 8353): Attach current thread 0
03-01 16:10:30.016 D/ConnectivityService( 1876): NetReassign [no changes] [c 1] [a 2] [i 9]
03-01 16:10:30.016 E/flipped ( 8353): Detach current thread 0
03-01 16:10:30.016 E/flipped ( 8353): Attach current thread 0
03-01 16:10:30.016 E/flipped ( 8353): Detach current thread 0
03-01 16:10:30.016 E/FlippedV2Impl( 8353): V2 invokeHiddenApiRestrictions success.
03-01 16:10:30.022 D/MI-SF   ( 1358): setIdleFps choose FPS:48, mode:0
03-01 16:10:30.025 W/BitmapFactory( 8353): bitmap marked for reuse (10512 bytes) can't fit new bitmap (21024 bytes)
03-01 16:10:30.037 I/Finsky  (14549): [108525] CronetEngine is present. Using Cronet for the networking stack.
03-01 16:10:30.038 D/bytenn-cpu( 8353): V   bytenn espresso version: 3.11.60
03-01 16:10:30.042 W/SDM     ( 1241): HWDeviceDRM::GetSupportedBitClkRate: Requested rate not supported: 0
03-01 16:10:30.042 I/SDM     ( 1241): HWDeviceDRM::UpdateMixerAttributes: Mixer WxH 1200x1920-0 for Peripheral
03-01 16:10:30.043 I/SDM     ( 1241): HWCDisplay::SubmitDisplayConfig: Active configuration changed to: 3
03-01 16:10:30.044 I/SDM     ( 1241): HWDeviceDRM::SetDisplaySwitchMode: Mode 3 already set
03-01 16:10:30.070 D/CompatibilityChangeReporter( 1876): Compat change id reported: 135634846; UID 10132; state: DISABLED
03-01 16:10:30.070 D/CompatibilityChangeReporter( 1876): Compat change id reported: 177438394; UID 10132; state: DISABLED
03-01 16:10:30.070 D/CompatibilityChangeReporter( 1876): Compat change id reported: 135772972; UID 10132; state: DISABLED
03-01 16:10:30.070 D/CompatibilityChangeReporter( 1876): Compat change id reported: 135754954; UID 10132; state: ENABLED
03-01 16:10:30.071 D/CompatibilityChangeReporter( 1876): Compat change id reported: 143937733; UID 10132; state: ENABLED
03-01 16:10:30.086 W/BitmapFactory( 8353): bitmap marked for reuse (10368 bytes) can't fit new bitmap (20736 bytes)
03-01 16:10:30.099 W/BitmapFactory( 8353): bitmap marked for reuse (10368 bytes) can't fit new bitmap (20736 bytes)
03-01 16:10:30.109 D/Zygote  ( 1124): Forked child process 14743
03-01 16:10:30.134 E/Zygote  (14743): process_name_ptr:14743 com.google.process.gapps
03-01 16:10:30.135 E/zygote64(14743): Failed to parse /product/etc/mfz.xml: Tinyxml2 error (3): Error=XML_ERROR_FILE_NOT_FOUND ErrorID=3 (0x3) Line number=0: filename=/product/etc/mfz.xml
03-01 16:10:30.135 E/zygote64(14743): MemoryFreeze XMLFile not found
03-01 16:10:30.151 I/e.process.gapps(14743): Using CollectorTypeCMC GC.
03-01 16:10:30.170 D/nativeloader(14743): Load libframework-connectivity-tiramisu-jni.so using APEX ns com_android_tethering for caller /apex/com.android.tethering/javalib/framework-connectivity-t.jar: ok
03-01 16:10:30.179 D/Boost   ( 1876): hostingType=content provider, hostingName={com.google.android.gsf/com.google.android.gsf.settings.GoogleSettingsProvider}, callerPackage=com.android.vending, isSystem=true, isBoostNeeded=false.
03-01 16:10:30.183 W/ActivityManager( 1876): Slow operation: 113ms so far, now at startProcess: returned from zygote!
03-01 16:10:30.183 W/ActivityManager( 1876): Slow operation: 114ms so far, now at startProcess: done updating battery stats
03-01 16:10:30.184 W/ActivityManager( 1876): Slow operation: 114ms so far, now at startProcess: building log message
03-01 16:10:30.184 I/ActivityManager( 1876): Start proc 14743:com.google.process.gapps/u0a132 for content provider {com.google.android.gsf/com.google.android.gsf.settings.GoogleSettingsProvider} caller=com.android.vending
03-01 16:10:30.184 W/ActivityManager( 1876): Slow operation: 115ms so far, now at startProcess: starting to update pids map
03-01 16:10:30.187 W/ActivityManager( 1876): Slow operation: 117ms so far, now at startProcess: done updating pids map
03-01 16:10:30.190 W/System.err(14743): android.system.ErrnoException: open failed: ENOENT (No such file or directory)
03-01 16:10:30.191 W/System.err(14743): 	at libcore.io.Linux.open(Native Method)
03-01 16:10:30.191 W/System.err(14743): 	at libcore.io.ForwardingOs.open(ForwardingOs.java:574)
03-01 16:10:30.191 W/System.err(14743): 	at libcore.io.BlockGuardOs.open(BlockGuardOs.java:274)
03-01 16:10:30.191 W/System.err(14743): 	at libcore.io.ForwardingOs.open(ForwardingOs.java:574)
03-01 16:10:30.191 W/System.err(14743): 	at android.app.ActivityThread$AndroidOs.open(ActivityThread.java:8320)
03-01 16:10:30.191 W/System.err(14743): 	at android.system.Os.open(Os.java:508)
03-01 16:10:30.191 W/System.err(14743): 	at android.os.perfdebug.PerfDebugMonitorImpl.monitorVersionControl(PerfDebugMonitorImpl.java:204)
03-01 16:10:30.191 W/System.err(14743): 	at android.os.perfdebug.PerfDebugMonitorImpl.prepareMonitor(PerfDebugMonitorImpl.java:185)
03-01 16:10:30.191 W/System.err(14743): 	at android.app.ActivityThread.main(ActivityThread.java:8407)
03-01 16:10:30.191 W/System.err(14743): 	at java.lang.reflect.Method.invoke(Native Method)
03-01 16:10:30.191 W/System.err(14743): 	at com.android.internal.os.RuntimeInit$MethodAndArgsCaller.run(RuntimeInit.java:560)
03-01 16:10:30.191 W/System.err(14743): 	at com.android.internal.os.ZygoteInit.main(ZygoteInit.java:954)
03-01 16:10:30.192 I/MessageMonitor(14743): Load libmiui_runtime
03-01 16:10:30.210 I/SmartPower.com.google.process.gapps/10132(14743)( 1876): died->invisible(1020ms) R(process start ) adj=-10000.
03-01 16:10:30.212 D/CompatibilityInfo( 1876): mCompatibilityFlags - 4
03-01 16:10:30.212 D/CompatibilityInfo( 1876): applicationDensity - 280
03-01 16:10:30.212 D/CompatibilityInfo( 1876): applicationScale - 1.0
03-01 16:10:30.229 D/CompatibilityChangeReporter(14743): Compat change id reported: 171979766; UID 10132; state: ENABLED
03-01 16:10:30.239 D/RefreshRateConfigs( 1358): TouchBoost - choose Fps: 60.00 Hz
03-01 16:10:30.244 W/Looper  ( 8353): PerfMonitor longMsg : seq=168 plan=16:10:28.654 late=398ms wall=1185ms h=com.bytedance.monitor.collector.DoFrameBooster$ProxyFrameHandler c=android.view.Choreographer$FrameDisplayEventReceiver procState=-1
03-01 16:10:30.246 W/SDM     ( 1241): HWDeviceDRM::GetSupportedBitClkRate: Requested rate not supported: 0
03-01 16:10:30.246 I/HandWritingStubImpl( 8353): refreshLastKeyboardType: 1
03-01 16:10:30.247 I/SDM     ( 1241): HWDeviceDRM::UpdateMixerAttributes: Mixer WxH 1200x1920-0 for Peripheral
03-01 16:10:30.247 I/HandWritingStubImpl( 8353): getCurrentKeyboardType: 1
03-01 16:10:30.247 I/SDM     ( 1241): HWCDisplay::SubmitDisplayConfig: Active configuration changed to: 1
03-01 16:10:30.249 I/SDM     ( 1241): HWDeviceDRM::SetDisplaySwitchMode: Mode 1 already set
03-01 16:10:30.250 I/GoogleInputMethodService(12383): GoogleInputMethodService.onFinishInput():2092 
03-01 16:10:30.256 I/Module  (12383): DeviceLockedStatusModuleProvider$Module.updateDeviceLockedStatus():103 repeatCheckTimes = 0, locked = false
03-01 16:10:30.258 I/GoogleInputMethodService(12383): GoogleInputMethodService.onStartInput():1349 onStartInput(EditorInfo{EditorInfo{packageName=com.lemon.lvoverseas, inputType=0, inputTypeString=NULL, enableLearning=false, autoCorrection=false, autoComplete=false, imeOptions=0, privateImeOptions=null, actionName=UNSPECIFIED, actionLabel=null, initialSelStart=-1, initialSelEnd=-1, initialCapsMode=0, label=null, fieldId=2131310736, fieldName=null, extras=Bundle[mParcelledData.dataSize=72], hintText=null, hintLocales=[]}}, false)
03-01 16:10:30.259 D/nativeloader(14743): Configuring clns-shared-4 for other apk /system/framework/org.apache.http.legacy.jar. target_sdk_version=33, uses_libraries=ALL, library_path=/system_ext/priv-app/GoogleServicesFramework/lib/arm64:/system_ext/priv-app/GoogleServicesFramework/GoogleServicesFramework.apk!/lib/arm64-v8a:/system/lib64:/system_ext/lib64, permitted_path=/data:/mnt/expand:/data/user/0/com.google.android.gsf:/system_ext/priv-app/GoogleServicesFramework:/system/lib64:/system_ext/lib64
03-01 16:10:30.259 D/nativeloader(14743): Extending system_exposed_libraries: libbinauralrenderer_wrapper.qti.so:libhoaeffects.qti.so:libQOC.qti.so:libmisys_jni.xiaomi.so:libupdateprof.qti.so:libthermalclient.qti.so:libQOC.qti.so:libdiag_system.qti.so:libqape.qti.so:liblistenjni.qti.so
03-01 16:10:30.261 I/Module  (12383): DeviceLockedStatusModuleProvider$Module.updateDeviceLockedStatus():103 repeatCheckTimes = 1, locked = false
03-01 16:10:30.262 W/BitmapFactory( 8353): bitmap marked for reuse (10368 bytes) can't fit new bitmap (20736 bytes)
03-01 16:10:30.265 W/BitmapFactory( 8353): bitmap marked for reuse (10368 bytes) can't fit new bitmap (20736 bytes)
03-01 16:10:30.267 W/emon.lvoverseas( 8353): Long monitor contention with owner FrescoDecodeExecutor-2 (14648) at void com.facebook.imagepipeline.memory.BasePool.release(java.lang.Object)(:17170494) waiters=1 in void com.facebook.imagepipeline.memory.BasePool.c() for 110ms
03-01 16:10:30.268 W/InputMethodManager( 8353): Ignoring onBind: cur seq=42795, given seq=42794
03-01 16:10:30.275 W/BitmapFactory( 8353): bitmap marked for reuse (10368 bytes) can't fit new bitmap (20736 bytes)
03-01 16:10:30.277 D/Utilities( 2662):  oldHints : 0 backDisposition : 0 imeShown : false hints 0
03-01 16:10:30.284 D/nativeloader(14743): Configuring clns-shared-5 for other apk /system_ext/priv-app/GoogleServicesFramework/GoogleServicesFramework.apk. target_sdk_version=33, uses_libraries=, library_path=/system_ext/priv-app/GoogleServicesFramework/lib/arm64:/system_ext/priv-app/GoogleServicesFramework/GoogleServicesFramework.apk!/lib/arm64-v8a:/system/lib64:/system_ext/lib64, permitted_path=/data:/mnt/expand:/data/user/0/com.google.android.gsf:/system_ext/priv-app/GoogleServicesFramework:/system/lib64:/system_ext/lib64
03-01 16:10:30.293 D/nativeloader(14743): Load libframework-connectivity-jni.so using APEX ns com_android_tethering for caller /apex/com.android.tethering/javalib/framework-connectivity.jar: ok
03-01 16:10:30.295 I/Perf    (14743): Connecting to perf service.
03-01 16:10:30.301 V/GraphicsEnvironment(14743): ANGLE Developer option for 'com.google.android.gsf' set to: 'default'
03-01 16:10:30.302 V/GraphicsEnvironment(14743): ANGLE GameManagerService for com.google.android.gsf: false
03-01 16:10:30.303 V/GraphicsEnvironment(14743): Neither updatable production driver nor prerelease driver is supported.
03-01 16:10:30.305 D/mobilecv2( 8353): mobilecv2: 1.8.27
03-01 16:10:30.313 I/ForceDarkHelperStubImpl(14743): initialize for com.google.android.gsf , ForceDarkOrigin
03-01 16:10:30.315 D/nativeloader(14743): Load libforcedarkimpl.so using system ns (caller=/system_ext/framework/miui-framework.jar): ok
03-01 16:10:30.316 D/e.process.gapps(14743): JNI_OnLoad success
03-01 16:10:30.316 I/MiuiForceDarkConfig(14743): setConfig density:1.750000, mainRule:0, secondaryRule:0, tertiaryRule:0
03-01 16:10:30.321 D/NetworkSecurityConfig(14743): No Network Security Config specified, using platform default
03-01 16:10:30.322 D/NetworkSecurityConfig(14743): No Network Security Config specified, using platform default
03-01 16:10:30.344 D/CompatibilityInfo( 1876): mCompatibilityFlags - 4
03-01 16:10:30.344 D/CompatibilityInfo( 1876): applicationDensity - 280
03-01 16:10:30.344 D/CompatibilityInfo( 1876): applicationScale - 1.0
03-01 16:10:30.368 I/GoogleHttpClient(14743): GMS http client unavailable, use old client
03-01 16:10:30.383 D/CompatibilityChangeReporter( 1876): Compat change id reported: 161145287; UID 10132; state: DISABLED
03-01 16:10:30.422 W/Looper  ( 8353): PerfMonitor longMsg : seq=2 plan=16:10:25.469 late=0ms wall=4952ms h=com.bytedance.bpea.transmit.delegate.BPEAHandler c=com.bytedance.bdturing.setting.SettingsManager$updateTask$1 procState=-1
03-01 16:10:30.437 I/Finsky  (14549): [108556] ApplicationRestrictions: {}
03-01 16:10:30.445 D/CompatibilityChangeReporter( 1876): Compat change id reported: 201794303; UID 10132; state: ENABLED
03-01 16:10:30.454 D/Helios:Network-White( 8353): Block request graph.facebook.com
03-01 16:10:30.506 D/Helios:Network-White( 8353): Block request commerce-api.capcutapi.com
03-01 16:10:30.506 D/Helios:Network-White( 8353): Block request commerce-api.capcutapi.com
03-01 16:10:30.592 D/Helios:Network-White( 8353): Block request graph.facebook.com
03-01 16:10:30.593 W/ThreadPoolForeg(24872): type=1400 audit(0.0:3144327): avc: denied { write } for name="traced_producer" dev="tmpfs" ino=1219 scontext=u:r:gmscore_app:s0:c512,c768 tcontext=u:object_r:traced_producer_socket:s0 tclass=sock_file permissive=0 app=com.termux
03-01 16:10:30.601 D/CompatibilityChangeReporter( 8353): Compat change id reported: 147600208; UID 10500; state: ENABLED
03-01 16:10:30.630 D/Helios:Network-TTNet( 8353): pop event true for 0b3b14a3-72a4-490b-bf01-5ac2a9354c1d
03-01 16:10:30.634 D/Helios:Network-TTNet( 8353): pop event true for 289f9767-d3a2-4bb7-b29f-a82c025b34d6
03-01 16:10:30.673 E/KeymasterUtils(  695): rsp_header->status: -28
03-01 16:10:30.674 E/KeyMasterHalDevice(  695): abort_operation
03-01 16:10:30.674 E/KeyMasterHalDevice(  695): ret: -28
03-01 16:10:30.701 I/emon.lvoverseas( 8353): Background young concurrent mark compact GC freed 7613KB AllocSpace bytes, 50(8628KB) LOS objects, 24% free, 52MB/68MB, paused 8.265ms,8.409ms total 496.976ms
03-01 16:10:30.704 W/WakePathChecker( 1876): MIUILOG-WAKEPATH: call was rejected by wakepath. userId= 0 caller= com.lemon.lvoverseas callee= com.facebook.katana classname=com.facebook.katana.provider.AttributionIdProvider action=null wakeType=4
03-01 16:10:30.705 E/ActivityThread( 8353): Failed to find provider info for com.facebook.katana.provider.AttributionIdProvider
03-01 16:10:30.707 W/emon.lvoverseas( 8353): Deferring native library unloading due to contention
03-01 16:10:30.781 E/KeymasterUtils(  695): rsp_header->status: -28
03-01 16:10:30.781 E/KeyMasterHalDevice(  695): abort_operation
03-01 16:10:30.781 E/KeyMasterHalDevice(  695): ret: -28
03-01 16:10:30.809 I/SmartPower.com.google.android.inputmethod.latin:train/10159(19502)( 1876): visible->invisible(47190ms) R(become invisible) adj=975.
03-01 16:10:30.809 I/SmartPower.com.google.android.inputmethod.latin/10159(12383)( 1876): visible->invisible(47371ms) R(become invisible) adj=100.
03-01 16:10:30.809 I/SmartPower.com.google.android.inputmethod.latin:train/10159(19502)( 1876): invisible->background(0ms) R(become background) adj=975.
03-01 16:10:30.809 I/SmartPower.com.google.android.inputmethod.latin/10159(12383)( 1876): invisible->background(0ms) R(become background) adj=100.
03-01 16:10:30.834 D/MI-SF   ( 1358): [FpsStat] distroy...
03-01 16:10:30.871 D/AdvertisingIdClient(24872): AdvertisingIdClient already created.
03-01 16:10:30.871 D/AdvertisingIdClient(24872): AdvertisingIdClient is not bounded. Starting to bind it...
03-01 16:10:30.874 D/CompatibilityInfo( 1876): mCompatibilityFlags - 4
03-01 16:10:30.874 D/CompatibilityInfo( 1876): applicationDensity - 280
03-01 16:10:30.874 D/CompatibilityInfo( 1876): applicationScale - 1.0
03-01 16:10:30.901 D/AdvertisingIdClient(24872): AdvertisingIdClient is bounded
03-01 16:10:30.903 I/AdvertisingIdClient(24872): shouldSendLog 2827539144
03-01 16:10:30.903 I/AdvertisingIdClient(24872): GetInfoInternal elapse 32ms
03-01 16:10:30.986 W/System.err( 8353): java.lang.NumberFormatException: Cannot parse null string
03-01 16:10:30.986 W/System.err( 8353): 	at java.lang.Long.parseLong(Long.java:703)
03-01 16:10:30.986 W/System.err( 8353): 	at java.lang.Long.parseLong(Long.java:863)
03-01 16:10:30.986 W/System.err( 8353): 	at com.optimize.statistics.FrescoTraceListener.onProducerFinishWithFailure(Unknown Source:67567797)
03-01 16:10:30.986 W/System.err( 8353): 	at com.facebook.imagepipeline.listener.ForwardingRequestListener.onProducerFinishWithFailure(Unknown Source:67371029)
03-01 16:10:30.986 W/System.err( 8353): 	at com.facebook.imagepipeline.producers.DecodeProducer$ProgressiveDecoder.doDecode(Unknown Source:34079413)
03-01 16:10:30.986 W/System.err( 8353): 	at com.facebook.imagepipeline.producers.DecodeProducer$ProgressiveDecoder$1.run(Unknown Source:33882178)
03-01 16:10:30.987 W/System.err( 8353): 	at com.facebook.imagepipeline.producers.JobScheduler.doJob(Unknown Source:262174)
03-01 16:10:30.987 W/System.err( 8353): 	at com.facebook.imagepipeline.producers.JobScheduler$1.run(Unknown Source:65538)
03-01 16:10:30.987 W/System.err( 8353): 	at java.util.concurrent.ThreadPoolExecutor.runWorker(ThreadPoolExecutor.java:1154)
03-01 16:10:30.987 W/System.err( 8353): 	at java.util.concurrent.ThreadPoolExecutor$Worker.run(ThreadPoolExecutor.java:652)
03-01 16:10:30.987 W/System.err( 8353): 	at com.facebook.imagepipeline.core.PriorityThreadFactory$1.run(Unknown Source:131081)
03-01 16:10:30.987 W/System.err( 8353): 	at java.lang.Thread.run(Thread.java:1563)
03-01 16:10:30.987 W/System.err( 8353): 	at com.bytedance.bpea.transmit.delegate.BPEAThread.run(Unknown Source:196617)
03-01 16:10:31.021 I/Choreographer( 8353): Skipped 37 frames!  The application may be doing too much work on its main thread.
03-01 16:10:31.022 I/System.out( 8353): method getUserId is called
03-01 16:10:31.043 D/Helios:Network-White( 8353): Block request feed-api.capcutapi.com
03-01 16:10:31.056 W/emon.lvoverseas( 8353): Long monitor contention with owner DefaultDispatcher-worker-19 (14492) at void dalvik.system.DexPathList$Element.maybeInit()(DexPathList.java:771) waiters=0 in void dalvik.system.DexPathList$Element.maybeInit() for 825ms
03-01 16:10:31.079 W/emon.lvoverseas( 8353): Long monitor contention with owner DefaultDispatcher-worker-19 (14492) at void dalvik.system.DexPathList$Element.maybeInit()(DexPathList.java:771) waiters=1 in void dalvik.system.DexPathList$Element.maybeInit() for 251ms
03-01 16:10:31.079 D/CompatibilityChangeReporter( 1876): Compat change id reported: 161252188; UID 10132; state: DISABLED
03-01 16:10:31.081 W/ProcessStats( 1876): Tracking association SourceState{785e96a com.miui.home/10138 BTopFgs #1568969} whose proc state 2 is better than process ProcessState{d1e7a8d com.miui.securitycenter.remote/1000 pkg=com.miui.securitycenter} proc state 3 (107 skipped)
03-01 16:10:31.083 D/BoundBrokerSvc(24814): onRebind: Intent { act=com.google.android.gms.common.telemetry.service.START dat=chimera-action:/... cmp=com.google.android.gms/.chimera.PersistentApiService }
03-01 16:10:31.111 D/Helios:Network-TTNet( 8353): pop event true for 7e8484a3-9365-41dc-8d56-e95c12683fcc
03-01 16:10:31.112 D/BoundBrokerSvc(24814): onRebind: Intent { act=com.google.android.gms.presencemanager.service.START dat=chimera-action:/... cmp=com.google.android.gms/.chimera.PersistentApiService }
03-01 16:10:31.127 D/BoundBrokerSvc(24814): onRebind: Intent { act=com.google.android.gms.presencemanager.service.INTERNAL_IDENTITY dat=chimera-action:/... cmp=com.google.android.gms/.chimera.PersistentApiService }
03-01 16:10:31.175 D/Carrier_Cache_Entry( 8353): receive broadcast >> android.net.conn.CONNECTIVITY_CHANGE  isInitialStickyBroadcast:true
03-01 16:10:31.201 I/NetworkScheduler(24814): (REDACTED) Error inserting %s
03-01 16:10:31.207 I/OpenGLRenderer( 8353): Davey! duration=785ms; Flags=0, FrameTimelineVsyncId=1213798776, IntendedVsync=1875620537045067, Vsync=1875621153711709, InputEventId=0, HandleInputStart=1875621158413509, AnimationStart=1875621158420436, PerformTraversalsStart=1875621159055279, DrawStart=1875621186078196, FrameDeadline=1875620570378399, FrameInterval=1875621158182571, FrameStartTime=16666666, SyncQueued=1875621198976113, SyncStart=1875621215453925, IssueDrawCommandsStart=1875621270823508, SwapBuffers=1875621328228821, FrameCompleted=1875621338666946, DequeueBufferDuration=28959, QueueBufferDuration=467448, GpuCompleted=1875621338666946, SwapBuffersCompleted=1875621330130227, DisplayPresentTime=7809644653794452848, CommandSubmissionCompleted=1875621328228821, 
03-01 16:10:31.281 W/emon.lvoverseas( 8353): Long monitor contention with owner SettingsConfig$Builder1 (14423) at void com.bytedance.news.common.settings.internal.LocalCache.f(com.bytedance.news.common.settings.api.SettingsData, com.bytedance.news.common.settings.SettingsConfig, boolean, com.bytedance.news.common.settings.api.SettingsData)(:67567954) waiters=0 in com.bytedance.news.common.settings.api.SettingsData com.bytedance.news.common.settings.internal.LocalCache.d(java.lang.String) for 618ms
03-01 16:10:31.321 D/Helios:Network-White( 8353): Block request commerce-api.capcutapi.com
03-01 16:10:31.394 D/Helios:Network-TTNet( 8353): pop event true for f5080ace-4c81-49a3-8fa4-427445208c18
03-01 16:10:31.445 I/emon.lvoverseas( 8353): Background concurrent mark compact GC freed 12MB AllocSpace bytes, 87(10096KB) LOS objects, 29% free, 58MB/82MB, paused 13.257ms,7.384ms total 737.445ms
03-01 16:10:31.451 W/emon.lvoverseas( 8353): Deferring native library unloading due to contention
03-01 16:10:31.452 W/Looper  ( 1876): PerfMonitor longMsg : seq=2074857 plan=16:10:29.217 late=59ms wall=2175ms h=com.android.server.am.AppProfiler$BgHandler w=1 procState=-1
03-01 16:10:31.478 I/MiuiNetworkPolicy( 1876): updateUidState uid = 90082, uidState = 17
03-01 16:10:31.480 I/MiuiNetworkPolicy( 1876): updateUidState uid = 10150, uidState = 16
03-01 16:10:31.561 D/Helios:Network-White( 8353): Block request mon-v2-boot.capcutapi.com
03-01 16:10:31.620 D/Helios:Network-TTNet( 8353): pop event true for 2c569fac-e5f9-463b-bbb9-9f3d802269b6
03-01 16:10:31.659 I/HandWritingStubImpl( 8353): refreshLastKeyboardType: 1
03-01 16:10:31.660 I/HandWritingStubImpl( 8353): getCurrentKeyboardType: 1
03-01 16:10:31.668 I/GoogleInputMethodService(12383): GoogleInputMethodService.onFinishInput():2092 
03-01 16:10:31.669 I/Module  (12383): DeviceLockedStatusModuleProvider$Module.updateDeviceLockedStatus():103 repeatCheckTimes = 0, locked = false
03-01 16:10:31.677 I/GoogleInputMethodService(12383): GoogleInputMethodService.onStartInput():1349 onStartInput(EditorInfo{EditorInfo{packageName=com.lemon.lvoverseas, inputType=0, inputTypeString=NULL, enableLearning=false, autoCorrection=false, autoComplete=false, imeOptions=0, privateImeOptions=null, actionName=UNSPECIFIED, actionLabel=null, initialSelStart=-1, initialSelEnd=-1, initialCapsMode=0, label=null, fieldId=2131297614, fieldName=null, extras=Bundle[mParcelledData.dataSize=72], hintText=null, hintLocales=[]}}, false)
03-01 16:10:31.688 I/Module  (12383): DeviceLockedStatusModuleProvider$Module.updateDeviceLockedStatus():103 repeatCheckTimes = 1, locked = false
03-01 16:10:31.689 D/CompatibilityChangeReporter( 8353): Compat change id reported: 194532703; UID 10500; state: ENABLED
03-01 16:10:31.692 D/CompatibilityChangeReporter( 1876): Compat change id reported: 194532703; UID 10500; state: ENABLED
03-01 16:10:31.721 D/Helios:Network-White( 8353): Block request feed-api.capcutapi.com
03-01 16:10:31.767 D/Helios:Network-TTNet( 8353): pop event true for 8463e4fd-5c30-4f38-9c59-40802ca5ac6b
03-01 16:10:31.797 I/putmethod.latin(12383): Background young concurrent mark compact GC freed 20MB AllocSpace bytes, 18(736KB) LOS objects, 45% free, 28MB/51MB, paused 1.452ms,4.165ms total 119.823ms
03-01 16:10:31.798 D/mobilecv2( 8353): mobilecv2: 1.8.27
03-01 16:10:31.800 D/nativeloader( 8353): Load /data/app/~~i15S0uSRpGEJ_qSFKnWoOA==/com.lemon.lvoverseas-hUlupbB1jOzE7lN6ajo0ew==/lib/arm64/libcccreator.so using class loader ns clns-8 (caller=/data/app/~~i15S0uSRpGEJ_qSFKnWoOA==/com.lemon.lvoverseas-hUlupbB1jOzE7lN6ajo0ew==/base.apk!classes9.dex): ok
03-01 16:10:31.874 D/MiuiTcpSocketTracker( 1876): skip mismatch tcpInfo:TcpInfo{lost=0, retransmit=0, sent=51}
03-01 16:10:31.893 W/WifiHandlerThre( 1876): type=1400 audit(0.0:3144328): avc: denied { read } for name="u:object_r:vendor_wlan_logs_prop:s0" dev="tmpfs" ino=488 scontext=u:r:system_server:s0 tcontext=u:object_r:vendor_wlan_logs_prop:s0 tclass=file permissive=0
03-01 16:10:31.895 W/libc    ( 1876): Access denied finding property "persist.vendor.cnss_diag.enable"
03-01 16:10:32.039 D/TrafficManageService(31562): onReceive: intent.action = com.android.server.action.NETWORK_STATS_UPDATED
03-01 16:10:32.062 E/MiuiActivityController( 1876): MiuiLog-ActivityObserver: There was something wrong : null
03-01 16:10:32.068 W/VESDKJNI( 8353): JNI_OnLoad start:1772352632068
03-01 16:10:32.080 I/EffectSDK-2090( 8353): [jnimanager.cpp 114] getPackageName name: com.lemon.lvoverseas
03-01 16:10:32.082 W/System.err( 8353): java.lang.NoSuchMethodError: no static method "Lcom/bef/effectsdk/GeneralParam;.getHeaderStr(Ljava/lang/String;)Ljava/lang/String;"
03-01 16:10:32.082 W/System.err( 8353): 	at java.lang.Runtime.nativeLoad(Native Method)
03-01 16:10:32.082 W/System.err( 8353): 	at java.lang.Runtime.loadLibrary0(Runtime.java:1095)
03-01 16:10:32.082 W/System.err( 8353): 	at java.lang.Runtime.loadLibrary0(Runtime.java:1019)
03-01 16:10:32.082 W/System.err( 8353): 	at java.lang.System.loadLibrary(System.java:1765)
03-01 16:10:32.082 W/System.err( 8353): 	at com.bytedance.librarian.LibrarianImpl.l(Unknown Source:17104901)
03-01 16:10:32.082 W/System.err( 8353): 	at com.bytedance.librarian.LibrarianImpl.j(Unknown Source:34013256)
03-01 16:10:32.082 W/System.err( 8353): 	at com.bytedance.librarian.LibrarianImpl.k(Unknown Source:33947661)
03-01 16:10:32.082 W/System.err( 8353): 	at com.bytedance.librarian.LibrarianImpl.i(Unknown Source:33816622)
03-01 16:10:32.082 W/System.err( 8353): 	at com.bytedance.librarian.Librarian.Librarian__loadLibraryInternal$___twin___(Unknown Source:67305484)
03-01 16:10:32.082 W/System.err( 8353): 	at com.bytedance.librarian.Librarian.com_bytedance_librarian_Librarian_com_vega_launcher_lancet_SoLoadLancet_loadLibraryInternal(Unknown Source:67305475)
03-01 16:10:32.082 W/System.err( 8353): 	at com.bytedance.librarian.Librarian.loadLibrary(Unknown Source:16842754)
03-01 16:10:32.082 W/System.err( 8353): 	at com.vega.start.logic.StartLifeDispatcher$onLaunchFinished$1.invokeSuspend(Unknown Source:17170468)
03-01 16:10:32.082 W/System.err( 8353): 	at kotlin.coroutines.jvm.internal.BaseContinuationImpl.resumeWith(Unknown Source:17039371)
03-01 16:10:32.082 W/System.err( 8353): 	at kotlinx.coroutines.DispatchedTask.run(Unknown Source:393313)
03-01 16:10:32.082 W/System.err( 8353): 	at kotlinx.coroutines.internal.LimitedDispatcher.run(Unknown Source:327691)
03-01 16:10:32.082 W/System.err( 8353): 	at kotlinx.coroutines.scheduling.TaskImpl.run(Unknown Source:196610)
03-01 16:10:32.082 W/System.err( 8353): 	at kotlinx.coroutines.scheduling.CoroutineScheduler$Worker.run(Unknown Source:458805)
03-01 16:10:32.082 E/EffectSDK-2090( 8353): [BEFGeneralParam.cpp 232] setupGeneralParam: find java method GeneralParam#getHeaderStr failed
03-01 16:10:32.083 I/EffectSensorCallback( 8353): ## 2026-03-01 16:10:32 [threadid:323206320,EffectSensorCallback.cpp,67] INFO ## [EffectSensorCallback]setupEffectSensorCallback succeed.
03-01 16:10:32.083 D/AMGJNI  ( 8353): J4ALoader: OK: 'com.amazing.media.AudioPlayer' loaded
03-01 16:10:32.083 D/AMGJNI  ( 8353): J4ALoader: OK: 'com.amazing.utils.TextMeshUtils' loaded
03-01 16:10:32.083 I/EffectSDK-2090( 8353): [jnimanager.cpp 478] BEF_EFFECT_JNI_OnLoad
03-01 16:10:32.083 W/VESDKJNI( 8353): ===== VEBase_JNI_OnLoad start =====, gJvm: 0xb400007f6ba30e00 0x7c989241b0.
03-01 16:10:32.106 W/System.err( 8353): java.lang.NumberFormatException: Cannot parse null string
03-01 16:10:32.106 W/System.err( 8353): 	at java.lang.Long.parseLong(Long.java:703)
03-01 16:10:32.106 W/System.err( 8353): 	at java.lang.Long.parseLong(Long.java:863)
03-01 16:10:32.106 W/System.err( 8353): 	at com.optimize.statistics.FrescoTraceListener.onProducerFinishWithFailure(Unknown Source:67567797)
03-01 16:10:32.106 W/System.err( 8353): 	at com.facebook.imagepipeline.listener.ForwardingRequestListener.onProducerFinishWithFailure(Unknown Source:67371029)
03-01 16:10:32.106 W/System.err( 8353): 	at com.facebook.imagepipeline.producers.DecodeProducer$ProgressiveDecoder.doDecode(Unknown Source:34079413)
03-01 16:10:32.106 W/System.err( 8353): 	at com.facebook.imagepipeline.producers.DecodeProducer$ProgressiveDecoder$1.run(Unknown Source:33882178)
03-01 16:10:32.106 W/System.err( 8353): 	at com.facebook.imagepipeline.producers.JobScheduler.doJob(Unknown Source:262174)
03-01 16:10:32.106 W/System.err( 8353): 	at com.facebook.imagepipeline.producers.JobScheduler$1.run(Unknown Source:65538)
03-01 16:10:32.106 W/System.err( 8353): 	at java.util.concurrent.ThreadPoolExecutor.runWorker(ThreadPoolExecutor.java:1154)
03-01 16:10:32.106 W/System.err( 8353): 	at java.util.concurrent.ThreadPoolExecutor$Worker.run(ThreadPoolExecutor.java:652)
03-01 16:10:32.106 W/System.err( 8353): 	at com.facebook.imagepipeline.core.PriorityThreadFactory$1.run(Unknown Source:131081)
03-01 16:10:32.106 W/System.err( 8353): 	at java.lang.Thread.run(Thread.java:1563)
03-01 16:10:32.106 W/System.err( 8353): 	at com.bytedance.bpea.transmit.delegate.BPEAThread.run(Unknown Source:196617)
03-01 16:10:32.129 D/PerfShielderService( 1876): com.lemon.lvoverseas|com.lemon.lvoverseas/com.vega.main.MainActivity|3249|1875621840705175|1585|3|8
03-01 16:10:32.130 D/PerfShielderService( 1876): com.lemon.lvoverseas|com.lemon.lvoverseas/com.vega.main.MainActivity|197|1875622205281633|188|3|2
03-01 16:10:32.138 W/MiuiPerfServiceClient( 3370): interceptAndQueuing:8353|com.lemon.lvoverseas|3249|1585|1875621840705175|Slow handle traversal|8
03-01 16:10:32.138 W/MiuiPerfServiceClient( 3370): interceptAndQueuing:8353|com.lemon.lvoverseas|197|188|1875622205281633|Slow handle traversal|2
03-01 16:10:32.148 I/emon.lvoverseas( 8353): Background young concurrent mark compact GC freed 11MB AllocSpace bytes, 45(8268KB) LOS objects, 28% free, 58MB/82MB, paused 5.360ms,4.266ms total 490.830ms
03-01 16:10:32.170 W/VESDK   ( 8353): [libbytevc1enc8bit.c]:[515] Register [libbytevc1_8bit]
03-01 16:10:32.171 W/VESDKJNI( 8353): ===== VEBase_JNI_OnLoad end =====, gJvm: 0xb400007f6ba30e00.
03-01 16:10:32.203 W/VESDKJNI( 8353): JNI_OnLoad end:1772352632203
03-01 16:10:32.225 W/Thread-274( 8353): type=1400 audit(0.0:3144329): avc: denied { read } for name="devfreq" dev="sysfs" ino=28133 scontext=u:r:untrusted_app:s0:c244,c257,c512,c768 tcontext=u:object_r:vendor_sysfs_devfreq:s0 tclass=dir permissive=0 app=com.google.android.partnersetup
03-01 16:10:32.225 W/Thread-274( 8353): type=1400 audit(0.0:3144330): avc: denied { read } for name="devfreq" dev="sysfs" ino=28133 scontext=u:r:untrusted_app:s0:c244,c257,c512,c768 tcontext=u:object_r:vendor_sysfs_devfreq:s0 tclass=dir permissive=0 app=com.google.android.partnersetup
03-01 16:10:32.351 D/Helios:Network-White( 8353): Block request editor-api.capcutapi.com
03-01 16:10:32.357 D/Helios:Network-White( 8353): Block request editor-api.capcutapi.com
