03-01 16:10:26.927 I/SystemConfig(14549): Reading permissions from /system_ext/etc/permissions/privapp-permissions-miui-system-ext.xml
03-01 16:10:26.928 I/SystemConfig(14549): Reading permissions from /system_ext/etc/permissions/privapp-permissions-qti-system-ext.xml
03-01 16:10:26.929 I/SystemConfig(14549): Reading permissions from /system_ext/etc/permissions/qcrilhook.xml
03-01 16:10:26.929 I/SystemConfig(14549): Reading permissions from /system_ext/etc/permissions/qti_libpermissions.xml
03-01 16:10:26.929 I/SystemConfig(14549): Reading permissions from /system_ext/etc/permissions/qti_permissions.xml
03-01 16:10:26.929 I/SystemConfig(14549): Reading permissions from /system_ext/etc/permissions/qti_telephony_hidl_wrapper.xml
03-01 16:10:26.929 I/SystemConfig(14549): Reading permissions from /system_ext/etc/permissions/qti_telephony_utils.xml
03-01 16:10:26.930 I/SystemConfig(14549): Reading permissions from /system_ext/etc/permissions/telephony_system-ext_privapp-permissions-qti.xml
03-01 16:10:26.930 I/SystemConfig(14549): Reading permissions from /system_ext/etc/permissions/vendor.qti.ims.rcsservice.xml
03-01 16:10:26.930 I/SystemConfig(14549): Reading permissions from /system_ext/etc/permissions/vendor.qti.imsdcservice.xml
03-01 16:10:26.931 I/SystemConfig(14549): Reading permissions from /system_ext/etc/permissions/wfd-system-ext-privapp-permissions-qti.xml
03-01 16:10:26.932 D/MiuiNetworkPolicy( 1876): updateLimit mLimitEnabled=false,enabled=true,mNetworkPriorityMode=255
03-01 16:10:26.934 V/GraphicsEnvironment(14549): ANGLE Developer option for 'com.android.vending' set to: 'default'
03-01 16:10:26.936 V/GraphicsEnvironment(14549): ANGLE GameManagerService for com.android.vending: false
03-01 16:10:26.936 V/GraphicsEnvironment(14549): Neither updatable production driver nor prerelease driver is supported.
03-01 16:10:26.937 E/InputAnrOpt( 8353): getSocketFd start
03-01 16:10:26.937 E/InputAnrOpt( 8353): already registered sendMessage
03-01 16:10:26.944 W/emon.lvoverseas( 8353): ClassLoaderContext classpath size mismatch. expected=1, found=0 (DLC[];PCL[base.apk*592467995]{PCL[/system/framework/org.apache.http.legacy.jar*659110245]#PCL[/system/framework/com.android.location.provider.jar*3175360614]#PCL[/system/framework/com.android.media.remotedisplay.jar*3743104114]#PCL[/system_ext/framework/androidx.window.extensions.jar*113564653]} | DLC[];PCL[])
03-01 16:10:26.945 I/ForceDarkHelperStubImpl(14549): initialize for com.android.vending , ForceDarkOrigin
03-01 16:10:26.948 D/nativeloader(14549): Load libforcedarkimpl.so using system ns (caller=/system_ext/framework/miui-framework.jar): ok
03-01 16:10:26.948 D/android.vending(14549): JNI_OnLoad success
03-01 16:10:26.949 I/MiuiForceDarkConfig(14549): setConfig density:1.750000, mainRule:0, secondaryRule:0, tertiaryRule:0
03-01 16:10:26.952 D/NetworkSecurityConfig(14549): No Network Security Config specified, using platform default
03-01 16:10:26.953 I/emon.lvoverseas( 8353): Waiting for a blocking GC ClassLinker
03-01 16:10:26.953 D/NetworkSecurityConfig(14549): No Network Security Config specified, using platform default
03-01 16:10:26.964 I/System.out( 8353): method a is called
03-01 16:10:26.988 E/InputAnrOpt( 8353): getSocketFd start
03-01 16:10:26.988 E/InputAnrOpt( 8353): already registered sendMessage
03-01 16:10:26.996 I/Finsky  (14549): [2] Process created at version: 50.2.11-31 [0] [PR] 869835577
03-01 16:10:27.012 D/MI-SF   ( 1358): [FpsStat] construct...
03-01 16:10:27.013 D/SurfaceControl( 1876): nativeSetScreenProjection ===> setScreenProjection
03-01 16:10:27.014 D/SurfaceControl( 1876): nativeSetScreenProjection ===> setScreenProjection
03-01 16:10:27.020 D/WindowManager( 1876): wms.Input focus has changed to Window{935ec48 u0 com.lemon.lvoverseas/com.vega.main.MainActivity} display=0 updateInputWindows = true
03-01 16:10:27.020 I/MultiSenceManagerInternalStub( 1876): getInstance
03-01 16:10:27.031 W/Finsky  (14549): [108524] Failed to get the task info for cold start.
03-01 16:10:27.035 I/Finsky  (14549): [108524] Process started for unknown session.
03-01 16:10:27.038 I/SDM     ( 1241): HWCDisplay::GetColorModeCount: Supported color mode count = 3
03-01 16:10:27.039 I/SDM     ( 1241): HWCDisplay::GetColorModes: Color mode = 0 is supported
03-01 16:10:27.039 I/SDM     ( 1241): HWCDisplay::GetColorModes: Color mode = 7 is supported
03-01 16:10:27.039 I/SDM     ( 1241): HWCDisplay::GetColorModes: Color mode = 9 is supported
03-01 16:10:27.039 D/MI-SF   ( 1358): addDolbyVisionHdr enter hdrTypes 2
03-01 16:10:27.039 D/MI-SF   ( 1358): debug.config.media.video.dolby_vision_suports == false
03-01 16:10:27.041 D/WindowManager( 1876): wms.Update InputWindowHandle: 935ec48 com.lemon.lvoverseas/com.vega.main.MainActivity, frame=[0,0,0,0], touchableRegion=SkRegion((0,0,1200,1920)), scaleFactor=1.0, transform=null, windowToken=android.os.BinderProxy@eabf6eb, isClone=false, visibal=true, focusable=true, changed=true
03-01 16:10:27.046 E/InputAnrOpt( 8353): getSocketFd start
03-01 16:10:27.046 E/InputAnrOpt( 8353): already registered sendMessage
03-01 16:10:27.049 I/Finsky  (14549): [108524] Finished reading experiment flags from file [Se-xCc4LzNyh3UrKMIU2sUf-PUKz4oQEbpKZDMuaFno] numFlags=2063.
03-01 16:10:27.051 I/Finsky  (14549): [108523] Finished reading experiment flags from file [0tGUNCGIkbk4o6-fQ335kUYSKwVj4lusnHT-A5Dsy08] numFlags=2265.
03-01 16:10:27.052 I/Finsky  (14549): [108522] Finished reading experiment flags from file [IHzGboBdCoKZ2VnQX4IVAjk0O_A4E9H_xBtMAY9NuNc] numFlags=2073.
03-01 16:10:27.053 I/SurfaceFlinger( 1358): sf.setTransactionState focusRequest transactionId:8057361559290 frontWin:935ec48 com.lemon.lvoverseas/com.vega.main.MainActivity
03-01 16:10:27.063 I/SurfaceFlinger( 1358): sf.transactionIsReadyToBeApplied focusRequest transactionId:8057361559290
03-01 16:10:27.065 D/SurfaceFlinger( 1358): updateInputFlinger::setFocusedWindow: windowName=935ec48 com.lemon.lvoverseas/com.vega.main.MainActivity focusRequests.size=1
03-01 16:10:27.071 D/CompatibilityChangeReporter( 1876): Compat change id reported: 161145287; UID 10145; state: DISABLED
03-01 16:10:27.072 W/View    ( 8353): requestLayout() improperly called by android.widget.LinearLayout{b991a43 V.E...... ......ID 0,0-1200,1837} during layout: running second layout pass
03-01 16:10:27.072 W/View    ( 8353): requestLayout() improperly called by androidx.constraintlayout.widget.ConstraintLayout{902c8c0 V.E...... ......ID 0,0-1200,1837 #7f09231a app:id/main_content} during layout: running second layout pass
03-01 16:10:27.072 W/View    ( 8353): requestLayout() improperly called by com.vega.ui.widget.OptXRadioGroup{3da29f9 V.E...... ......ID 0,1732-1200,1837 #7f09232a app:id/main_tab} during layout: running second layout pass
03-01 16:10:27.073 W/View    ( 8353): requestLayout() improperly called by com.vega.main.widget.CustomDrawerLayout{c43ed3e VFE...... ......ID 0,0-1200,1732 #7f092072 app:id/layout_user_drawer} during layout: running second layout pass
03-01 16:10:27.073 W/View    ( 8353): requestLayout() improperly called by android.widget.FrameLayout{729179f V.E...... ......ID 0,0-1200,1732 #7f0915b4 app:id/fragment_container} during layout: running second layout pass
03-01 16:10:27.079 W/BroadcastQueue( 1876): Exported Denial: sending Intent { act=android.net.conn.CONNECTIVITY_CHANGE flg=0x4200010 (has extras) }, action: android.net.conn.CONNECTIVITY_CHANGE from null (uid=-1) due to receiver ProcessRecord{d13b387 8353:com.lemon.lvoverseas/u0a500} (uid 10500) not specifying RECEIVER_EXPORTED
03-01 16:10:27.080 W/BroadcastQueue( 1876): Exported Denial: sending Intent { act=android.net.wifi.WIFI_STATE_CHANGED flg=0x4000010 (has extras) }, action: android.net.wifi.WIFI_STATE_CHANGED from null (uid=-1) due to receiver ProcessRecord{d13b387 8353:com.lemon.lvoverseas/u0a500} (uid 10500) not specifying RECEIVER_EXPORTED
03-01 16:10:27.081 I/lowmemorykiller(  600): Kill 'com.longcheertel.cit' (32179), uid 1000, oom_score_adj 965 to free 68404kB rss, 38816kB swap; reason: critical pressure and device is low on memory
03-01 16:10:27.081 W/BroadcastQueue( 1876): Exported Denial: sending Intent { act=android.net.wifi.STATE_CHANGE flg=0x4000010 (has extras) }, action: android.net.wifi.STATE_CHANGE from null (uid=-1) due to receiver ProcessRecord{d13b387 8353:com.lemon.lvoverseas/u0a500} (uid 10500) not specifying RECEIVER_EXPORTED
03-01 16:10:27.083 W/BroadcastQueue( 1876): Exported Denial: sending Intent { act=android.intent.action.BATTERY_CHANGED flg=0x60000010 (has extras) }, action: android.intent.action.BATTERY_CHANGED from null (uid=-1) due to receiver ProcessRecord{d13b387 8353:com.lemon.lvoverseas/u0a500} (uid 10500) not specifying RECEIVER_EXPORTED
03-01 16:10:27.085 E/ndroid.systemui( 2662): MWDF parse error: Try again
03-01 16:10:27.087 W/libc    ( 8353): Access denied finding property "vendor.migl.debug"
03-01 16:10:27.090 W/emon.lvoverseas( 8353): Suspending all threads took: 9.029ms
03-01 16:10:27.097 E/libEGL  ( 8353): pre_cache appList: com.smile.gifmaker,com.tencent.mm,com.ss.android.ugc.aweme,com.kuaishou.nebula,com.alibaba.android.rimet,tv.danmaku.bilibilihd,com.ss.android.ugc.aweme.lite,
03-01 16:10:27.097 I/libprocessgroup( 1876): Successfully killed process cgroup uid 1000 pid 32179 in 0ms
03-01 16:10:27.104 I/SDM     ( 1241): HWCDisplay::GetColorModeCount: Supported color mode count = 3
03-01 16:10:27.104 I/SDM     ( 1241): HWCDisplay::GetColorModes: Color mode = 0 is supported
03-01 16:10:27.104 I/SDM     ( 1241): HWCDisplay::GetColorModes: Color mode = 7 is supported
03-01 16:10:27.104 I/SDM     ( 1241): HWCDisplay::GetColorModes: Color mode = 9 is supported
03-01 16:10:27.104 D/MI-SF   ( 1358): addDolbyVisionHdr enter hdrTypes 2
03-01 16:10:27.104 D/MI-SF   ( 1358): debug.config.media.video.dolby_vision_suports == false
03-01 16:10:27.107 E/InputAnrOpt( 8353): getSocketFd start
03-01 16:10:27.107 E/InputAnrOpt( 8353): already registered sendMessage
03-01 16:10:27.109 D/nativeloader(14549): Load /data/app/~~B12jLWzttTsQ-NoS42CCeA==/com.android.vending-W1yQyEt-cVnBKrpsISJICg==/split_config.arm64_v8a.apk!/lib/arm64-v8a/libmappedcountercacheversionjni.so using class loader ns clns-6 (caller=/data/app/~~B12jLWzttTsQ-NoS42CCeA==/com.android.vending-W1yQyEt-cVnBKrpsISJICg==/base.apk): ok
03-01 16:10:27.119 I/ActivityManager( 1876): Process com.longcheertel.cit (pid 32179) has died: cch+65 SVC 
03-01 16:10:27.120 I/Zygote  ( 1124): Process 32179 exited due to signal 9 (Killed)
03-01 16:10:27.121 D/ActivityManagerServiceImpl( 1876): Cleaning tablet split stack.
03-01 16:10:27.122 E/ProcessManager( 1876): error write exception log
03-01 16:10:27.123 I/libprocessgroup( 1876): Successfully killed process cgroup uid 1000 pid 32179 in 0ms
03-01 16:10:27.125 W/ActivityManager( 1876): Scheduling restart of crashed service com.longcheertel.cit/.ModemDebugService in 1000ms for start-requested
03-01 16:10:27.140 I/SmartPower.com.android.chrome/10150(5497)( 1876): background->idle(3003ms) R(broadcast start Intent { act=android.intent.action.BATTERY_CHANGED flg=0x60000010 (has extras) }) adj=700.
03-01 16:10:27.153 I/Finsky  (14549): [2] Profiling: Starting up (2)
03-01 16:10:27.158 E/InputAnrOpt( 8353): getSocketFd start
03-01 16:10:27.158 E/InputAnrOpt( 8353): already registered sendMessage
03-01 16:10:27.161 D/VRI[MainActivity]( 8353): vri.reportNextDraw android.view.ViewRootImpl.performTraversals:3891 android.view.ViewRootImpl.doTraversal:2623 android.view.ViewRootImpl$TraversalRunnable.run:9647 android.view.Choreographer$CallbackRecord.run:1509 android.view.Choreographer$CallbackRecord.run:1517 
03-01 16:10:27.168 I/Finsky  (14549): [108524] ahww - Registering in memory receiver for android.intent.action.PACKAGE_ADDED and android.intent.action.PACKAGE_REMOVED
03-01 16:10:27.210 D/CompatibilityChangeReporter(14549): Compat change id reported: 183155436; UID 10145; state: ENABLED
03-01 16:10:27.219 D/VRI[MainActivity]( 8353): vri.Setup new sync id=0 syncSeqId=0
03-01 16:10:27.244 I/Finsky  (14549): [2] This process start was not selected for Play memory metrics collection.
03-01 16:10:27.255 I/servicemanager(  601): Could not find android.hardware.graphics.allocator.IAllocator/default in the VINTF manifest.
03-01 16:10:27.267 I/emon.lvoverseas( 8353): Background young concurrent mark compact GC freed 7563KB AllocSpace bytes, 12(368KB) LOS objects, 11% free, 22MB/25MB, paused 16.399ms,3.519ms total 354.703ms
03-01 16:10:27.274 W/FramePredict( 8353): "FramePredict won 't run in other process: com.lemon.lvoverseas"
03-01 16:10:27.275 I/emon.lvoverseas( 8353): Waiting for a blocking GC ClassLinker
03-01 16:10:27.280 W/BillingClient( 8353): Service disconnected.
03-01 16:10:27.305 D/TrafficManageService(31562): onReceive: intent.action = com.android.server.action.NETWORK_STATS_UPDATED
03-01 16:10:27.309 D/nativeloader( 8353): Load /data/app/~~i15S0uSRpGEJ_qSFKnWoOA==/com.lemon.lvoverseas-hUlupbB1jOzE7lN6ajo0ew==/lib/arm64/libnpth_repair.so using class loader ns clns-8 (caller=/data/app/~~i15S0uSRpGEJ_qSFKnWoOA==/com.lemon.lvoverseas-hUlupbB1jOzE7lN6ajo0ew==/base.apk!classes9.dex): ok
03-01 16:10:27.314 E/shadowhook_tag( 8353): shadowhook version 2.0.1-rc.9: shadowhook init(default_mode: SHARED, debuggable: false), return: 0, real-init: no
03-01 16:10:27.314 E/bytehook_tag( 8353): bytehook version 1.1.2-alpha.0: bytehook init(mode: AUTOMATIC, debuggable: false), return: 0, real-init: no
03-01 16:10:27.329 D/emon.lvoverseas( 8353): MiuiProcessManagerServiceStub setSchedFifo
03-01 16:10:27.329 I/MiuiProcessManagerImpl( 8353): setSchedFifo pid:8353, mode:3
03-01 16:10:27.330 D/ProcessManager( 1876): beginSchedThreads is not Enabled
03-01 16:10:27.338 W/GetConfigSnapshotOp(24814): Succeeded but not registered: com.google.android.gms.gmscompliance_client#com.android.vending [CONTEXT service_id=51 ]
03-01 16:10:27.380 E/LB      ( 8353): fail to open file: No such file or directory
03-01 16:10:27.380 E/LB      ( 8353): fail to open node: No such file or directory
03-01 16:10:27.380 E/emon.lvoverseas( 8353): DF open fail: No such file or directory
03-01 16:10:27.380 I/emon.lvoverseas( 8353): Support mwdf product xun: 
03-01 16:10:27.380 E/emon.lvoverseas( 8353): MWDF parse error: No such file or directory
03-01 16:10:27.384 E/perf_hint( 8353): Session creation failed, mPreferredRateNanos: -1
03-01 16:10:27.395 W/SDM     ( 1241): HWDeviceDRM::GetSupportedBitClkRate: Requested rate not supported: 0
03-01 16:10:27.395 I/SDM     ( 1241): HWDeviceDRM::UpdateMixerAttributes: Mixer WxH 1200x1920-0 for Peripheral
03-01 16:10:27.395 I/SDM     ( 1241): HWCDisplay::SubmitDisplayConfig: Active configuration changed to: 1
03-01 16:10:27.396 I/SDM     ( 1241): HWDeviceDRM::SetDisplaySwitchMode: Mode 1 already set
03-01 16:10:27.398 I/OpenGLRenderer( 8353): Davey! duration=2298ms; Flags=1, FrameTimelineVsyncId=1213795850, IntendedVsync=1875615218622964, Vsync=1875616968622894, InputEventId=0, HandleInputStart=1875616970025125, AnimationStart=1875616970036531, PerformTraversalsStart=1875616970234187, DrawStart=1875617359656479, FrameDeadline=1875615235289630, FrameInterval=1875616969542260, FrameStartTime=16666666, SyncQueued=1875617410982208, SyncStart=1875617412309031, IssueDrawCommandsStart=1875617467229708, SwapBuffers=1875617501488510, FrameCompleted=1875617518751166, DequeueBufferDuration=53073, QueueBufferDuration=490729, GpuCompleted=1875617506875750, SwapBuffersCompleted=1875617518751166, DisplayPresentTime=8026374556394617191, CommandSubmissionCompleted=1875617501488510, 
03-01 16:10:27.417 D/VRI[MainActivity]( 8353): vri.reportDrawFinished syncSeqId=0 android.view.ViewRootImpl.lambda$createSyncIfNeeded$4$android-view-ViewRootImpl:3959 android.view.ViewRootImpl$$ExternalSyntheticLambda1.run:6 android.os.Handler.handleCallback:942 android.os.Handler.dispatchMessage:99 android.os.Looper.loopOnce:211 
03-01 16:10:27.418 D/WindowManager( 1876): wms.finishDrawingLocked: mDrawState=COMMIT_DRAW_PENDING Window{935ec48 u0 com.lemon.lvoverseas/com.vega.main.MainActivity} in Surface(name=com.lemon.lvoverseas/com.vega.main.MainActivity)/@0xff440fa
03-01 16:10:27.418 D/MiuiFreeFormGesturePointerEventListener( 1876): finishDrawingWindow: topFullScreenWindow= Window{935ec48 u0 com.lemon.lvoverseas/com.vega.main.MainActivity}
03-01 16:10:27.433 D/TaskSnapshot_Helper( 1876): shouldDelay()... Not launched by home, no delay needed.
03-01 16:10:27.438 I/WindowManager( 1876): wms.showSurfaceRobustly mWin:Window{935ec48 u0 com.lemon.lvoverseas/com.vega.main.MainActivity}
03-01 16:10:27.446 D/WindowManager( 1876): wms.Update InputWindowHandle: 935ec48 com.lemon.lvoverseas/com.vega.main.MainActivity, frame=[0,0,0,0], touchableRegion=SkRegion((0,0,1200,1920)), scaleFactor=1.0, transform=null, windowToken=android.os.BinderProxy@eabf6eb, isClone=false, visibal=true, focusable=true, changed=true
03-01 16:10:27.466 I/MI-SF   ( 1358): surfaceflinger setAffinity mode=1
03-01 16:10:27.466 I/MI-SF   ( 1358): surfaceflinger setreAffinity reTid=1565
03-01 16:10:27.471 I/MI-SF   ( 1358): surfaceflinger setAffinity mode=0
03-01 16:10:27.474 I/ActivityTaskManager( 1876): Displayed com.lemon.lvoverseas/com.vega.main.MainActivity: +4s300ms
03-01 16:10:27.483 D/CoreBackPreview( 1876): Window{6b43a52 u0 Splash Screen com.lemon.lvoverseas}: Setting back callback null
03-01 16:10:27.487 W/InputManager-JNI( 1876): Input channel object '6b43a52 Splash Screen com.lemon.lvoverseas (client)' was disposed without first being removed with the input manager!
03-01 16:10:27.492 I/MI-SF   ( 1358): surfaceflinger setAffinity mode=1
03-01 16:10:27.492 I/MI-SF   ( 1358): surfaceflinger setreAffinity reTid=1565
03-01 16:10:27.503 D/RefreshRateConfigs( 1358): TouchBoost - choose Fps: 60.00 Hz
03-01 16:10:27.510 I/emon.lvoverseas( 8353): Background concurrent mark compact GC freed 2042KB AllocSpace bytes, 2(3068KB) LOS objects, 49% free, 20MB/40MB, paused 4.959ms,4.057ms total 237.249ms
03-01 16:10:27.510 I/emon.lvoverseas( 8353): WaitForGcToComplete blocked ClassLinker on Background for 557.109ms
03-01 16:10:27.512 I/DynamiteModule( 8353): Considering local module com.google.android.gms.measurement.dynamite:0 and remote module com.google.android.gms.measurement.dynamite:177
03-01 16:10:27.512 I/DynamiteModule( 8353): Selected remote version of com.google.android.gms.measurement.dynamite, version >= 177
03-01 16:10:27.512 V/DynamiteModule( 8353): Dynamite loader version >= 2, using loadModule2NoCrashUtils
03-01 16:10:27.538 D/WindowManager( 1876): wms.Update InputWindowHandle: 935ec48 com.lemon.lvoverseas/com.vega.main.MainActivity, frame=[0,0,0,0], touchableRegion=SkRegion((0,0,1200,1920)), scaleFactor=1.0, transform=null, windowToken=android.os.BinderProxy@eabf6eb, isClone=false, visibal=true, focusable=true, changed=true
03-01 16:10:27.542 W/System  ( 8353): ClassLoader referenced unknown path: 
03-01 16:10:27.544 D/nativeloader( 8353): Configuring clns-10 for other apk . target_sdk_version=36, uses_libraries=, library_path=/data/app/~~vKf9r2qW0OtbR_tC0lKcBw==/com.google.android.gms-IEprtDZrm9Zo2Hj5KC3fdw==/lib/arm64:/data/app/~~vKf9r2qW0OtbR_tC0lKcBw==/com.google.android.gms-IEprtDZrm9Zo2Hj5KC3fdw==/base.apk!/lib/arm64-v8a, permitted_path=/data:/mnt/expand:/data/user/0/com.google.android.gms
03-01 16:10:27.577 E/MiuiActivityController( 1876): MiuiLog-ActivityObserver: There was something wrong : null
03-01 16:10:27.580 D/Aurogon ( 1876):  uid = 10270 switch to BG
03-01 16:10:27.586 D/MI-SF   ( 1358): [FpsStat] distroy...
03-01 16:10:27.595 W/emon.lvoverseas( 8353): ClassLoaderContext classpath element checksum mismatch. expected=592467995, found=1662217106 (DLC[];PCL[base.apk*592467995]{PCL[/system/framework/org.apache.http.legacy.jar*659110245]#PCL[/system/framework/com.android.location.provider.jar*3175360614]#PCL[/system/framework/com.android.media.remotedisplay.jar*3743104114]#PCL[/system_ext/framework/androidx.window.extensions.jar*113564653]} | DLC[];PCL[/data/app/~~i15S0uSRpGEJ_qSFKnWoOA==/com.lemon.lvoverseas-hUlupbB1jOzE7lN6ajo0ew==/base.apk*1662217106]{PCL[/system/framework/android.test.base.jar*1628045883]#PCL[/system/framework/android.test.mock.jar*849501950]#PCL[/system/framework/org.apache.http.legacy.jar*659110245]#PCL[/system_ext/framework/androidx.window.extensions.jar*113564653]#PCL[/system/framework/android.test.runner.jar*2256426887]{PCL[/system/framework/android.test.base.jar*1628045883]#PCL[/system/framework/android.test.mock.jar*849501950]}})
03-01 16:10:27.603 I/MiuiNetworkPolicy( 1876): updateUidState uid = 90082, uidState = 17
03-01 16:10:27.603 I/MiuiNetworkPolicy( 1876): updateUidState uid = 90045, uidState = 17
03-01 16:10:27.603 I/MiuiNetworkPolicy( 1876): updateUidState uid = 90018, uidState = 17
03-01 16:10:27.607 I/MiuiNetworkPolicy( 1876): updateUidState uid = 90017, uidState = 17
03-01 16:10:27.609 I/MiuiNetworkPolicy( 1876): updateUidState uid = 90016, uidState = 17
03-01 16:10:27.609 I/MiuiNetworkPolicy( 1876): updateUidState uid = 10270, uidState = 4
03-01 16:10:27.610 I/MiuiNetworkPolicy( 1876): updateUidState uid = 10150, uidState = 16
03-01 16:10:27.613 D/ProcessMemoryCleaner( 1876): Compact memory: com.android.chrome/10150(5497) state=idle adj=702 pri=111 usage=5 isKilled=false pss:428365 swap:76054
03-01 16:10:27.614 W/MiuiMemoryService( 1876): com.android.chrome is system app!
03-01 16:10:27.634 E/DynamiteModule( 8353): Failed to load module descriptor class: No field MODULE_ID in class Lcom/google/android/gms/dynamite/descriptors/com/google/android/gms/measurement/dynamite/ModuleDescriptor; (declaration of 'com.google.android.gms.dynamite.descriptors.com.google.android.gms.measurement.dynamite.ModuleDescriptor' appears in /data/app/~~i15S0uSRpGEJ_qSFKnWoOA==/com.lemon.lvoverseas-hUlupbB1jOzE7lN6ajo0ew==/base.apk!classes23.dex)
03-01 16:10:27.654 D/PackageManager( 1876): set app  component=ComponentInfo{com.android.vending/com.google.android.finsky.hibernation.impl.UnhibernateActivity} enabled state: 1 from null,uid=10145,pid=14549
03-01 16:10:27.654 D/PackageManager( 1876): set app  component=ComponentInfo{com.android.vending/com.google.android.finsky.systemupdateactivity.SystemUpdateActivity} enabled state: 1 from null,uid=10145,pid=14549
03-01 16:10:27.655 I/Finsky  (14549): [108534] SysUA: Set SystemUpdateActivity enabled state to 1
03-01 16:10:27.657 I/Finsky  (14549): [108537] Set UnhibernateActivity enabled state to 1
03-01 16:10:27.660 I/Finsky  (14549): [108522] VerifyApps: Setup app restrictions monitor
03-01 16:10:27.662 D/PackageManager( 1876): set app  component=ComponentInfo{com.android.vending/com.google.android.finsky.systemcomponentupdateui.common.SystemComponentUpdateActivity} enabled state: 0 from null,uid=10145,pid=14549
03-01 16:10:27.664 I/Finsky  (14549): [108538] SysCUA: Set {com.android.vending/com.google.android.finsky.systemcomponentupdateui.common.SystemComponentUpdateActivity} enabled state to 0
03-01 16:10:27.669 I/Finsky  (14549): [108522] VerifyApps: Device wide unknown source restriction updated
03-01 16:10:27.671 D/MI-SF   ( 1358): [FpsStat] distroy...
03-01 16:10:27.673 I/MI-SF   ( 1358): surfaceflinger setAffinity mode=0
03-01 16:10:27.678 D/CompatibilityInfo( 1876): mCompatibilityFlags - 4
03-01 16:10:27.679 D/CompatibilityInfo( 1876): applicationDensity - 280
03-01 16:10:27.679 D/CompatibilityInfo( 1876): applicationScale - 1.0
03-01 16:10:27.680 D/PackageManager( 1876): set app  component=ComponentInfo{com.android.vending/com.google.android.finsky.activities.DebugActivity} enabled state: 2 from null,uid=10145,pid=14549
03-01 16:10:27.691 I/Finsky  (14549): [108525] Enqueuing libraries load for -1932810864
03-01 16:10:27.693 I/Finsky  (14549): [108534] Starting libraries load for -1932810864
03-01 16:10:27.704 I/Finsky  (14549): [108521] cubesStatesValueStore = [2, 2, 2, 2, 2, 2, 2]
03-01 16:10:27.717 I/Finsky  (14549): [108534] Loaded library for account: [mlOB4UI9Wfwd4cvcwaf3KrYH-gKVGVbqm9ynh469YY8]
03-01 16:10:27.718 I/Finsky  (14549): [108534] Finished loading 1 libraries.
03-01 16:10:27.734 D/nativeloader( 8353): Load /data/app/~~i15S0uSRpGEJ_qSFKnWoOA==/com.lemon.lvoverseas-hUlupbB1jOzE7lN6ajo0ew==/lib/arm64/libimagepipeline.so using class loader ns clns-8 (caller=/data/app/~~i15S0uSRpGEJ_qSFKnWoOA==/com.lemon.lvoverseas-hUlupbB1jOzE7lN6ajo0ew==/base.apk!classes9.dex): ok
03-01 16:10:27.739 I/PhenotypeResourceReader(24814): unable to find any Phenotype resource metadata for com.lemon.lvoverseas
03-01 16:10:27.790 D/MiuiMultiWindowAdapter( 1876): MiuiMultiWindowAdapter::getFreeformIgnoreRequestOrientationList::LIST_ABOUT_IGNORE_REQUEST_ORIENTATION_IN_FREEFORM = [com.miui.player, com.sqw.setdl.mi, com.youku.phone, com.tencent.gamehelper.smoba, com.taobao.litetao, com.live.shuoqiudi, com.baidu.homework, cn.xiaochuankeji.zuiyouLite, com.facebook.orca, com.android.browser, com.alibaba.android.rimet, com.miui.gallery, com.android.settings, com.tencent.letsgo]
03-01 16:10:27.790 D/ActivityTaskManager( 1876):  setRequestedOrientationFreeForm: requestedOrientation= -1 task=Task{a5659a1 #6440 type=standard A=10500:com.lemon.lvoverseas U=0 visible=true visibleRequested=true mode=fullscreen translucent=false sz=1} MiuiFreeformServicesUtils.getFreeformIgnoreRequestOrientationList()= [com.miui.player, com.sqw.setdl.mi, com.youku.phone, com.tencent.gamehelper.smoba, com.taobao.litetao, com.live.shuoqiudi, com.baidu.homework, cn.xiaochuankeji.zuiyouLite, com.facebook.orca, com.android.browser, com.alibaba.android.rimet, com.miui.gallery, com.android.settings, com.tencent.letsgo]packageName= com.lemon.lvoverseas
03-01 16:10:27.791 E/emon.lvoverseas( 8353): No package ID 6a found for ID 0x6a0b0013.
03-01 16:10:27.796 I/FA      ( 8353): App measurement initialized, version: 153006
03-01 16:10:27.797 I/FA      ( 8353): To enable debug logging run: adb shell setprop log.tag.FA VERBOSE
03-01 16:10:27.797 I/FA      ( 8353): To enable faster debug mode event logging run:
03-01 16:10:27.797 I/FA      ( 8353):   adb shell setprop debug.firebase.analytics.app com.lemon.lvoverseas
03-01 16:10:27.816 D/CompatibilityChangeReporter( 8353): Compat change id reported: 186082280; UID 10500; state: ENABLED
03-01 16:10:27.831 D/Launcher.Model( 2299): LauncherAppsCallback onShortcutsChanged|com.android.vending|UserHandle{0}
03-01 16:10:27.855 D/InputAnrOpt( 8353): HookOnce sendMessageProxy thiz addr:0xb400007d4b704a70
03-01 16:10:27.855 D/InputAnrOpt( 8353): sendMessageProxy thiz addrp:0xb400007d4b704a70
03-01 16:10:27.856 E/InputAnrOpt( 8353): fd is SOCK_SEQPACKET
03-01 16:10:27.856 D/InputAnrOpt( 8353): startopt step2: consumeProxy sucess, get fd:205, addr:0xb400007d4b704a90,                  inputChannel:0xb400007d4b704a70, fdOffset:4
03-01 16:10:27.856 E/InputAnrOpt( 8353): HookOnce findSocketFd fd:205 preFD:0
03-01 16:10:27.936 D/CompatibilityInfo( 1876): mCompatibilityFlags - 4
03-01 16:10:27.936 D/CompatibilityInfo( 1876): applicationDensity - 280
03-01 16:10:27.936 D/CompatibilityInfo( 1876): applicationScale - 1.0
03-01 16:10:27.941 D/BoundBrokerSvc(24872): onBind: Intent { act=com.google.android.gms.measurement.START pkg=com.google.android.gms }
03-01 16:10:27.941 D/BoundBrokerSvc(24872): Loading bound service for intent: Intent { act=com.google.android.gms.measurement.START pkg=com.google.android.gms }
03-01 16:10:27.954 D/DecorView[]( 8353): getWindowModeFromSystem  windowmode is 1
03-01 16:10:27.954 D/DecorView[]( 8353): updateDecorCaptionStatus windowMode is 1
03-01 16:10:27.972 I/FA      ( 8353): Tag Manager is not found and thus will not be used
03-01 16:10:28.056 D/CompatibilityChangeReporter( 8353): Compat change id reported: 171228096; UID 10500; state: ENABLED
03-01 16:10:28.127 D/CompatibilityChangeReporter( 1876): Compat change id reported: 135634846; UID 1000; state: DISABLED
03-01 16:10:28.128 D/CompatibilityChangeReporter( 1876): Compat change id reported: 177438394; UID 1000; state: DISABLED
03-01 16:10:28.129 D/CompatibilityChangeReporter( 1876): Compat change id reported: 135772972; UID 1000; state: DISABLED
03-01 16:10:28.132 D/CompatibilityChangeReporter( 1876): Compat change id reported: 135754954; UID 1000; state: ENABLED
03-01 16:10:28.154 D/Zygote  ( 1124): Forked child process 14656
03-01 16:10:28.158 D/Boost   ( 1876): hostingType=service, hostingName={com.longcheertel.cit/com.longcheertel.cit.ModemDebugService}, callerPackage=com.longcheertel.cit, isSystem=true, isBoostNeeded=false.
03-01 16:10:28.158 I/ActivityManager( 1876): Start proc 14656:com.longcheertel.cit/1000 for service {com.longcheertel.cit/com.longcheertel.cit.ModemDebugService} caller=com.longcheertel.cit
03-01 16:10:28.169 E/Zygote  (14656): process_name_ptr:14656 com.longcheertel.cit
03-01 16:10:28.170 E/zygote64(14656): Failed to parse /product/etc/mfz.xml: Tinyxml2 error (3): Error=XML_ERROR_FILE_NOT_FOUND ErrorID=3 (0x3) Line number=0: filename=/product/etc/mfz.xml
03-01 16:10:28.170 E/zygote64(14656): MemoryFreeze XMLFile not found
03-01 16:10:28.204 I/ongcheertel.cit(14656): Using CollectorTypeCMC GC.
03-01 16:10:28.208 I/OpenGLRenderer( 8353): Davey! duration=778ms; Flags=0, FrameTimelineVsyncId=1213796798, IntendedVsync=1875617560564230, Vsync=1875617977230880, InputEventId=0, HandleInputStart=1875617993439760, AnimationStart=1875617993446635, PerformTraversalsStart=1875617994168822, DrawStart=1875618299249708, FrameDeadline=1875617593897562, FrameInterval=1875617993316843, FrameStartTime=16666666, SyncQueued=1875618317047676, SyncStart=1875618317119447, IssueDrawCommandsStart=1875618317628510, SwapBuffers=1875618335679291, FrameCompleted=1875618339464135, DequeueBufferDuration=36042, QueueBufferDuration=669063, GpuCompleted=1875618339464135, SwapBuffersCompleted=1875618339134968, DisplayPresentTime=7163380306301445480, CommandSubmissionCompleted=1875618335679291, 
03-01 16:10:28.221 D/nativeloader(14656): Load libframework-connectivity-tiramisu-jni.so using APEX ns com_android_tethering for caller /apex/com.android.tethering/javalib/framework-connectivity-t.jar: ok
03-01 16:10:28.233 W/System.err(14656): android.system.ErrnoException: open failed: ENOENT (No such file or directory)
03-01 16:10:28.233 W/System.err(14656): 	at libcore.io.Linux.open(Native Method)
03-01 16:10:28.233 W/System.err(14656): 	at libcore.io.ForwardingOs.open(ForwardingOs.java:574)
03-01 16:10:28.233 W/System.err(14656): 	at libcore.io.BlockGuardOs.open(BlockGuardOs.java:274)
03-01 16:10:28.233 W/System.err(14656): 	at libcore.io.ForwardingOs.open(ForwardingOs.java:574)
03-01 16:10:28.233 W/System.err(14656): 	at android.app.ActivityThread$AndroidOs.open(ActivityThread.java:8320)
03-01 16:10:28.233 W/System.err(14656): 	at android.system.Os.open(Os.java:508)
03-01 16:10:28.233 W/System.err(14656): 	at android.os.perfdebug.PerfDebugMonitorImpl.monitorVersionControl(PerfDebugMonitorImpl.java:204)
03-01 16:10:28.233 W/System.err(14656): 	at android.os.perfdebug.PerfDebugMonitorImpl.prepareMonitor(PerfDebugMonitorImpl.java:185)
03-01 16:10:28.233 W/System.err(14656): 	at android.app.ActivityThread.main(ActivityThread.java:8407)
03-01 16:10:28.233 W/System.err(14656): 	at java.lang.reflect.Method.invoke(Native Method)
03-01 16:10:28.233 W/System.err(14656): 	at com.android.internal.os.RuntimeInit$MethodAndArgsCaller.run(RuntimeInit.java:560)
03-01 16:10:28.233 W/System.err(14656): 	at com.android.internal.os.ZygoteInit.main(ZygoteInit.java:954)
03-01 16:10:28.234 I/MessageMonitor(14656): Load libmiui_runtime
03-01 16:10:28.247 I/SmartPower.com.longcheertel.cit/1000(14656)( 1876): died->invisible(1127ms) R(process start ) adj=-10000.
03-01 16:10:28.249 D/CompatibilityInfo( 1876): mCompatibilityFlags - 4
03-01 16:10:28.249 D/CompatibilityInfo( 1876): applicationDensity - 280
03-01 16:10:28.250 D/CompatibilityInfo( 1876): applicationScale - 1.0
03-01 16:10:28.254 D/CompatibilityInfo( 1876): mCompatibilityFlags - 4
03-01 16:10:28.254 D/CompatibilityInfo( 1876): applicationDensity - 280
03-01 16:10:28.254 D/CompatibilityInfo( 1876): applicationScale - 1.0
03-01 16:10:28.264 D/CompatibilityChangeReporter(14656): Compat change id reported: 171979766; UID 1000; state: ENABLED
03-01 16:10:28.300 D/nativeloader(14656): Configuring clns-4 for other apk /system_ext/framework/qti-telephony-utils.jar. target_sdk_version=33, uses_libraries=ALL, library_path=/product/app/cit/lib/arm64:/product/app/cit/cit.apk!/lib/arm64-v8a, permitted_path=/data:/mnt/expand:/data/user/0/com.longcheertel.cit
03-01 16:10:28.300 D/nativeloader(14656): Extending system_exposed_libraries: libbinauralrenderer_wrapper.qti.so:libhoaeffects.qti.so:libQOC.qti.so:libmisys_jni.xiaomi.so:libupdateprof.qti.so:libthermalclient.qti.so:libQOC.qti.so:libdiag_system.qti.so:libqape.qti.so:liblistenjni.qti.so
03-01 16:10:28.319 D/nativeloader(14656): Configuring clns-5 for other apk /system_ext/framework/qti-telephony-hidl-wrapper.jar. target_sdk_version=33, uses_libraries=ALL, library_path=/product/app/cit/lib/arm64:/product/app/cit/cit.apk!/lib/arm64-v8a, permitted_path=/data:/mnt/expand:/data/user/0/com.longcheertel.cit
03-01 16:10:28.319 D/nativeloader(14656): Extending system_exposed_libraries: libbinauralrenderer_wrapper.qti.so:libhoaeffects.qti.so:libQOC.qti.so:libmisys_jni.xiaomi.so:libupdateprof.qti.so:libthermalclient.qti.so:libQOC.qti.so:libdiag_system.qti.so:libqape.qti.so:liblistenjni.qti.so
03-01 16:10:28.320 W/WakePathChecker( 1876): MIUILOG-WAKEPATH: call was rejected by wakepath. userId= 0 caller= com.lemon.lvoverseas callee= com.facebook.katana classname=com.facebook.katana.provider.AttributionIdProvider action=null wakeType=4
03-01 16:10:28.320 E/ActivityThread( 8353): Failed to find provider info for com.facebook.katana.provider.AttributionIdProvider
03-01 16:10:28.338 D/nativeloader(14656): Configuring clns-6 for other apk /system_ext/framework/qcrilhook.jar. target_sdk_version=33, uses_libraries=ALL, library_path=/product/app/cit/lib/arm64:/product/app/cit/cit.apk!/lib/arm64-v8a, permitted_path=/data:/mnt/expand:/data/user/0/com.longcheertel.cit
03-01 16:10:28.338 D/nativeloader(14656): Extending system_exposed_libraries: libbinauralrenderer_wrapper.qti.so:libhoaeffects.qti.so:libQOC.qti.so:libmisys_jni.xiaomi.so:libupdateprof.qti.so:libthermalclient.qti.so:libQOC.qti.so:libdiag_system.qti.so:libqape.qti.so:liblistenjni.qti.so
03-01 16:10:28.353 D/nativeloader(14656): Configuring clns-7 for other apk /system/framework/vendor.xiaomi.hardware.misys-V1.0-java.jar. target_sdk_version=33, uses_libraries=ALL, library_path=/product/app/cit/lib/arm64:/product/app/cit/cit.apk!/lib/arm64-v8a, permitted_path=/data:/mnt/expand:/data/user/0/com.longcheertel.cit
03-01 16:10:28.353 D/nativeloader(14656): Extending system_exposed_libraries: libbinauralrenderer_wrapper.qti.so:libhoaeffects.qti.so:libQOC.qti.so:libmisys_jni.xiaomi.so:libupdateprof.qti.so:libthermalclient.qti.so:libQOC.qti.so:libdiag_system.qti.so:libqape.qti.so:liblistenjni.qti.so
03-01 16:10:28.370 D/nativeloader(14656): Configuring clns-8 for other apk /system/framework/vendor.xiaomi.hardware.misys-V2.0-java.jar. target_sdk_version=33, uses_libraries=ALL, library_path=/product/app/cit/lib/arm64:/product/app/cit/cit.apk!/lib/arm64-v8a, permitted_path=/data:/mnt/expand:/data/user/0/com.longcheertel.cit
03-01 16:10:28.370 D/nativeloader(14656): Extending system_exposed_libraries: libbinauralrenderer_wrapper.qti.so:libhoaeffects.qti.so:libQOC.qti.so:libmisys_jni.xiaomi.so:libupdateprof.qti.so:libthermalclient.qti.so:libQOC.qti.so:libdiag_system.qti.so:libqape.qti.so:liblistenjni.qti.so
03-01 16:10:28.380 D/nativeloader(14656): Configuring clns-9 for other apk /system/framework/org.apache.http.legacy.jar. target_sdk_version=33, uses_libraries=ALL, library_path=/product/app/cit/lib/arm64:/product/app/cit/cit.apk!/lib/arm64-v8a, permitted_path=/data:/mnt/expand:/data/user/0/com.longcheertel.cit
03-01 16:10:28.380 D/nativeloader(14656): Extending system_exposed_libraries: libbinauralrenderer_wrapper.qti.so:libhoaeffects.qti.so:libQOC.qti.so:libmisys_jni.xiaomi.so:libupdateprof.qti.so:libthermalclient.qti.so:libQOC.qti.so:libdiag_system.qti.so:libqape.qti.so:liblistenjni.qti.so
03-01 16:10:28.396 W/SQLiteLog(14549): (28) double-quoted string literal: "play-pass"
03-01 16:10:28.396 D/BoundBrokerSvc(24872): onBind: Intent { act=com.google.android.gms.appset.service.START dat=chimera-action:/... cmp=com.google.android.gms/.chimera.GmsApiService }
03-01 16:10:28.396 D/BoundBrokerSvc(24872): Loading bound service for intent: Intent { act=com.google.android.gms.appset.service.START dat=chimera-action:/... cmp=com.google.android.gms/.chimera.GmsApiService }
03-01 16:10:28.398 I/FontLog (24814): (REDACTED) Received query %s, URI %s
03-01 16:10:28.399 I/FontLog (24814): (REDACTED) Query [%s] resolved to %s
03-01 16:10:28.402 I/FontLog (24814): (REDACTED) Fetch %s end status %s
03-01 16:10:28.408 I/FontLog (24814): (REDACTED) Pulling font file for id = %d, cache size = %d
03-01 16:10:28.420 I/FontLog (24814): (REDACTED) Pulling font file for id = %d, cache size = %d
03-01 16:10:28.425 D/nativeloader(14656): InitLlndkLibrariesProduct: libEGL.so:libGLESv1_CM.so:libGLESv2.so:libGLESv3.so:libRS.so:libandroid_net.so:libbinder_ndk.so:libc.so:libcgrouprc.so:libclang_rt.asan-aarch64-android.so:libclang_rt.asan-arm-android.so:libclang_rt.hwasan-aarch64-android.so:libdl.so:libft2.so:liblog.so:libm.so:libmediandk.so:libnativewindow.so:libneuralnetworks.so:libselinux.so:libsync.so:libvndksupport.so:libvulkan.so
03-01 16:10:28.425 D/nativeloader(14656): Configuring product-clns-10 for unbundled product apk /product/app/cit/cit.apk. target_sdk_version=33, uses_libraries=, library_path=/product/app/cit/lib/arm64:/product/app/cit/cit.apk!/lib/arm64-v8a:/product/lib64:/system/product/lib64, permitted_path=/data:/mnt/expand:/data/user/0/com.longcheertel.cit:/product/lib64:/system/product/lib64
03-01 16:10:28.430 D/nativeloader(14656): InitVndkspLibrariesProduct: android.hardware.common-V2-ndk.so:android.hardware.common-V2-ndk_platform.so:android.hardware.common.fmq-V1-ndk.so:android.hardware.common.fmq-V1-ndk_platform.so:android.hardware.graphics.allocator-V1-ndk.so:android.hardware.graphics.allocator-V1-ndk_platform.so:android.hardware.graphics.common-V3-ndk.so:android.hardware.graphics.common-V3-ndk_platform.so:android.hardware.graphics.common@1.0.so:android.hardware.graphics.common@1.1.so:android.hardware.graphics.common@1.2.so:android.hardware.graphics.composer3-V1-ndk.so:android.hardware.graphics.composer3-V1-ndk_platform.so:android.hardware.graphics.mapper@2.0.so:android.hardware.graphics.mapper@2.1.so:android.hardware.graphics.mapper@3.0.so:android.hardware.graphics.mapper@4.0.so:android.hardware.renderscript@1.0.so:android.hidl.memory.token@1.0.so:android.hidl.memory@1.0-impl.so:android.hidl.memory@1.0.so:android.hidl.safe_union@1.0.so:libRSCpuRef.so:libRSDriver.so:libRS_internal.so:libbacktrace.so:libbase.so:libbcinfo.so:libblas.
03-01 16:10:28.433 D/CompatibilityChangeReporter( 1876): Compat change id reported: 161252188; UID 10145; state: DISABLED
03-01 16:10:28.442 D/CompatibilityInfo( 1876): mCompatibilityFlags - 4
03-01 16:10:28.443 D/CompatibilityInfo( 1876): applicationDensity - 280
03-01 16:10:28.444 D/CompatibilityInfo( 1876): applicationScale - 1.0
03-01 16:10:28.463 D/nativeloader(14656): Load libframework-connectivity-jni.so using APEX ns com_android_tethering for caller /apex/com.android.tethering/javalib/framework-connectivity.jar: ok
03-01 16:10:28.467 I/Perf    (14656): Connecting to perf service.
03-01 16:10:28.483 V/GraphicsEnvironment(14656): ANGLE Developer option for 'com.longcheertel.cit' set to: 'default'
03-01 16:10:28.484 V/GraphicsEnvironment(14656): ANGLE GameManagerService for com.longcheertel.cit: false
03-01 16:10:28.484 V/GraphicsEnvironment(14656): Neither updatable production driver nor prerelease driver is supported.
03-01 16:10:28.495 I/ForceDarkHelperStubImpl(14656): initialize for com.longcheertel.cit , ForceDarkOrigin
03-01 16:10:28.498 D/nativeloader(14656): Load libforcedarkimpl.so using system ns (caller=/system_ext/framework/miui-framework.jar): ok
03-01 16:10:28.498 D/ongcheertel.cit(14656): JNI_OnLoad success
03-01 16:10:28.498 I/MiuiForceDarkConfig(14656): setConfig density:1.750000, mainRule:0, secondaryRule:0, tertiaryRule:0
03-01 16:10:28.502 D/NetworkSecurityConfig(14656): No Network Security Config specified, using platform default
03-01 16:10:28.507 D/NetworkSecurityConfig(14656): No Network Security Config specified, using platform default
03-01 16:10:28.510 I/Finsky  (14549): [108538] com.lemon.lvoverseas: Account from first account - [mlOB4UI9Wfwd4cvcwaf3KrYH-gKVGVbqm9ynh469YY8]
03-01 16:10:28.513 I/Finsky  (14549): [108538] Billing preferred account via installer for com.lemon.lvoverseas: [mlOB4UI9Wfwd4cvcwaf3KrYH-gKVGVbqm9ynh469YY8]
03-01 16:10:28.528 D/NVManager_Qcom(14656): init | mQcRilHookCount=1
03-01 16:10:28.531 D/QC_RIL_OEM_HOOK(14656): Starting QcrilMsgTunnel Service, mRegistrants size 0
03-01 16:10:28.532 W/ContextImpl(14656): Calling a method in the system process without a qualified user: android.app.ContextImpl.startService:1873 android.content.ContextWrapper.startService:827 com.qualcomm.qcrilhook.QcRilHook.<init>:121 com.longcheertel.cit.NVManager.init:226 com.longcheertel.cit.ModemDebugService.onCreate:24 
03-01 16:10:28.541 W/ContextImpl(14656): Calling a method in the system process without a qualified user: android.app.ContextImpl.bindService:1960 android.content.ContextWrapper.bindService:863 com.qualcomm.qcrilhook.QcRilHook.<init>:123 com.longcheertel.cit.NVManager.init:226 com.longcheertel.cit.ModemDebugService.onCreate:24 
03-01 16:10:28.545 I/Finsky  (14549): [108517] Subscription detail: N/A
03-01 16:10:28.546 D/nativeloader( 8353): Load /data/app/~~i15S0uSRpGEJ_qSFKnWoOA==/com.lemon.lvoverseas-hUlupbB1jOzE7lN6ajo0ew==/lib/arm64/libres_pool.so using class loader ns clns-8 (caller=/data/app/~~i15S0uSRpGEJ_qSFKnWoOA==/com.lemon.lvoverseas-hUlupbB1jOzE7lN6ajo0ew==/base.apk!classes9.dex): ok
03-01 16:10:28.548 D/QC_RIL_OEM_HOOK(14656): Attempt to bind service returned with: true
03-01 16:10:28.550 I/Finsky  (14549): [108517] playLoggingServerUrl: https://play.googleapis.com/play/log
03-01 16:10:28.550 I/Finsky  (14549): [108517] playLoggingServerTimestampUrl: https://play.googleapis.com/play/log/timestamp
03-01 16:10:28.552 D/QC_RIL_OEM_HOOK(14656): Registering for intent ACTION_UNSOL_RESPONSE_OEM_HOOK_RAW
03-01 16:10:28.552 D/ModemDebug_Service(14656): onCreate
03-01 16:10:28.558 I/Finsky  (14549): [2] onSubscriptionsChanged
03-01 16:10:28.559 D/QC_RIL_OEM_HOOK(14656): QcrilMsgTunnelService Connected Successfully (onServiceConnected)
03-01 16:10:28.560 D/QC_RIL_OEM_HOOK(14656): Calling onQcRilHookReady callback
03-01 16:10:28.560 D/NVManager_Qcom(14656): qcril oem hook connected
03-01 16:10:28.578 D/nativeloader( 8353): Load /data/app/~~i15S0uSRpGEJ_qSFKnWoOA==/com.lemon.lvoverseas-hUlupbB1jOzE7lN6ajo0ew==/lib/arm64/libEncryptor.so using class loader ns clns-8 (caller=/data/app/~~i15S0uSRpGEJ_qSFKnWoOA==/com.lemon.lvoverseas-hUlupbB1jOzE7lN6ajo0ew==/base.apk!classes9.dex): ok
03-01 16:10:28.590 I/Finsky  (14549): [108535] com.lemon.lvoverseas: Account from first account - [mlOB4UI9Wfwd4cvcwaf3KrYH-gKVGVbqm9ynh469YY8]
03-01 16:10:28.592 I/Finsky  (14549): [108535] Billing preferred account via installer for com.lemon.lvoverseas: [mlOB4UI9Wfwd4cvcwaf3KrYH-gKVGVbqm9ynh469YY8]
03-01 16:10:28.643 D/DecorView[]( 8353): onWindowFocusChanged hasWindowFocus true
03-01 16:10:28.659 I/HandWritingStubImpl( 8353): refreshLastKeyboardType: 1
03-01 16:10:28.660 I/HandWritingStubImpl( 8353): getCurrentKeyboardType: 1
03-01 16:10:28.677 D/CompatibilityChangeReporter( 1876): Compat change id reported: 214016041; UID 10500; state: ENABLED
03-01 16:10:28.679 E/MiInputManager( 1876): setInputConfig not match config, configType: 2, parcel:not null 
03-01 16:10:28.679 D/MirrorManager( 2305):  sendAcceptInput 0 0
03-01 16:10:28.683 V/InputMethodService(12383): CALL: hideWindow
03-01 16:10:28.684 I/GoogleInputMethodService(12383): GoogleInputMethodService.onFinishInputView():1577 onFinishInputView(false)
03-01 16:10:28.684 I/GlobeKeyExtension(12383): GlobeKeyExtension.onDeactivate():144 
03-01 16:10:28.684 W/TooltipLifecycleManager(12383): TooltipLifecycleManager.dismissTooltips():153 Tooltip with id SUGGESTION_VIEW_EDU_MINI_DIALOG not found in tooltipManager.
03-01 16:10:28.684 I/VoiceInputManagerWrapper(12383): VoiceInputManagerWrapper.shutdown():131 shutdown()
03-01 16:10:28.685 W/TooltipLifecycleManager(12383): TooltipLifecycleManager.dismissTooltips():153 Tooltip with id spell_check_add_to_dictionary not found in tooltipManager.
03-01 16:10:28.685 I/AndroidIME(12383): AbstractIme.onDeactivate():213 PasswordIme.onDeactivate()
03-01 16:10:28.687 I/InputMethodManagerService( 1876): IMMS.applyImeVisibility(), setVisible = false, mCurclient = ClientState{ad5de23 uid=10500 pid=8353 displayId=0}
03-01 16:10:28.687 W/TooltipLifecycleManager(12383): TooltipLifecycleManager.dismissTooltips():153 Tooltip with id undo_access_point_promotion_banner not found in tooltipManager.
03-01 16:10:28.688 D/Utilities( 2662):  oldHints : 3 backDisposition : 0 imeShown : false hints 0
03-01 16:10:28.688 I/PrimesLoggerHolder(12383): FrameMetricServiceImpl.stopAsFuture():239 Measurement not found: OnConfigurationChanged
03-01 16:10:28.691 D/MI-SF   ( 1358): updateScene: module = 270 (Input), value = 0, pkg = com.lemon.lvoverseas, Vrr = 1
03-01 16:10:28.691 D/RefreshRateConfigs( 1358): TouchBoost - choose Fps: 60.00 Hz
03-01 16:10:28.691 D/MI-SF   ( 1358): updateScene mSetInputFlag status 0
03-01 16:10:28.694 D/DisplayFeatureManager( 2305): setScreenEffect displayId=0 mode=24 value=0 cookie=262
03-01 16:10:28.696 D/DisplayFeatureHal( 1296): setFeatureEnable: FeatureId=FPS_SWITCH_STATE modeId=0 cookie=262, hdrstatus=0
03-01 16:10:28.696 I/DisplayFeatureHal( 1296): HandleFpsSwitch: Unknown app set input_fps(0) cookie(262)
03-01 16:10:28.696 E/DisplayFeatureHal( 1296): HandleFpsSwitch: Unknown module is not supported, input_fps: 0
03-01 16:10:28.699 D/nativeloader( 8353): Load /data/app/~~i15S0uSRpGEJ_qSFKnWoOA==/com.lemon.lvoverseas-hUlupbB1jOzE7lN6ajo0ew==/lib/arm64/libjnidispatch.so using class loader ns clns-8 (caller=/data/app/~~i15S0uSRpGEJ_qSFKnWoOA==/com.lemon.lvoverseas-hUlupbB1jOzE7lN6ajo0ew==/base.apk!classes9.dex): ok
03-01 16:10:28.709 E/putmethod.latin(12383): MWDF parse error: Try again
03-01 16:10:28.712 D/TouchInteractionService( 2299): onSystemUiFlagsChanged, mSystemUiStateFlags=20000
03-01 16:10:28.713 I/GoogleInputMethodService(12383): GoogleInputMethodService.onFinishInput():2092 
03-01 16:10:28.713 I/Module  (12383): DeviceLockedStatusModuleProvider$Module.updateDeviceLockedStatus():103 repeatCheckTimes = 0, locked = false
03-01 16:10:28.714 I/GoogleInputMethodService(12383): GoogleInputMethodService.onStartInput():1349 onStartInput(EditorInfo{EditorInfo{packageName=com.lemon.lvoverseas, inputType=0, inputTypeString=NULL, enableLearning=false, autoCorrection=false, autoComplete=false, imeOptions=0, privateImeOptions=null, actionName=UNSPECIFIED, actionLabel=null, initialSelStart=-1, initialSelEnd=-1, initialCapsMode=0, label=null, fieldId=-1, fieldName=null, extras=Bundle[mParcelledData.dataSize=72], hintText=null, hintLocales=[]}}, false)
03-01 16:10:28.715 I/Module  (12383): DeviceLockedStatusModuleProvider$Module.updateDeviceLockedStatus():103 repeatCheckTimes = 1, locked = false
03-01 16:10:28.742 W/MIUIScout App( 8353): Enter APP_SCOUT_SLOW state
03-01 16:10:28.745 D/MIUIScout App( 3370): reportAppScoutEvent: AppScoutEvent { mType=APP_SCOUT_SLOW mTimeStamp=1772352628742 Pid=8353 Uid=10500 processName=com.lemon.lvoverseas PackageName=com.lemon.lvoverseas mTargetActivity= CurrentMsg:{ (Current message: duration=33ms seq=129 late=803ms h=android.os.Handler c=kotlinx.coroutines.internal.DispatchedContinuation)} mInputLatency=0}
03-01 16:10:28.755 W/ScoutManager( 3370): APP_SCOUT_SLOW
03-01 16:10:28.845 D/MiuiTcpSocketTracker( 1876): skip mismatch tcpInfo:TcpInfo{lost=0, retransmit=0, sent=51}
03-01 16:10:28.848 W/BroadcastQueue( 1876): Background execution not allowed: receiving Intent { act=android.intent.action.DROPBOX_ENTRY_ADDED flg=0x10 (has extras) } to com.google.android.gms/.stats.service.DropBoxEntryAddedReceiver
03-01 16:10:28.866 W/libc    ( 1876): Access denied finding property "persist.vendor.cnss_diag.enable"
03-01 16:10:28.861 W/WifiHandlerThre( 1876): type=1400 audit(0.0:3144286): avc: denied { read } for name="u:object_r:vendor_wlan_logs_prop:s0" dev="tmpfs" ino=488 scontext=u:r:system_server:s0 tcontext=u:object_r:vendor_wlan_logs_prop:s0 tclass=file permissive=0
03-01 16:10:28.891 W/BatteryExternalStatsWorker( 1876): error reading Bluetooth stats: 11
03-01 16:10:28.899 E/PhoneInterfaceManager( 2634): [PhoneIntfMgr] queryModemActivityInfo: Empty response
03-01 16:10:28.904 W/TelephonyManager( 1876): requestModemActivityInfo: Received an invalid ModemActivityInfo
03-01 16:10:28.904 W/BatteryExternalStatsWorker( 1876): error reading modem stats:ERROR_INVALID_INFO_RECEIVED
03-01 16:10:28.915 W/Looper  ( 1876): PerfMonitor longMsg : seq=557 plan=16:10:26.776 late=0ms wall=2138ms h=android.os.Handler c=com.android.server.pm.PackageManagerService$$ExternalSyntheticLambda0 procState=-1
03-01 16:10:28.927 W/emon.lvoverseas( 8353): Long monitor contention with owner TTNet-Fg-W (14466) at com.ttnet.org.chromium.net.AndroidCertVerifyResult com.ttnet.org.chromium.net.X509Util.verifyServerCertificates(byte[][], java.lang.String, java.lang.String)(:50790556) waiters=1 in void com.ttnet.org.chromium.net.X509Util.ensureInitialized() for 121ms
03-01 16:10:28.927 I/Finsky  (14549): [108517] User is not an active Play Pass subscriber
