03-01 16:10:26.160 D/MediaExtractorService( 1599): extractor service created 0xb40000765b6214d0 (MPEG4Extractor)
03-01 16:10:26.162 W/MIUIScout App( 8353): Enter APP_SCOUT_WARNING State
03-01 16:10:26.164 W/MIUIScout App( 8353):  (Current message: duration=2518ms seq=3 h=android.app.ActivityThread$H w=110)
03-01 16:10:26.169 D/AppScoutStateMachine( 8353): dump trace dirName = 2026-03-01-16-10-26-8353-APP_SCOUT_WARNING-com.lemon.lvoverseas
03-01 16:10:26.174 D/MIUIScout App( 3370): reportAppScoutEvent: AppScoutEvent { mType=APP_SCOUT_WARNING mTimeStamp=1772352626164 Pid=8353 Uid=10500 processName=com.lemon.lvoverseas PackageName=com.lemon.lvoverseas mTargetActivity= CurrentMsg:{ (Current message: duration=2524ms seq=3 h=android.app.ActivityThread$H w=110)} mInputLatency=0}
03-01 16:10:26.179 W/MIUIScout App( 8353): Event:APP_SCOUT_WARNING Thread:main backtrace:
03-01 16:10:26.179 W/MIUIScout App( 8353):     at java.lang.Enum.equals(Enum.java:167)
03-01 16:10:26.179 W/MIUIScout App( 8353):     at java.util.ArrayList.indexOfRange(ArrayList.java:306)
03-01 16:10:26.179 W/MIUIScout App( 8353):     at java.util.ArrayList.indexOf(ArrayList.java:293)
03-01 16:10:26.179 W/MIUIScout App( 8353):     at java.util.ArrayList.contains(ArrayList.java:282)
03-01 16:10:26.179 W/MIUIScout App( 8353):     at com.bytedance.lego.init.InitTaskDispatcher.b(Unknown Source:34144529)
03-01 16:10:26.179 W/MIUIScout App( 8353):     at com.bytedance.lego.init.InitScheduler.onPeriodEnd(Unknown Source:17104904)
03-01 16:10:26.179 W/MIUIScout App( 8353):     at com.vega.launcher.start.schedule.InitScheduleHelper.c(Unknown Source:17039391)
03-01 16:10:26.179 W/MIUIScout App( 8353):     at com.vega.launcher.ScaffoldApplication.onCreate(Unknown Source:590056)
03-01 16:10:26.179 W/MIUIScout App( 8353):     at android.app.Instrumentation.callApplicationOnCreate(Instrumentation.java:1289)
03-01 16:10:26.179 W/MIUIScout App( 8353):     at android.app.ActivityThread.handleBindApplication(ActivityThread.java:7273)
03-01 16:10:26.179 W/MIUIScout App( 8353):     at android.app.ActivityThread.-$$Nest$mhandleBindApplication(Unknown Source:0)
03-01 16:10:26.179 W/MIUIScout App( 8353):     at android.app.ActivityThread$H.handleMessage(ActivityThread.java:2244)
03-01 16:10:26.179 W/MIUIScout App( 8353):     at android.os.Handler.dispatchMessage(Handler.java:106)
03-01 16:10:26.179 W/MIUIScout App( 8353):     at android.os.Looper.loopOnce(Looper.java:211)
03-01 16:10:26.179 W/MIUIScout App( 8353):     at android.os.Looper.loop(Looper.java:300)
03-01 16:10:26.179 W/MIUIScout App( 8353):     at android.app.ActivityThread.main(ActivityThread.java:8442)
03-01 16:10:26.179 W/MIUIScout App( 8353):     at java.lang.reflect.Method.invoke(Native Method)
03-01 16:10:26.179 W/MIUIScout App( 8353):     at com.android.internal.os.RuntimeInit$MethodAndArgsCaller.run(RuntimeInit.java:560)
03-01 16:10:26.179 W/MIUIScout App( 8353):     at com.android.internal.os.ZygoteInit.main(ZygoteInit.java:954)
03-01 16:10:26.182 E/gcblocker( 8353): task ptr not found 0x0 0x7eb83e10d4 0x0 0x7eb83e0f40 0x0 0x7eb84e914c.
03-01 16:10:26.183 W/emon.lvoverseas( 8353): Long monitor contention with owner aInitSchedule-2 (14381) at void com.vega.performance.JatoManagerHelper.b(android.content.Context)(:17170661) waiters=0 in void com.vega.performance.JatoManagerHelper.b(android.content.Context) for 1.007s
03-01 16:10:26.195 E/bytehook_tag( 8353): bytehook version 1.1.2-alpha.0: bytehook init(mode: AUTOMATIC, debuggable: false), return: 0, real-init: yes
03-01 16:10:26.197 I/stune   ( 8353): init succeed:ffffecfc
03-01 16:10:26.207 W/Looper  ( 8353): PerfMonitor longMsg : seq=3 plan=16:10:23.645 late=0ms wall=2560ms h=android.app.ActivityThread$H w=110 procState=-1
03-01 16:10:26.208 I/AdrenoGLES-0( 8353): QUALCOMM build                   : 67600309f5, I34f73d0972
03-01 16:10:26.208 I/AdrenoGLES-0( 8353): Build Date                       : 07/10/23
03-01 16:10:26.208 I/AdrenoGLES-0( 8353): OpenGL ES Shader Compiler Version: EV031.36.08.23
03-01 16:10:26.208 I/AdrenoGLES-0( 8353): Local Branch                     : 
03-01 16:10:26.208 I/AdrenoGLES-0( 8353): Remote Branch                    : refs/tags/AU_LINUX_ANDROID_LA.VENDOR.1.0.11.00.00.766.892
03-01 16:10:26.208 I/AdrenoGLES-0( 8353): Remote Branch                    : NONE
03-01 16:10:26.208 I/AdrenoGLES-0( 8353): Reconstruct Branch               : NOTHING
03-01 16:10:26.208 I/AdrenoGLES-0( 8353): Build Config                     : S P 12.1.1 AArch64
03-01 16:10:26.208 I/AdrenoGLES-0( 8353): Driver Path                      : /vendor/lib64/egl/libGLESv2_adreno.so
03-01 16:10:26.208 I/AdrenoGLES-0( 8353): Driver Version                   : 0615.72
03-01 16:10:26.211 E/jato    ( 8353): large object remove init 1, 0
03-01 16:10:26.211 E/jato    ( 8353): freeListSpace_free_origin is null !!!
03-01 16:10:26.211 E/jato    ( 8353): Hook FreeListSpace alloc and free failed, cannot init params
03-01 16:10:26.213 W/ScoutManager( 3370): Don't allow to dump third application traces of application com.lemon.lvoverseas
03-01 16:10:26.221 I/AdrenoGLES-0( 8353): PFP: 0x016ee205, ME: 0x00000000
03-01 16:10:26.225 D/MiuiMultiWindowAdapter( 1876): MiuiMultiWindowAdapter::getFreeformVideoWhiteList::sSmallWindowWhiteList = [com.hunantv.imgo.activity, com.tencent.qqlive, com.qiyi.video, com.hunantv.imgo.activity.inter, com.tencent.qqlivei18n, com.iqiyi.i18n, tv.danmaku.bili]
03-01 16:10:26.225 D/MiuiMultiWindowAdapter( 8353): MiuiMultiWindowAdapter::getFreeformVideoWhiteListInSystem::LIST_ABOUT_SUPPORT_LANDSCAPE_VIDEO = [com.hunantv.imgo.activity, com.tencent.qqlive, com.qiyi.video, com.hunantv.imgo.activity.inter, com.tencent.qqlivei18n, com.iqiyi.i18n, tv.danmaku.bili]
03-01 16:10:26.227 D/OpenGLRenderer( 8353): failed overriding property  to 
03-01 16:10:26.228 I/cr_WVCFactoryProvider( 8353): version=145.0.7632.79 (763207903) minSdkVersion=29 multiprocess=true packageId=127 splits=<none>
03-01 16:10:26.236 E/offset_utils( 8353): cannot found heap address.
03-01 16:10:26.236 I/jato    ( 8353): large object threshold address: 0x0, 1
03-01 16:10:26.259 D/nativeloader( 8353): Load /data/app/~~S19Ej7UCfvoMxGG0NEIMGw==/com.google.android.webview-eUt7U2CiQNgXm0I2qAnpoA==/base.apk!/lib/arm64-v8a/libwebviewchromium.so using class loader ns clns-9 (caller=/data/app/~~S19Ej7UCfvoMxGG0NEIMGw==/com.google.android.webview-eUt7U2CiQNgXm0I2qAnpoA==/base.apk): ok
03-01 16:10:26.262 D/TaskStackChangeListeners( 2299): onTaskDescriptionChanged =  taskId = 6440
03-01 16:10:26.267 D/MiuiMultiWindowAdapter( 1876): MiuiMultiWindowAdapter::getFreeformIgnoreRequestOrientationList::LIST_ABOUT_IGNORE_REQUEST_ORIENTATION_IN_FREEFORM = [com.miui.player, com.sqw.setdl.mi, com.youku.phone, com.tencent.gamehelper.smoba, com.taobao.litetao, com.live.shuoqiudi, com.baidu.homework, cn.xiaochuankeji.zuiyouLite, com.facebook.orca, com.android.browser, com.alibaba.android.rimet, com.miui.gallery, com.android.settings, com.tencent.letsgo]
03-01 16:10:26.267 D/ActivityTaskManager( 1876):  setRequestedOrientationFreeForm: requestedOrientation= 1 task=Task{a5659a1 #6440 type=standard A=10500:com.lemon.lvoverseas U=0 visible=true visibleRequested=true mode=fullscreen translucent=false sz=1} MiuiFreeformServicesUtils.getFreeformIgnoreRequestOrientationList()= [com.miui.player, com.sqw.setdl.mi, com.youku.phone, com.tencent.gamehelper.smoba, com.taobao.litetao, com.live.shuoqiudi, com.baidu.homework, cn.xiaochuankeji.zuiyouLite, com.facebook.orca, com.android.browser, com.alibaba.android.rimet, com.miui.gallery, com.android.settings, com.tencent.letsgo]packageName= com.lemon.lvoverseas
03-01 16:10:26.274 D/nativeloader( 8353): Load /data/app/~~i15S0uSRpGEJ_qSFKnWoOA==/com.lemon.lvoverseas-hUlupbB1jOzE7lN6ajo0ew==/lib/arm64/libosfix.so using class loader ns clns-8 (caller=/data/app/~~i15S0uSRpGEJ_qSFKnWoOA==/com.lemon.lvoverseas-hUlupbB1jOzE7lN6ajo0ew==/base.apk!classes9.dex): ok
03-01 16:10:26.279 E/jato    ( 8353): setJitCompilerOptions compilerOptionsPtr not found2
03-01 16:10:26.296 D/nativeloader( 8353): Load /system/lib64/libwebviewchromium_plat_support.so using class loader ns clns-9 (caller=/data/app/~~S19Ej7UCfvoMxGG0NEIMGw==/com.google.android.webview-eUt7U2CiQNgXm0I2qAnpoA==/base.apk): ok
03-01 16:10:26.304 D/TrafficManageService(31562): onReceive: intent.action = com.android.server.action.NETWORK_STATS_UPDATED
03-01 16:10:26.304 D/IS_CTS_MODE( 8353): false
03-01 16:10:26.305 D/MULTI_WINDOW_ENABLED( 8353): true
03-01 16:10:26.310 D/DecorView[]( 8353): getWindowModeFromSystem  windowmode is 1
03-01 16:10:26.324 D/MI-SF   ( 1358): setIdleFps choose FPS:48, mode:0
03-01 16:10:26.363 I/SmartPower.com.termux/10270(3630)( 1876): background->idle(3051ms) R(become background) adj=50.
03-01 16:10:26.413 I/chromium( 8353): [0301/161026.376793:INFO:android_webview/browser/variations/variations_seed_loader.cc:67] Failed to open file for reading.: No such file or directory (2)
03-01 16:10:26.414 I/chromium( 8353): [0301/161026.414522:INFO:android_webview/browser/variations/variations_seed_loader.cc:67] Failed to open file for reading.: No such file or directory (2)
03-01 16:10:26.425 D/nativeloader( 8353): Load /data/app/~~i15S0uSRpGEJ_qSFKnWoOA==/com.lemon.lvoverseas-hUlupbB1jOzE7lN6ajo0ew==/lib/arm64/libppsec.so using class loader ns clns-8 (caller=/data/app/~~i15S0uSRpGEJ_qSFKnWoOA==/com.lemon.lvoverseas-hUlupbB1jOzE7lN6ajo0ew==/base.apk!classes9.dex): ok
03-01 16:10:26.437 W/aInitSingle-108( 8353): type=1400 audit(0.0:3144267): avc: denied { search } for name="input" dev="tmpfs" ino=893 scontext=u:r:untrusted_app:s0:c244,c257,c512,c768 tcontext=u:object_r:input_device:s0 tclass=dir permissive=0 app=com.google.android.partnersetup
03-01 16:10:26.437 W/aInitSingle-108( 8353): type=1400 audit(0.0:3144268): avc: denied { read } for name="unix" dev="proc" ino=4026532043 scontext=u:r:untrusted_app:s0:c244,c257,c512,c768 tcontext=u:object_r:proc_net:s0 tclass=file permissive=0 app=com.google.android.partnersetup
03-01 16:10:26.441 W/aInitSingle-108( 8353): type=1400 audit(0.0:3144269): avc: denied { read } for name="cache" dev="dm-8" ino=100 scontext=u:r:untrusted_app:s0:c244,c257,c512,c768 tcontext=u:object_r:cache_file:s0 tclass=lnk_file permissive=0 app=com.google.android.partnersetup
03-01 16:10:26.441 W/aInitSingle-108( 8353): type=1400 audit(0.0:3144270): avc: denied { read } for name="cache" dev="dm-8" ino=100 scontext=u:r:untrusted_app:s0:c244,c257,c512,c768 tcontext=u:object_r:cache_file:s0 tclass=lnk_file permissive=0 app=com.google.android.partnersetup
03-01 16:10:26.450 W/libc    ( 8353): Access denied finding property "ro.oem_unlock_supported"
03-01 16:10:26.454 W/emon.lvoverseas( 8353): userfaultfd: MOVE ioctl seems unsupported: Try again
03-01 16:10:26.512 D/CompatibilityChangeReporter( 1876): Compat change id reported: 161252188; UID 10145; state: DISABLED
03-01 16:10:26.513 I/ActivityManager( 1876): com.android.vending is exempt from freezer
03-01 16:10:26.514 D/CompatibilityChangeReporter( 1876): Compat change id reported: 135634846; UID 10145; state: DISABLED
03-01 16:10:26.514 D/CompatibilityChangeReporter( 1876): Compat change id reported: 177438394; UID 10145; state: DISABLED
03-01 16:10:26.514 D/CompatibilityChangeReporter( 1876): Compat change id reported: 135772972; UID 10145; state: DISABLED
03-01 16:10:26.514 D/CompatibilityChangeReporter( 1876): Compat change id reported: 135754954; UID 10145; state: ENABLED
03-01 16:10:26.514 D/CompatibilityChangeReporter( 1876): Compat change id reported: 143937733; UID 10145; state: ENABLED
03-01 16:10:26.515 I/cr_LibraryLoader( 8353): Successfully loaded native library
03-01 16:10:26.536 I/cr_CachingUmaRecorder( 8353): Flushed 16 samples from 16 histograms, 0 samples were dropped.
03-01 16:10:26.552 W/BpBinder( 8353): PerfMonitor binderTransact :  time=269ms interface=android.app.IActivityManager code=91
03-01 16:10:26.553 D/Zygote  ( 1124): Forked child process 14549
03-01 16:10:26.557 D/Boost   ( 1876): hostingType=service, hostingName={com.android.vending/com.google.android.finsky.billing.iab.InAppBillingService}, callerPackage=com.lemon.lvoverseas, isSystem=false, isBoostNeeded=false.
03-01 16:10:26.558 I/ActivityManager( 1876): Start proc 14549:com.android.vending/u0a145 for service {com.android.vending/com.google.android.finsky.billing.iab.InAppBillingService} caller=com.lemon.lvoverseas
03-01 16:10:26.561 I/emon.lvoverseas( 8353): Background concurrent mark compact GC freed 35MB AllocSpace bytes, 51(1916KB) LOS objects, 49% free, 12MB/25MB, paused 6.013ms,3.631ms total 224.333ms
03-01 16:10:26.573 W/emon.lvoverseas( 8353): Long monitor contention with owner Thread-23 (14405) at android.webkit.CookieManager com.bytedance.frameworks.baselib.network.http.NetworkParams.tryCookieManagerInit()(:327725) waiters=0 in android.webkit.CookieManager com.bytedance.frameworks.baselib.network.http.NetworkParams.tryCookieManagerInit() for 559ms
03-01 16:10:26.574 W/emon.lvoverseas( 8353): Long monitor contention with owner Thread-23 (14405) at android.webkit.CookieManager com.bytedance.frameworks.baselib.network.http.NetworkParams.tryCookieManagerInit()(:327725) waiters=1 in android.webkit.CookieManager com.bytedance.frameworks.baselib.network.http.NetworkParams.tryCookieManagerInit() for 559ms
03-01 16:10:26.575 W/emon.lvoverseas( 8353): Long monitor contention with owner Thread-23 (14405) at android.webkit.CookieManager com.bytedance.frameworks.baselib.network.http.NetworkParams.tryCookieManagerInit()(:327725) waiters=2 in android.webkit.CookieManager com.bytedance.frameworks.baselib.network.http.NetworkParams.tryCookieManagerInit() for 539ms
03-01 16:10:26.577 W/emon.lvoverseas( 8353): Long monitor contention with owner Thread-23 (14405) at android.webkit.CookieManager com.bytedance.frameworks.baselib.network.http.NetworkParams.tryCookieManagerInit()(:327725) waiters=3 in android.webkit.CookieManager com.bytedance.frameworks.baselib.network.http.NetworkParams.tryCookieManagerInit() for 522ms
03-01 16:10:26.577 W/emon.lvoverseas( 8353): Long monitor contention with owner Thread-23 (14405) at android.webkit.CookieManager com.bytedance.frameworks.baselib.network.http.NetworkParams.tryCookieManagerInit()(:327725) waiters=4 in android.webkit.CookieManager com.bytedance.frameworks.baselib.network.http.NetworkParams.tryCookieManagerInit() for 514ms
03-01 16:10:26.578 E/Zygote  (14549): process_name_ptr:14549 com.android.vending
03-01 16:10:26.578 E/zygote64(14549): Failed to parse /product/etc/mfz.xml: Tinyxml2 error (3): Error=XML_ERROR_FILE_NOT_FOUND ErrorID=3 (0x3) Line number=0: filename=/product/etc/mfz.xml
03-01 16:10:26.578 E/zygote64(14549): MemoryFreeze XMLFile not found
03-01 16:10:26.585 I/android.vending(14549): Using CollectorTypeCMC GC.
03-01 16:10:26.601 D/TaskStackChangeListeners( 2299): onTaskDescriptionChanged =  taskId = 6440
03-01 16:10:26.607 D/nativeloader(14549): Load libframework-connectivity-tiramisu-jni.so using APEX ns com_android_tethering for caller /apex/com.android.tethering/javalib/framework-connectivity-t.jar: ok
03-01 16:10:26.616 W/System.err(14549): android.system.ErrnoException: open failed: ENOENT (No such file or directory)
03-01 16:10:26.617 W/System.err(14549): 	at libcore.io.Linux.open(Native Method)
03-01 16:10:26.617 W/System.err(14549): 	at libcore.io.ForwardingOs.open(ForwardingOs.java:574)
03-01 16:10:26.617 W/System.err(14549): 	at libcore.io.BlockGuardOs.open(BlockGuardOs.java:274)
03-01 16:10:26.618 W/System.err(14549): 	at libcore.io.ForwardingOs.open(ForwardingOs.java:574)
03-01 16:10:26.618 W/System.err(14549): 	at android.app.ActivityThread$AndroidOs.open(ActivityThread.java:8320)
03-01 16:10:26.618 W/System.err(14549): 	at android.system.Os.open(Os.java:508)
03-01 16:10:26.618 W/System.err(14549): 	at android.os.perfdebug.PerfDebugMonitorImpl.monitorVersionControl(PerfDebugMonitorImpl.java:204)
03-01 16:10:26.618 W/System.err(14549): 	at android.os.perfdebug.PerfDebugMonitorImpl.prepareMonitor(PerfDebugMonitorImpl.java:185)
03-01 16:10:26.618 W/System.err(14549): 	at android.app.ActivityThread.main(ActivityThread.java:8407)
03-01 16:10:26.619 W/System.err(14549): 	at java.lang.reflect.Method.invoke(Native Method)
03-01 16:10:26.619 W/System.err(14549): 	at com.android.internal.os.RuntimeInit$MethodAndArgsCaller.run(RuntimeInit.java:560)
03-01 16:10:26.619 W/System.err(14549): 	at com.android.internal.os.ZygoteInit.main(ZygoteInit.java:954)
03-01 16:10:26.620 I/MessageMonitor(14549): Load libmiui_runtime
03-01 16:10:26.628 I/SmartPower.com.android.vending/10145(14549)( 1876): died->background(767419ms) R(process start ) adj=-10000.
03-01 16:10:26.631 D/CompatibilityChangeReporter( 1876): Compat change id reported: 168419799; UID 10145; state: DISABLED
03-01 16:10:26.631 D/CompatibilityInfo( 1876): mCompatibilityFlags - 4
03-01 16:10:26.631 D/CompatibilityInfo( 1876): applicationDensity - 280
03-01 16:10:26.632 D/CompatibilityInfo( 1876): applicationScale - 1.0
03-01 16:10:26.638 I/MiuiNetworkPolicy( 1876): updateUidState uid = 10145, uidState = 3
03-01 16:10:26.643 D/CompatibilityInfo( 1876): mCompatibilityFlags - 4
03-01 16:10:26.643 D/CompatibilityInfo( 1876): applicationDensity - 280
03-01 16:10:26.643 D/CompatibilityInfo( 1876): applicationScale - 1.0
03-01 16:10:26.650 D/CompatibilityChangeReporter(14549): Compat change id reported: 171979766; UID 10145; state: ENABLED
03-01 16:10:26.666 D/CompatibilityChangeReporter( 1876): Compat change id reported: 74210811; UID 10500; state: ENABLED
03-01 16:10:26.672 D/nativeloader(14549): Configuring clns-4 for other apk /system/framework/org.apache.http.legacy.jar. target_sdk_version=36, uses_libraries=ALL, library_path=/data/app/~~B12jLWzttTsQ-NoS42CCeA==/com.android.vending-W1yQyEt-cVnBKrpsISJICg==/lib/arm64:/data/app/~~B12jLWzttTsQ-NoS42CCeA==/com.android.vending-W1yQyEt-cVnBKrpsISJICg==/base.apk!/lib/arm64-v8a:/data/app/~~B12jLWzttTsQ-NoS42CCeA==/com.android.vending-W1yQyEt-cVnBKrpsISJICg==/split_config.arm64_v8a.apk!/lib/arm64-v8a:/data/app/~~B12jLWzttTsQ-NoS42CCeA==/com.android.vending-W1yQyEt-cVnBKrpsISJICg==/split_config.zh.apk!/lib/arm64-v8a:/data/app/~~B12jLWzttTsQ-NoS42CCeA==/com.android.vending-W1yQyEt-cVnBKrpsISJICg==/split_phonesky_data_loader.apk!/lib/arm64-v8a:/data/app/~~B12jLWzttTsQ-NoS42CCeA==/com.android.vending-W1yQyEt-cVnBKrpsISJICg==/split_phonesky_data_loader.config.arm64_v8a.apk!/lib/arm64-v8a:/data/app/~~B12jLWzttTsQ-NoS42CCeA==/com.android.vending-W1yQyEt-cVnBKrpsISJICg==/split_phonesky_webrtc_native_lib.apk!/lib/arm64-v8a:/data/app/~~B12jLWzttTsQ-NoS42CCeA==/com.a
03-01 16:10:26.673 D/nativeloader(14549): Extending system_exposed_libraries: libbinauralrenderer_wrapper.qti.so:libhoaeffects.qti.so:libQOC.qti.so:libmisys_jni.xiaomi.so:libupdateprof.qti.so:libthermalclient.qti.so:libQOC.qti.so:libdiag_system.qti.so:libqape.qti.so:liblistenjni.qti.so
03-01 16:10:26.673 I/System.out( 8353): method b is called
03-01 16:10:26.681 D/nativeloader(14549): Configuring clns-5 for other apk /system_ext/framework/androidx.window.extensions.jar. target_sdk_version=36, uses_libraries=ALL, library_path=/data/app/~~B12jLWzttTsQ-NoS42CCeA==/com.android.vending-W1yQyEt-cVnBKrpsISJICg==/lib/arm64:/data/app/~~B12jLWzttTsQ-NoS42CCeA==/com.android.vending-W1yQyEt-cVnBKrpsISJICg==/base.apk!/lib/arm64-v8a:/data/app/~~B12jLWzttTsQ-NoS42CCeA==/com.android.vending-W1yQyEt-cVnBKrpsISJICg==/split_config.arm64_v8a.apk!/lib/arm64-v8a:/data/app/~~B12jLWzttTsQ-NoS42CCeA==/com.android.vending-W1yQyEt-cVnBKrpsISJICg==/split_config.zh.apk!/lib/arm64-v8a:/data/app/~~B12jLWzttTsQ-NoS42CCeA==/com.android.vending-W1yQyEt-cVnBKrpsISJICg==/split_phonesky_data_loader.apk!/lib/arm64-v8a:/data/app/~~B12jLWzttTsQ-NoS42CCeA==/com.android.vending-W1yQyEt-cVnBKrpsISJICg==/split_phonesky_data_loader.config.arm64_v8a.apk!/lib/arm64-v8a:/data/app/~~B12jLWzttTsQ-NoS42CCeA==/com.android.vending-W1yQyEt-cVnBKrpsISJICg==/split_phonesky_webrtc_native_lib.apk!/lib/arm64-v8a:/data/app/~~B12jLWzttTsQ-NoS42CCeA
03-01 16:10:26.681 D/nativeloader(14549): Extending system_exposed_libraries: libbinauralrenderer_wrapper.qti.so:libhoaeffects.qti.so:libQOC.qti.so:libmisys_jni.xiaomi.so:libupdateprof.qti.so:libthermalclient.qti.so:libQOC.qti.so:libdiag_system.qti.so:libqape.qti.so:liblistenjni.qti.so
03-01 16:10:26.711 D/CompatibilityChangeReporter( 8353): Compat change id reported: 183155436; UID 10500; state: ENABLED
03-01 16:10:26.763 D/CompatibilityChangeReporter( 1876): Compat change id reported: 151105954; UID 1000; state: ENABLED
03-01 16:10:26.765 E/AppOps  ( 1876): attributionTag  not declared in manifest of android
03-01 16:10:26.768 E/AppOps  ( 1876): attributionTag  not declared in manifest of android
03-01 16:10:26.770 E/AppOps  ( 1876): attributionTag  not declared in manifest of android
03-01 16:10:26.772 E/AppOps  ( 1876): attributionTag  not declared in manifest of android
03-01 16:10:26.775 E/AppOps  ( 1876): attributionTag  not declared in manifest of android
03-01 16:10:26.777 E/VerityUtils( 1876): Failed to measure fs-verity, errno 1: /data/app/~~i15S0uSRpGEJ_qSFKnWoOA==/com.lemon.lvoverseas-hUlupbB1jOzE7lN6ajo0ew==/base.apk
03-01 16:10:26.777 E/AppOps  ( 1876): attributionTag  not declared in manifest of android
03-01 16:10:26.780 E/AppOps  ( 1876): attributionTag  not declared in manifest of android
03-01 16:10:26.783 D/CompatibilityChangeReporter( 8353): Compat change id reported: 351566728; UID 10500; state: DISABLED
03-01 16:10:26.800 W/android.vending(14549): Failed to find entry 'classes.dex': Entry not found
03-01 16:10:26.802 W/android.vending(14549): Failed to find entry 'classes.dex': Entry not found
03-01 16:10:26.803 W/android.vending(14549): Failed to find entry 'classes.dex': Entry not found
03-01 16:10:26.805 W/android.vending(14549): Failed to find entry 'classes.dex': Entry not found
03-01 16:10:26.807 W/android.vending(14549): Failed to find entry 'classes.dex': Entry not found
03-01 16:10:26.809 D/DecorView[]( 8353): getWindowModeFromSystem  windowmode is 1
03-01 16:10:26.809 D/DecorView[]( 8353): updateDecorCaptionStatus windowMode is 1
03-01 16:10:26.811 W/android.vending(14549): Failed to find entry 'classes.dex': Entry not found
03-01 16:10:26.812 D/nativeloader(14549): Configuring clns-6 for other apk /data/app/~~B12jLWzttTsQ-NoS42CCeA==/com.android.vending-W1yQyEt-cVnBKrpsISJICg==/base.apk:/data/app/~~B12jLWzttTsQ-NoS42CCeA==/com.android.vending-W1yQyEt-cVnBKrpsISJICg==/split_config.arm64_v8a.apk:/data/app/~~B12jLWzttTsQ-NoS42CCeA==/com.android.vending-W1yQyEt-cVnBKrpsISJICg==/split_config.zh.apk:/data/app/~~B12jLWzttTsQ-NoS42CCeA==/com.android.vending-W1yQyEt-cVnBKrpsISJICg==/split_phonesky_data_loader.apk:/data/app/~~B12jLWzttTsQ-NoS42CCeA==/com.android.vending-W1yQyEt-cVnBKrpsISJICg==/split_phonesky_data_loader.config.arm64_v8a.apk:/data/app/~~B12jLWzttTsQ-NoS42CCeA==/com.android.vending-W1yQyEt-cVnBKrpsISJICg==/split_phonesky_webrtc_native_lib.apk:/data/app/~~B12jLWzttTsQ-NoS42CCeA==/com.android.vending-W1yQyEt-cVnBKrpsISJICg==/split_phonesky_webrtc_native_lib.config.arm64_v8a.apk. target_sdk_version=36, uses_libraries=, library_path=/data/app/~~B12jLWzttTsQ-NoS42CCeA==/com.android.vending-W1yQyEt-cVnBKrpsISJICg==/lib/arm64:/data/app/~~B12jLWzttTsQ-NoS42CCeA==/com.and
03-01 16:10:26.823 D/nativeloader(14549): Load libframework-connectivity-jni.so using APEX ns com_android_tethering for caller /apex/com.android.tethering/javalib/framework-connectivity.jar: ok
03-01 16:10:26.824 I/Perf    (14549): Connecting to perf service.
03-01 16:10:26.826 D/CoreBackPreview( 1876): Window{935ec48 u0 com.lemon.lvoverseas/com.vega.main.MainActivity}: Setting back callback OnBackInvokedCallbackInfo{mCallback=android.window.IOnBackInvokedCallback$Stub$Proxy@ad5006, mPriority=0}
03-01 16:10:26.827 W/Looper  ( 8353): PerfMonitor looperActivity : package=com.lemon.lvoverseas/com.vega.main.MainActivity time=619ms latency=2561ms  procState=-1  historyMsgCount=3 (msgIndex=1 wall=2560ms seq=3 h=android.app.ActivityThread$H w=110)
03-01 16:10:26.828 D/RecentsImpl( 2299): mActivityStateObserver com.vega.main.MainActivity
03-01 16:10:26.828 W/Looper  ( 8353): PerfMonitor looperActivity : package=com.lemon.lvoverseas/com.vega.main.MainActivity time=0ms latency=3180ms  procState=-1  historyMsgCount=5 (msgIndex=1 wall=2560ms seq=3 h=android.app.ActivityThread$H w=110) (msgIndex=4 wall=619ms seq=6 late=2561ms h=android.app.ActivityThread$H w=159)
03-01 16:10:26.830 W/RecentsImpl( 2299): onResumed className=com.vega.main.MainActivity   mIsInAnotherPro=false   isKeyguardLocked=false
03-01 16:10:26.830 E/SystemConfig(14549): SystemConfig is being accessed by a process other than system_server.
03-01 16:10:26.832 D/FramePredict( 8353): FramePredict init: true
03-01 16:10:26.832 I/Choreographer( 8353): Skipped 105 frames!  The application may be doing too much work on its main thread.
03-01 16:10:26.834 I/SystemConfig(14549): Reading permissions from /system/etc/sysconfig/com.miui.core.config.xml
03-01 16:10:26.836 I/incfs   (14549): Initial API level of the device: 33
03-01 16:10:26.837 E/InputAnrOpt( 8353): getSocketFd start
03-01 16:10:26.837 I/incfs   (14549): ro.incremental.enable: 1
03-01 16:10:26.837 E/InputAnrOpt( 8353): already registered sendMessage
03-01 16:10:26.837 I/DropBoxManagerService( 1876): add tag=system_app_wtf isTagEnabled=true flags=0x2
03-01 16:10:26.851 I/SystemConfig(14549): Reading permissions from /system/etc/sysconfig/framework-sysconfig.xml
03-01 16:10:26.852 I/SystemConfig(14549): Reading permissions from /system/etc/sysconfig/google-hiddenapi-package-allowlist.xml
03-01 16:10:26.852 I/SystemConfig(14549): Reading permissions from /system/etc/sysconfig/hiddenapi-package-whitelist.xml
03-01 16:10:26.853 I/SystemConfig(14549): Reading permissions from /system/etc/sysconfig/preinstalled-packages-com.google.android.providers.media.module.xml
03-01 16:10:26.853 I/SystemConfig(14549): Reading permissions from /system/etc/sysconfig/preinstalled-packages-platform-full-base.xml
03-01 16:10:26.853 I/SystemConfig(14549): Reading permissions from /system/etc/sysconfig/preinstalled-packages-platform.xml
03-01 16:10:26.853 I/SystemConfig(14549): Reading permissions from /system/etc/sysconfig/qti_whitelist.xml
03-01 16:10:26.854 I/SystemConfig(14549): Reading permissions from /system/etc/permissions/GoogleDocumentsUI_permissions.xml
03-01 16:10:26.855 I/SystemConfig(14549): Reading permissions from /system/etc/permissions/GoogleNetworkStack_permissions.xml
03-01 16:10:26.855 E/DynamiteModule( 8353): Failed to load module descriptor class: No field MODULE_ID in class Lcom/google/android/gms/dynamite/descriptors/com/google/android/gms/measurement/dynamite/ModuleDescriptor; (declaration of 'com.google.android.gms.dynamite.descriptors.com.google.android.gms.measurement.dynamite.ModuleDescriptor' appears in /data/app/~~i15S0uSRpGEJ_qSFKnWoOA==/com.lemon.lvoverseas-hUlupbB1jOzE7lN6ajo0ew==/base.apk!classes23.dex)
03-01 16:10:26.855 I/SystemConfig(14549): Reading permissions from /system/etc/permissions/android.software.live_wallpaper.xml
03-01 16:10:26.855 I/SystemConfig(14549): Reading permissions from /system/etc/permissions/android.software.webview.xml
03-01 16:10:26.855 I/SystemConfig(14549): Reading permissions from /system/etc/permissions/android.test.base.xml
03-01 16:10:26.856 I/SystemConfig(14549): Reading permissions from /system/etc/permissions/android.test.mock.xml
03-01 16:10:26.856 I/SystemConfig(14549): Reading permissions from /system/etc/permissions/android.test.runner.xml
03-01 16:10:26.856 I/SystemConfig(14549): Reading permissions from /system/etc/permissions/com.android.future.usb.accessory.xml
03-01 16:10:26.856 I/SystemConfig(14549): Reading permissions from /system/etc/permissions/com.android.location.provider.xml
03-01 16:10:26.856 I/SystemConfig(14549): Reading permissions from /system/etc/permissions/com.android.media.remotedisplay.xml
03-01 16:10:26.857 I/SystemConfig(14549): Reading permissions from /system/etc/permissions/com.android.mediadrm.signer.xml
03-01 16:10:26.857 I/SystemConfig(14549): Reading permissions from /system/etc/permissions/com.android.nfc_extras.xml
03-01 16:10:26.857 I/SystemConfig(14549): Reading permissions from /system/etc/permissions/com.miui.audioeffect.xml
03-01 16:10:26.857 I/SystemConfig(14549): Reading permissions from /system/etc/permissions/com.wapi.wapicertstore.xml
03-01 16:10:26.858 I/SystemConfig(14549): Reading permissions from /system/etc/permissions/com.xiaomi.slalib.xml
03-01 16:10:26.858 I/SystemConfig(14549): Reading permissions from /system/etc/permissions/javax.obex.xml
03-01 16:10:26.858 I/SystemConfig(14549): Reading permissions from /system/etc/permissions/org.apache.http.legacy.xml
03-01 16:10:26.858 I/SystemConfig(14549): Reading permissions from /system/etc/permissions/privapp-permissions-google-system.xml
03-01 16:10:26.859 I/SystemConfig(14549): Reading permissions from /system/etc/permissions/privapp-permissions-miui-system.xml
03-01 16:10:26.859 I/SystemConfig(14549): Reading permissions from /system/etc/permissions/privapp-permissions-platform.xml
03-01 16:10:26.862 I/SystemConfig(14549): Reading permissions from /system/etc/permissions/privapp-permissions-qti.xml
03-01 16:10:26.862 I/SystemConfig(14549): Reading permissions from /system/etc/permissions/uimremoteclient.xml
03-01 16:10:26.863 I/SystemConfig(14549): Reading permissions from /system/etc/permissions/uimremoteserver.xml
03-01 16:10:26.863 I/SystemConfig(14549): Reading permissions from /system/etc/permissions/vendor.xiaomi.hardware.bgservice-V1.0-java-permission.xml
03-01 16:10:26.863 I/SystemConfig(14549): Reading permissions from /system/etc/permissions/vendor.xiaomi.hardware.misys-V1.0-java-permission.xml
03-01 16:10:26.863 I/SystemConfig(14549): Reading permissions from /system/etc/permissions/vendor.xiaomi.hardware.misys-V2.0-java-permission.xml
03-01 16:10:26.864 I/SystemConfig(14549): Reading permissions from /system/etc/permissions/vendor.xiaomi.hardware.misys-V4.0-java-permission.xml
03-01 16:10:26.864 I/SystemConfig(14549): Reading permissions from /system/etc/permissions/vendor.xiaomi.hardware.misys.V3_0-permission.xml
03-01 16:10:26.864 I/SystemConfig(14549): Reading permissions from /system/etc/permissions/version-seperation-ext.xml
03-01 16:10:26.864 I/SystemConfig(14549): Reading permissions from /system/etc/permissions/privapp-permissions-system-miext.xml
03-01 16:10:26.864 I/SystemConfig(14549): Reading permissions from /system/etc/permissions/facebook-hiddenapi-package-whitelist.xml
03-01 16:10:26.865 I/SystemConfig(14549): Reading permissions from /system/etc/permissions/facebook-miui.xml
03-01 16:10:26.865 I/SystemConfig(14549): Reading permissions from /system/etc/permissions/privapp-permissions-pangu.xml
03-01 16:10:26.865 I/SystemConfig(14549): Reading permissions from /system/etc/permissions/platform.xml
03-01 16:10:26.867 I/SystemConfig(14549): Reading permissions from /vendor/etc/permissions/android.hardware.audio.low_latency.xml
03-01 16:10:26.867 I/SystemConfig(14549): Reading permissions from /vendor/etc/permissions/android.hardware.audio.pro.xml
03-01 16:10:26.868 I/SystemConfig(14549): Reading permissions from /vendor/etc/permissions/android.hardware.bluetooth.xml
03-01 16:10:26.868 I/SystemConfig(14549): Reading permissions from /vendor/etc/permissions/android.hardware.bluetooth_le.xml
03-01 16:10:26.868 I/SystemConfig(14549): Reading permissions from /vendor/etc/permissions/android.hardware.camera.flash-autofocus.xml
03-01 16:10:26.868 I/SystemConfig(14549): Reading permissions from /vendor/etc/permissions/android.hardware.camera.front.xml
03-01 16:10:26.868 I/SystemConfig(14549): Reading permissions from /vendor/etc/permissions/android.hardware.camera.full.xml
03-01 16:10:26.868 I/SystemConfig(14549): Reading permissions from /vendor/etc/permissions/android.hardware.camera.raw.xml
03-01 16:10:26.869 I/SystemConfig(14549): Reading permissions from /vendor/etc/permissions/android.hardware.hardware_keystore.xml
03-01 16:10:26.869 I/SystemConfig(14549): Reading permissions from /vendor/etc/permissions/android.hardware.keystore.app_attest_key.xml
03-01 16:10:26.869 I/SystemConfig(14549): Reading permissions from /vendor/etc/permissions/android.hardware.light.xml
03-01 16:10:26.869 I/SystemConfig(14549): Ignore shared library android.hardware.light-V2.0: /system/framework/android.hardware.light-V2.0-java.jar does not exist
03-01 16:10:26.869 I/SystemConfig(14549): Reading permissions from /vendor/etc/permissions/android.hardware.location.gps.xml
03-01 16:10:26.870 I/SystemConfig(14549): Reading permissions from /vendor/etc/permissions/android.hardware.opengles.aep.xml
03-01 16:10:26.870 I/SystemConfig(14549): Reading permissions from /vendor/etc/permissions/android.hardware.sensor.accelerometer.xml
03-01 16:10:26.870 I/SystemConfig(14549): Reading permissions from /vendor/etc/permissions/android.hardware.sensor.light.xml
03-01 16:10:26.870 I/SystemConfig(14549): Reading permissions from /vendor/etc/permissions/android.hardware.sensor.stepcounter.xml
03-01 16:10:26.870 I/SystemConfig(14549): Reading permissions from /vendor/etc/permissions/android.hardware.sensor.stepdetector.xml
03-01 16:10:26.870 I/SystemConfig(14549): Reading permissions from /vendor/etc/permissions/android.hardware.touchscreen.multitouch.jazzhand.xml
03-01 16:10:26.879 I/SystemConfig(14549): Reading permissions from /vendor/etc/permissions/android.hardware.usb.accessory.xml
03-01 16:10:26.879 I/SystemConfig(14549): Reading permissions from /vendor/etc/permissions/android.hardware.usb.host.xml
03-01 16:10:26.880 I/SystemConfig(14549): Reading permissions from /vendor/etc/permissions/android.hardware.vulkan.compute-0.xml
03-01 16:10:26.880 I/SystemConfig(14549): Reading permissions from /vendor/etc/permissions/android.hardware.vulkan.level-1.xml
03-01 16:10:26.880 I/SystemConfig(14549): Reading permissions from /vendor/etc/permissions/android.hardware.vulkan.version-1_1.xml
03-01 16:10:26.880 I/SystemConfig(14549): Reading permissions from /vendor/etc/permissions/android.hardware.wifi.direct.xml
03-01 16:10:26.880 I/SystemConfig(14549): Reading permissions from /vendor/etc/permissions/android.hardware.wifi.passpoint.xml
03-01 16:10:26.880 I/SystemConfig(14549): Reading permissions from /vendor/etc/permissions/android.hardware.wifi.xml
03-01 16:10:26.881 I/SystemConfig(14549): Reading permissions from /vendor/etc/permissions/android.software.device_id_attestation.xml
03-01 16:10:26.881 I/SystemConfig(14549): Reading permissions from /vendor/etc/permissions/android.software.midi.xml
03-01 16:10:26.881 I/SystemConfig(14549): Reading permissions from /vendor/etc/permissions/android.software.opengles.deqp.level.xml
03-01 16:10:26.881 I/SystemConfig(14549): Reading permissions from /vendor/etc/permissions/android.software.sip.voip.xml
03-01 16:10:26.881 I/SystemConfig(14549): Reading permissions from /vendor/etc/permissions/android.software.verified_boot.xml
03-01 16:10:26.882 I/SystemConfig(14549): Reading permissions from /vendor/etc/permissions/android.software.vulkan.deqp.level.xml
03-01 16:10:26.882 I/SystemConfig(14549): Reading permissions from /vendor/etc/permissions/handheld_core_hardware.xml
03-01 16:10:26.882 I/SystemConfig(14549): Reading permissions from /vendor/etc/permissions/qti_fingerprint_interface.xml
03-01 16:10:26.882 I/SystemConfig(14549): Ignore shared library vendor.qti.hardware.fingerprint.V1_0.IQfpAndroidServices: /system/framework/vendor.qti.hardware.fingerprint-V1.0-java.jar does not exist
03-01 16:10:26.882 I/SystemConfig(14549): Ignore shared library vendor.qti.hardware.fingerprint.V1_0.IQtiExtendedFingerprint: /system/framework/vendor.qti.hardware.fingerprint-V1.0-java.jar does not exist
03-01 16:10:26.882 I/SystemConfig(14549): Reading permissions from /vendor/etc/permissions/vendor-qti-hardware-sensorscalibrate.xml
03-01 16:10:26.883 I/SystemConfig(14549): Ignore shared library vendor.qti.hardware.sensorscalibrate-V1.0: /system/framework/vendor.qti.hardware.sensorscalibrate-V1.0-java.jar does not exist
03-01 16:10:26.883 I/SystemConfig(14549): Reading permissions from /vendor/etc/permissions/vendor.qti.hardware.factory.xml
03-01 16:10:26.883 I/SystemConfig(14549): Ignore shared library vendor.qti.hardware.factory-V1.0: /system/framework/vendor.qti.hardware.factory-V1.0-java.jar does not exist
03-01 16:10:26.883 I/SystemConfig(14549): Ignore shared library vendor.qti.hardware.factory-V1.1: /system/framework/vendor.qti.hardware.factory-V1.1-java.jar does not exist
03-01 16:10:26.883 I/SystemConfig(14549): Reading permissions from /vendor/etc/permissions/noRil/apq_excluded_telephony_features.xml
03-01 16:10:26.884 I/SystemConfig(14549): Reading permissions from /product/etc/sysconfig/GoogleCellBroadcast_config.xml
03-01 16:10:26.884 I/SystemConfig(14549): Reading permissions from /product/etc/sysconfig/aer.xml
03-01 16:10:26.885 I/SystemConfig(14549): Reading permissions from /product/etc/sysconfig/asi_infrastructure.xml
03-01 16:10:26.885 I/SystemConfig(14549): Reading permissions from /product/etc/sysconfig/cross_device_services.xml
03-01 16:10:26.885 I/SystemConfig(14549): Reading permissions from /product/etc/sysconfig/d2d_cable_migration_feature.xml
03-01 16:10:26.885 I/SystemConfig(14549): Reading permissions from /product/etc/sysconfig/google-staged-installer-whitelist.xml
03-01 16:10:26.886 I/SystemConfig(14549): Reading permissions from /product/etc/sysconfig/google.xml
03-01 16:10:26.886 I/SystemConfig(14549): Adding association: com.google.android.as <- com.android.bluetooth
03-01 16:10:26.886 I/SystemConfig(14549): Adding association: com.google.android.as <- com.android.providers.contacts
03-01 16:10:26.886 I/SystemConfig(14549): Adding association: com.google.android.as <- com.android.providers.media
03-01 16:10:26.886 I/SystemConfig(14549): Adding association: com.google.android.as <- com.android.providers.telephony
03-01 16:10:26.886 I/SystemConfig(14549): Adding association: com.google.android.as <- com.android.systemui
03-01 16:10:26.886 I/SystemConfig(14549): Adding association: com.google.android.as <- com.google.android.providers.media.module
03-01 16:10:26.886 I/SystemConfig(14549): Adding association: com.google.android.as <- com.google.android.as.oss
03-01 16:10:26.886 I/SystemConfig(14549): Adding association: com.google.android.as <- com.google.android.bluetooth.services
03-01 16:10:26.886 I/SystemConfig(14549): Adding association: com.google.android.as.oss <- com.google.android.as
03-01 16:10:26.886 I/SystemConfig(14549): Reading permissions from /product/etc/sysconfig/personal_safety.xml
03-01 16:10:26.886 I/SystemConfig(14549): Reading permissions from /product/etc/sysconfig/preinstalled-packages-platform-handheld-product.xml
03-01 16:10:26.887 I/SystemConfig(14549): Reading permissions from /product/etc/sysconfig/preinstalled-packages-platform-overlays.xml
03-01 16:10:26.887 E/InputAnrOpt( 8353): getSocketFd start
03-01 16:10:26.887 E/InputAnrOpt( 8353): already registered sendMessage
03-01 16:10:26.887 I/SystemConfig(14549): Reading permissions from /product/etc/sysconfig/remove_aer_feature_devices.xml
03-01 16:10:26.890 W/SystemConfig(14549): Tag remove-aer-feature-devcie is unknown in /product/etc/sysconfig/remove_aer_feature_devices.xml at START_TAG (empty) <remove-aer-feature-devcie device='gale_p'>@5:50 in java.io.FileReader@1d9d785
03-01 16:10:26.891 I/SystemConfig(14549): Reading permissions from /product/etc/sysconfig/turbo.xml
03-01 16:10:26.892 I/SystemConfig(14549): Reading permissions from /product/etc/sysconfig/wellbeing.xml
03-01 16:10:26.894 I/SystemConfig(14549): Reading permissions from /product/etc/permissions/RemoteSimlock.xml
03-01 16:10:26.895 I/SystemConfig(14549): Reading permissions from /product/etc/permissions/RemoteSimlockManager.xml
03-01 16:10:26.897 I/SystemConfig(14549): Reading permissions from /product/etc/permissions/UimGba.xml
03-01 16:10:26.898 I/SystemConfig(14549): Reading permissions from /product/etc/permissions/UimGbaManager.xml
03-01 16:10:26.899 I/SystemConfig(14549): Reading permissions from /product/etc/permissions/UimService.xml
03-01 16:10:26.900 I/SystemConfig(14549): Reading permissions from /product/etc/permissions/com.android.settings.intelligence.xml
03-01 16:10:26.902 I/SystemConfig(14549): Reading permissions from /product/etc/permissions/com.google.android.apps.dialer.call_recording_audio.xml
03-01 16:10:26.903 I/SystemConfig(14549): Reading permissions from /product/etc/permissions/com.qti.snapdragon.sdk.display.xml
03-01 16:10:26.905 I/SystemConfig(14549): Reading permissions from /product/etc/permissions/extphonelib_product.xml
03-01 16:10:26.906 I/SystemConfig(14549): Reading permissions from /product/etc/permissions/ims_ext_common.xml
03-01 16:10:26.907 I/SystemConfig(14549): Reading permissions from /product/etc/permissions/privapp-permissions-google-asi-infrastructure.xml
03-01 16:10:26.908 I/SystemConfig(14549): Reading permissions from /product/etc/permissions/privapp-permissions-google-comms-suite.xml
03-01 16:10:26.910 I/SystemConfig(14549): Reading permissions from /product/etc/permissions/privapp-permissions-google-product.xml
03-01 16:10:26.913 I/SystemConfig(14549): Reading permissions from /product/etc/permissions/privapp-permissions-miui-product.xml
03-01 16:10:26.914 I/SystemConfig(14549): Reading permissions from /product/etc/permissions/privapp-permissions-product.xml
03-01 16:10:26.915 I/SystemConfig(14549): Reading permissions from /product/etc/permissions/qti_telephony_hidl_wrapper_prd.xml
03-01 16:10:26.915 I/SystemConfig(14549): Reading permissions from /product/etc/permissions/qti_telephony_utils_prd.xml
03-01 16:10:26.915 I/SystemConfig(14549): Reading permissions from /product/etc/permissions/split-permissions-google.xml
03-01 16:10:26.915 I/SystemConfig(14549): Reading permissions from /product/etc/permissions/telephony_product_privapp-permissions-qti.xml
03-01 16:10:26.915 I/SystemConfig(14549): Reading permissions from /product/etc/permissions/vendor.qti.hardware.data.connection-V1.0-java.xml
03-01 16:10:26.916 I/SystemConfig(14549): Ignore shared library vendor.qti.hardware.data.connection-V1.0-java: /system/product/framework/vendor.qti.hardware.data.connection-V1.0-java.jar does not exist
03-01 16:10:26.916 I/SystemConfig(14549): Reading permissions from /product/etc/permissions/vendor.qti.hardware.data.connection-V1.1-java.xml
03-01 16:10:26.916 I/SystemConfig(14549): Ignore shared library vendor.qti.hardware.data.connection-V1.1-java: /system/product/framework/vendor.qti.hardware.data.connection-V1.1-java.jar does not exist
03-01 16:10:26.916 I/SystemConfig(14549): Reading permissions from /product/etc/permissions/privapp-permissions-product-miext.xml
03-01 16:10:26.916 I/SystemConfig(14549): Reading permissions from /system_ext/etc/sysconfig/miui_whitelist.xml
03-01 16:10:26.917 I/SystemConfig(14549): Reading permissions from /system_ext/etc/sysconfig/power-save-conf.xml
03-01 16:10:26.917 I/SystemConfig(14549): Reading permissions from /system_ext/etc/sysconfig/qti_telephony_system_packages_config.xml
03-01 16:10:26.917 I/SystemConfig(14549): Reading permissions from /system_ext/etc/sysconfig/qti_whitelist_system_ext.xml
03-01 16:10:26.917 I/SystemConfig(14549): Reading permissions from /system_ext/etc/permissions/android.software.verified_boot.xml
03-01 16:10:26.918 I/SystemConfig(14549): Reading permissions from /system_ext/etc/permissions/androidx.window.extensions.xml
03-01 16:10:26.918 I/SystemConfig(14549): Reading permissions from /system_ext/etc/permissions/audiosphere.xml
03-01 16:10:26.918 I/SystemConfig(14549): Reading permissions from /system_ext/etc/permissions/com.android.carrierconfig.xml
03-01 16:10:26.918 I/SystemConfig(14549): Reading permissions from /system_ext/etc/permissions/com.android.hotwordenrollment.common.util.xml
03-01 16:10:26.918 I/SystemConfig(14549): Reading permissions from /system_ext/etc/permissions/com.android.provision.xml
03-01 16:10:26.919 I/SystemConfig(14549): Reading permissions from /system_ext/etc/permissions/com.android.settings.xml
03-01 16:10:26.919 I/SystemConfig(14549): Reading permissions from /system_ext/etc/permissions/com.android.settingslib.search.xml
03-01 16:10:26.919 I/SystemConfig(14549): Reading permissions from /system_ext/etc/permissions/com.android.storagemanager.xml
03-01 16:10:26.920 I/SystemConfig(14549): Reading permissions from /system_ext/etc/permissions/com.android.systemui.xml
03-01 16:10:26.920 I/SystemConfig(14549): Reading permissions from /system_ext/etc/permissions/com.qti.dpmframework.xml
03-01 16:10:26.920 I/SystemConfig(14549): Reading permissions from /system_ext/etc/permissions/com.qti.location.sdk.xml
03-01 16:10:26.920 I/SystemConfig(14549): Reading permissions from /system_ext/etc/permissions/com.qti.media.secureprocessor.xml
03-01 16:10:26.921 I/SystemConfig(14549): Reading permissions from /system_ext/etc/permissions/com.qti.qcc.vendor_qcc.xml
03-01 16:10:26.921 I/SystemConfig(14549): Reading permissions from /system_ext/etc/permissions/com.qualcomm.location.xml
03-01 16:10:26.921 I/SystemConfig(14549): Reading permissions from /system_ext/etc/permissions/com.qualcomm.qmapbridge.xml
03-01 16:10:26.921 I/SystemConfig(14549): Reading permissions from /system_ext/etc/permissions/com.qualcomm.qti.VENDORSSGTZD.xml
03-01 16:10:26.922 I/SystemConfig(14549): Reading permissions from /system_ext/etc/permissions/com.qualcomm.qti.imscmservice-V2.0-java.xml
03-01 16:10:26.922 I/SystemConfig(14549): Reading permissions from /system_ext/etc/permissions/com.qualcomm.qti.imscmservice-V2.1-java.xml
03-01 16:10:26.922 I/SystemConfig(14549): Reading permissions from /system_ext/etc/permissions/com.qualcomm.qti.imscmservice-V2.2-java.xml
03-01 16:10:26.922 I/SystemConfig(14549): Reading permissions from /system_ext/etc/permissions/com.qualcomm.qti.izattools.xml
03-01 16:10:26.922 I/SystemConfig(14549): Reading permissions from /system_ext/etc/permissions/com.xiaomi.NetworkBoost.xml
03-01 16:10:26.922 I/SystemConfig(14549): Reading permissions from /system_ext/etc/permissions/datachannellib.xml
03-01 16:10:26.923 I/SystemConfig(14549): Reading permissions from /system_ext/etc/permissions/dpmapi.xml
03-01 16:10:26.923 I/SystemConfig(14549): Reading permissions from /system_ext/etc/permissions/embms-noship_product_privapp_permissions_qti.xml
03-01 16:10:26.923 I/SystemConfig(14549): Reading permissions from /system_ext/etc/permissions/embms.xml
03-01 16:10:26.924 I/SystemConfig(14549): Reading permissions from /system_ext/etc/permissions/extphonelib.xml
03-01 16:10:26.924 I/SystemConfig(14549): Reading permissions from /system_ext/etc/permissions/platform-miui.xml
03-01 16:10:26.924 I/SystemConfig(14549): Ignore shared library cloud-common.jar: /system/framework/cloud-common-runtime.jar does not exist
03-01 16:10:26.924 I/SystemConfig(14549): Ignore shared library micloud-lib-shared.jar: /system/framework/MiCloudLibShared.jar does not exist
03-01 16:10:26.924 I/SystemConfig(14549): Ignore shared library yellowpage-common.jar: /system/framework/yellowpage-common.jar does not exist
03-01 16:10:26.924 I/SystemConfig(14549): Ignore shared library miui-update.jar: /system/framework/miui-update.jar does not exist
03-01 16:10:26.924 I/SystemConfig(14549): Ignore shared library activation.jar: /system/framework/activation.jar does not exist
03-01 16:10:26.924 I/SystemConfig(14549): Ignore shared library microlog4android.jar: /system/framework/microlog4android.jar does not exist
03-01 16:10:26.924 I/SystemConfig(14549): Ignore shared library protobuf.jar: /system/framework/protobuf.jar does not exist
03-01 16:10:26.925 I/SystemConfig(14549): Ignore shared library zxing.jar: /system/framework/zxing.jar does not exist
03-01 16:10:26.925 I/SystemConfig(14549): Ignore shared library android-support-v4.jar: /system_ext/framework/android-support-v13.jar does not exist
03-01 16:10:26.925 I/SystemConfig(14549): Ignore shared library android-support-v7-recyclerview.jar: /system/framework/android-support-v7-recyclerview.jar does not exist
03-01 16:10:26.925 I/SystemConfig(14549): Ignore shared library android-support-v13.jar: /system_ext/framework/android-support-v13.jar does not exist
03-01 16:10:26.925 I/SystemConfig(14549): Ignore shared library volley.jar: /system/framework/volley.jar does not exist
03-01 16:10:26.925 I/SystemConfig(14549): Ignore shared library picasso.jar: /system/framework/picasso.jar does not exist
03-01 16:10:26.925 I/SystemConfig(14549): Ignore shared library miui-push.jar: /system/framework/miuipushsdkshared.jar does not exist
03-01 16:10:26.925 I/SystemConfig(14549): Ignore shared library miui-stat.jar: /system/framework/miuistatssdkshared.jar does not exist
03-01 16:10:26.925 I/SystemConfig(14549): Ignore shared library miui-stat-v3.jar: /system/framework/miuistatssdksharedv3.jar does not exist
03-01 16:10:26.925 I/SystemConfig(14549): Ignore shared library eventbus.jar: /system/framework/eventbus.jar does not exist
03-01 16:10:26.925 I/SystemConfig(14549): Ignore shared library global-miui11-empty.jar: /system/framework/global-miui11-empty.jar does not exist
03-01 16:10:26.925 I/SystemConfig(14549): Ignore shared library global-miui12-empty.jar: /system/framework/global-miui12-empty.jar does not exist
03-01 16:10:26.925 I/SystemConfig(14549): Reading permissions from /system_ext/etc/permissions/privapp-permissions-com.beyondGnssService.location.xml
03-01 16:10:26.926 I/SystemConfig(14549): Reading permissions from /system_ext/etc/permissions/privapp-permissions-com.qualcomm.location.xml
03-01 16:10:26.926 I/SystemConfig(14549): Reading permissions from /system_ext/etc/permissions/privapp-permissions-com.quicinc.voice.activation.xml
03-01 16:10:26.926 I/SystemConfig(14549): Reading permissions from /system_ext/etc/permissions/privapp-permissions-google-system-ext.xml
